
                           Design Compiler Graphical 
                                 DC Ultra (TM)
                                  DFTMAX (TM)
                              Power Compiler (TM)
                                 DesignWare (R)
                                 DC Expert (TM)
                               Design Vision (TM)
                               HDL Compiler (TM)
                               VHDL Compiler (TM)
                                  DFT Compiler
                               Design Compiler(R)

               Version O-2018.06-SP1 for linux64 - Jul 19, 2018 

                    Copyright (c) 1988 - 2018 Synopsys, Inc.
   This software and the associated documentation are proprietary to Synopsys,
 Inc. This software may only be used in accordance with the terms and conditions
 of a written license agreement with Synopsys, Inc. All other use, reproduction,
            or distribution of this software is strictly prohibited.
Initializing...
Initializing gui preferences from file  /home/ICer/.synopsys_dv_prefs.tcl
design_vision> 4.1
design_vision> read_file -format verilog {/home/ICer/Sawy/Synthesis/Assignments/Session_1/Ass_Syn_1.0/syn/Down_Counter.v}
Loading db file '/home/ICer/Sawy/Synthesis/Assignments/Session_1/Ass_Syn_1.0/std_cells/scmetro_tsmc_cl013g_rvt_tt_1p2v_25c.db'
Loading db file '/home/synopsys/syn/O-2018.06-SP1/libraries/syn/gtech.db'
Loading db file '/home/synopsys/syn/O-2018.06-SP1/libraries/syn/standard.sldb'
  Loading link library 'scmetro_tsmc_cl013g_rvt_tt_1p2v_25c'
  Loading link library 'gtech'
Loading verilog file '/home/ICer/Sawy/Synthesis/Assignments/Session_1/Ass_Syn_1.0/syn/Down_Counter.v'
Detecting input file type automatically (-rtl or -netlist).
Running DC verilog reader
Performing 'read' command.
Compiling source file /home/ICer/Sawy/Synthesis/Assignments/Session_1/Ass_Syn_1.0/syn/Down_Counter.v
Reading with netlist reader (equivalent to -netlist option).
Verilog netlist reader completed successfully.
Current design is now '/home/ICer/Sawy/Synthesis/Assignments/Session_1/Ass_Syn_1.0/syn/Down_Counter.db:Down_Counter'
Loaded 1 design.
Current design is 'Down_Counter'.
design_vision> Current design is 'Down_Counter'.
link

  Linking design 'Down_Counter'
  Using the following designs and libraries:
  --------------------------------------------------------------------------
  Down_Counter                /home/ICer/Sawy/Synthesis/Assignments/Session_1/Ass_Syn_1.0/syn/Down_Counter.db
  scmetro_tsmc_cl013g_rvt_tt_1p2v_25c (library) /home/ICer/Sawy/Synthesis/Assignments/Session_1/Ass_Syn_1.0/std_cells/scmetro_tsmc_cl013g_rvt_tt_1p2v_25c.db

design_vision> compile -exact_map
Information: Evaluating DesignWare library utilization. (UISN-27)

============================================================================
| DesignWare Building Block Library  |         Version         | Available |
============================================================================
| Basic DW Building Blocks           | O-2018.06-DWBB_201806.1 |     *     |
| Licensed DW Building Blocks        |                         |           |
============================================================================



  Beginning Pass 1 Mapping
  ------------------------
  Processing 'Down_Counter'

  Updating timing information
Information: Updating design information... (UID-85)
Information: Design 'Down_Counter' has no optimization constraints set. (OPT-108)

  Beginning Mapping Optimizations  (Medium effort)
  -------------------------------
  Structuring 'Down_Counter'
  Mapping 'Down_Counter'

                                  TOTAL                                      
   ELAPSED            WORST NEG   SETUP    DESIGN                            
    TIME      AREA      SLACK     COST    RULE COST         ENDPOINT         
  --------- --------- --------- --------- --------- -------------------------
    0:00:01     262.4      0.00       0.0       0.0                          
    0:00:01     262.4      0.00       0.0       0.0                          
    0:00:01     262.4      0.00       0.0       0.0                          
    0:00:01     262.4      0.00       0.0       0.0                          
    0:00:01     262.4      0.00       0.0       0.0                          
    0:00:01     210.6      0.00       0.0       0.0                          
    0:00:01     210.6      0.00       0.0       0.0                          
    0:00:01     210.6      0.00       0.0       0.0                          
    0:00:01     210.6      0.00       0.0       0.0                          
    0:00:01     210.6      0.00       0.0       0.0                          
    0:00:01     210.6      0.00       0.0       0.0                          
    0:00:01     210.6      0.00       0.0       0.0                          
    0:00:01     210.6      0.00       0.0       0.0                          



  Beginning Delay Optimization Phase
  ----------------------------------

                                  TOTAL                                      
   ELAPSED            WORST NEG   SETUP    DESIGN                            
    TIME      AREA      SLACK     COST    RULE COST         ENDPOINT         
  --------- --------- --------- --------- --------- -------------------------
    0:00:01     210.6      0.00       0.0       0.0                          
    0:00:01     210.6      0.00       0.0       0.0                          
    0:00:01     210.6      0.00       0.0       0.0                          


  Beginning Area-Recovery Phase  (cleanup)
  -----------------------------

                                  TOTAL                                      
   ELAPSED            WORST NEG   SETUP    DESIGN                            
    TIME      AREA      SLACK     COST    RULE COST         ENDPOINT         
  --------- --------- --------- --------- --------- -------------------------
    0:00:01     210.6      0.00       0.0       0.0                          
    0:00:01     210.6      0.00       0.0       0.0                          
    0:00:01     210.6      0.00       0.0       0.0                          
    0:00:01     210.6      0.00       0.0       0.0                          
    0:00:01     210.6      0.00       0.0       0.0                          
    0:00:01     210.6      0.00       0.0       0.0                          
    0:00:01     210.6      0.00       0.0       0.0                          
    0:00:01     210.6      0.00       0.0       0.0                          
    0:00:01     210.6      0.00       0.0       0.0                          
    0:00:01     210.6      0.00       0.0       0.0                          
    0:00:01     210.6      0.00       0.0       0.0                          
Loading db file '/home/ICer/Sawy/Synthesis/Assignments/Session_1/Ass_Syn_1.0/std_cells/scmetro_tsmc_cl013g_rvt_tt_1p2v_25c.db'


Note: Symbol # after min delay cost means estimated hold TNS across all active scenarios 


  Optimization Complete
  ---------------------
1
design_vision> Loading db file '/home/synopsys/syn/O-2018.06-SP1/libraries/syn/generic.sdb'
write -hierarchy -format verilog -output /home/ICer/Sawy/Synthesis/Assignments/Session_1/Ass_Syn_1.0/syn/Down_Counter.v
Writing verilog file '/home/ICer/Sawy/Synthesis/Assignments/Session_1/Ass_Syn_1.0/syn/Down_Counter.v'.
design_vision> exit

Memory usage for main task 206 Mbytes.
Memory usage for this session 206 Mbytes.
CPU usage for this session 17 seconds ( 0.00 hours ).

Thank you...
