
                           Design Compiler Graphical 
                                 DC Ultra (TM)
                                  DFTMAX (TM)
                              Power Compiler (TM)
                                 DesignWare (R)
                                 DC Expert (TM)
                               Design Vision (TM)
                               HDL Compiler (TM)
                               VHDL Compiler (TM)
                                  DFT Compiler
                               Design Compiler(R)

               Version O-2018.06-SP1 for linux64 - Jul 19, 2018 

                    Copyright (c) 1988 - 2018 Synopsys, Inc.
   This software and the associated documentation are proprietary to Synopsys,
 Inc. This software may only be used in accordance with the terms and conditions
 of a written license agreement with Synopsys, Inc. All other use, reproduction,
            or distribution of this software is strictly prohibited.
Initializing...
Initializing gui preferences from file  /home/ICer/.synopsys_dv_prefs.tcl
########################### Define Top Module ############################
set top_module alu8_top
alu8_top
##################### Define Working Library Directory ######################
define_design_lib work -path ./work
1
######################## Output Directories Setup ############################
file mkdir results
file mkdir reports
set RESULTS_DIR results
results
set REPORTS_DIR reports
reports
################## Design Compiler Library Files #setup ######################
lappend search_path /home/ICer/Digital-ASIC-Design-Coursework/Assignments/Synthesis/Ass_Syn_3.0_Before_Pipeline/Ass_Syn_3.0/std_cells
. /home/synopsys/syn/O-2018.06-SP1/libraries/syn /home/synopsys/syn/O-2018.06-SP1/minpower/syn /home/synopsys/syn/O-2018.06-SP1/dw/syn_ver /home/synopsys/syn/O-2018.06-SP1/dw/sim_ver /home/ICer/Digital-ASIC-Design-Coursework/Assignments/Synthesis/Ass_Syn_3.0_Before_Pipeline/Ass_Syn_3.0/std_cells
lappend search_path /home/ICer/Digital-ASIC-Design-Coursework/Assignments/Synthesis/Ass_Syn_3.0_Before_Pipeline/Ass_Syn_3.0/rtl
. /home/synopsys/syn/O-2018.06-SP1/libraries/syn /home/synopsys/syn/O-2018.06-SP1/minpower/syn /home/synopsys/syn/O-2018.06-SP1/dw/syn_ver /home/synopsys/syn/O-2018.06-SP1/dw/sim_ver /home/ICer/Digital-ASIC-Design-Coursework/Assignments/Synthesis/Ass_Syn_3.0_Before_Pipeline/Ass_Syn_3.0/std_cells /home/ICer/Digital-ASIC-Design-Coursework/Assignments/Synthesis/Ass_Syn_3.0_Before_Pipeline/Ass_Syn_3.0/rtl
set SSLIB "scmetro_tsmc_cl013g_rvt_ss_1p08v_125c.db"
scmetro_tsmc_cl013g_rvt_ss_1p08v_125c.db
set TTLIB "scmetro_tsmc_cl013g_rvt_tt_1p2v_25c.db"
scmetro_tsmc_cl013g_rvt_tt_1p2v_25c.db
set FFLIB "scmetro_tsmc_cl013g_rvt_ff_1p32v_m40c.db"
scmetro_tsmc_cl013g_rvt_ff_1p32v_m40c.db
## Standard Cell libraries
set target_library [list $SSLIB $TTLIB $FFLIB]
scmetro_tsmc_cl013g_rvt_ss_1p08v_125c.db scmetro_tsmc_cl013g_rvt_tt_1p2v_25c.db scmetro_tsmc_cl013g_rvt_ff_1p32v_m40c.db
## Standard Cell & Hard Macros libraries
set link_library [list * $SSLIB $TTLIB $FFLIB]
* scmetro_tsmc_cl013g_rvt_ss_1p08v_125c.db scmetro_tsmc_cl013g_rvt_tt_1p2v_25c.db scmetro_tsmc_cl013g_rvt_ff_1p32v_m40c.db
#echo "###############################################"
#echo "############# Reading RTL Files  ##############"
#echo "###############################################"
set file_format verilog
verilog
read_file -format $file_format alu8_top.v
Loading db file '/home/ICer/Digital-ASIC-Design-Coursework/Assignments/Synthesis/Ass_Syn_3.0_Before_Pipeline/Ass_Syn_3.0/std_cells/scmetro_tsmc_cl013g_rvt_ss_1p08v_125c.db'
Loading db file '/home/ICer/Digital-ASIC-Design-Coursework/Assignments/Synthesis/Ass_Syn_3.0_Before_Pipeline/Ass_Syn_3.0/std_cells/scmetro_tsmc_cl013g_rvt_tt_1p2v_25c.db'
Loading db file '/home/ICer/Digital-ASIC-Design-Coursework/Assignments/Synthesis/Ass_Syn_3.0_Before_Pipeline/Ass_Syn_3.0/std_cells/scmetro_tsmc_cl013g_rvt_ff_1p32v_m40c.db'
Loading db file '/home/synopsys/syn/O-2018.06-SP1/libraries/syn/gtech.db'
Loading db file '/home/synopsys/syn/O-2018.06-SP1/libraries/syn/standard.sldb'
  Loading link library 'scmetro_tsmc_cl013g_rvt_ss_1p08v_125c'
  Loading link library 'scmetro_tsmc_cl013g_rvt_tt_1p2v_25c'
  Loading link library 'scmetro_tsmc_cl013g_rvt_ff_1p32v_m40c'
  Loading link library 'gtech'
Loading verilog file '/home/ICer/Digital-ASIC-Design-Coursework/Assignments/Synthesis/Ass_Syn_3.0_Before_Pipeline/Ass_Syn_3.0/rtl/alu8_top.v'
Detecting input file type automatically (-rtl or -netlist).
Reading with Presto HDL Compiler (equivalent to -rtl option).
Running PRESTO HDLC
Compiling source file /home/ICer/Digital-ASIC-Design-Coursework/Assignments/Synthesis/Ass_Syn_3.0_Before_Pipeline/Ass_Syn_3.0/rtl/alu8_top.v
Presto compilation completed successfully.
Current design is now '/home/ICer/Digital-ASIC-Design-Coursework/Assignments/Synthesis/Ass_Syn_3.0_Before_Pipeline/Ass_Syn_3.0/rtl/alu8_top.db:alu8_top'
Loaded 1 design.
Current design is 'alu8_top'.
alu8_top
read_file -format $file_format add_unit.v
Loading verilog file '/home/ICer/Digital-ASIC-Design-Coursework/Assignments/Synthesis/Ass_Syn_3.0_Before_Pipeline/Ass_Syn_3.0/rtl/add_unit.v'
Detecting input file type automatically (-rtl or -netlist).
Reading with Presto HDL Compiler (equivalent to -rtl option).
Running PRESTO HDLC
Compiling source file /home/ICer/Digital-ASIC-Design-Coursework/Assignments/Synthesis/Ass_Syn_3.0_Before_Pipeline/Ass_Syn_3.0/rtl/add_unit.v

Inferred memory devices in process
	in routine add_unit line 19 in file
		'/home/ICer/Digital-ASIC-Design-Coursework/Assignments/Synthesis/Ass_Syn_3.0_Before_Pipeline/Ass_Syn_3.0/rtl/add_unit.v'.
===============================================================================
|    Register Name    |   Type    | Width | Bus | MB | AR | AS | SR | SS | ST |
===============================================================================
|     en_reg_reg      | Flip-flop |   1   |  N  | N  | Y  | N  | N  | N  | N  |
===============================================================================

Inferred memory devices in process
	in routine add_unit line 36 in file
		'/home/ICer/Digital-ASIC-Design-Coursework/Assignments/Synthesis/Ass_Syn_3.0_Before_Pipeline/Ass_Syn_3.0/rtl/add_unit.v'.
===============================================================================
|    Register Name    |   Type    | Width | Bus | MB | AR | AS | SR | SS | ST |
===============================================================================
|      valid_reg      | Flip-flop |   1   |  N  | N  | Y  | N  | N  | N  | N  |
|      cout_reg       | Flip-flop |   1   |  N  | N  | Y  | N  | N  | N  | N  |
|       sum_reg       | Flip-flop |   8   |  Y  | N  | Y  | N  | N  | N  | N  |
===============================================================================
Presto compilation completed successfully.
Current design is now '/home/ICer/Digital-ASIC-Design-Coursework/Assignments/Synthesis/Ass_Syn_3.0_Before_Pipeline/Ass_Syn_3.0/rtl/add_unit.db:add_unit'
Loaded 1 design.
Current design is 'add_unit'.
add_unit
read_file -format $file_format mult_unit.v
Loading verilog file '/home/ICer/Digital-ASIC-Design-Coursework/Assignments/Synthesis/Ass_Syn_3.0_Before_Pipeline/Ass_Syn_3.0/rtl/mult_unit.v'
Detecting input file type automatically (-rtl or -netlist).
Reading with Presto HDL Compiler (equivalent to -rtl option).
Running PRESTO HDLC
Compiling source file /home/ICer/Digital-ASIC-Design-Coursework/Assignments/Synthesis/Ass_Syn_3.0_Before_Pipeline/Ass_Syn_3.0/rtl/mult_unit.v

Inferred memory devices in process
	in routine mult_unit line 18 in file
		'/home/ICer/Digital-ASIC-Design-Coursework/Assignments/Synthesis/Ass_Syn_3.0_Before_Pipeline/Ass_Syn_3.0/rtl/mult_unit.v'.
===============================================================================
|    Register Name    |   Type    | Width | Bus | MB | AR | AS | SR | SS | ST |
===============================================================================
|      b_reg_reg      | Flip-flop |   8   |  Y  | N  | Y  | N  | N  | N  | N  |
|     en_reg_reg      | Flip-flop |   1   |  N  | N  | Y  | N  | N  | N  | N  |
|      a_reg_reg      | Flip-flop |   8   |  Y  | N  | Y  | N  | N  | N  | N  |
===============================================================================

Inferred memory devices in process
	in routine mult_unit line 140 in file
		'/home/ICer/Digital-ASIC-Design-Coursework/Assignments/Synthesis/Ass_Syn_3.0_Before_Pipeline/Ass_Syn_3.0/rtl/mult_unit.v'.
===============================================================================
|    Register Name    |   Type    | Width | Bus | MB | AR | AS | SR | SS | ST |
===============================================================================
|      valid_reg      | Flip-flop |   1   |  N  | N  | Y  | N  | N  | N  | N  |
|     product_reg     | Flip-flop |  16   |  Y  | N  | Y  | N  | N  | N  | N  |
===============================================================================
Presto compilation completed successfully.
Current design is now '/home/ICer/Digital-ASIC-Design-Coursework/Assignments/Synthesis/Ass_Syn_3.0_Before_Pipeline/Ass_Syn_3.0/rtl/mult_unit.db:mult_unit'
Loaded 1 design.
Current design is 'mult_unit'.
mult_unit
###################### Defining toplevel ###################################
current_design $top_module
Current design is 'alu8_top'.
{alu8_top}
#################### Linking All The Design Parts #########################
puts "###############################################"
###############################################
puts "######## Linking All The Design Parts #########"
######## Linking All The Design Parts #########
puts "###############################################"
###############################################
link

  Linking design 'alu8_top'
  Using the following designs and libraries:
  --------------------------------------------------------------------------
  * (3 designs)               /home/ICer/Digital-ASIC-Design-Coursework/Assignments/Synthesis/Ass_Syn_3.0_Before_Pipeline/Ass_Syn_3.0/rtl/alu8_top.db, etc
  scmetro_tsmc_cl013g_rvt_ss_1p08v_125c (library) /home/ICer/Digital-ASIC-Design-Coursework/Assignments/Synthesis/Ass_Syn_3.0_Before_Pipeline/Ass_Syn_3.0/std_cells/scmetro_tsmc_cl013g_rvt_ss_1p08v_125c.db
  scmetro_tsmc_cl013g_rvt_tt_1p2v_25c (library) /home/ICer/Digital-ASIC-Design-Coursework/Assignments/Synthesis/Ass_Syn_3.0_Before_Pipeline/Ass_Syn_3.0/std_cells/scmetro_tsmc_cl013g_rvt_tt_1p2v_25c.db
  scmetro_tsmc_cl013g_rvt_ff_1p32v_m40c (library) /home/ICer/Digital-ASIC-Design-Coursework/Assignments/Synthesis/Ass_Syn_3.0_Before_Pipeline/Ass_Syn_3.0/std_cells/scmetro_tsmc_cl013g_rvt_ff_1p32v_m40c.db

1
#################### Checking Design Consistency ###########################
puts "###############################################"
###############################################
puts "######## checking design consistency ##########"
######## checking design consistency ##########
puts "###############################################"
###############################################
check_design > $REPORTS_DIR/check_design.rpt
############################### Path groups ################################
puts "###############################################"
###############################################
puts "################ Path groups ##################"
################ Path groups ##################
puts "###############################################"
###############################################
group_path -name INREG  -from [all_inputs]
1
group_path -name REGOUT -to   [all_outputs]
1
group_path -name INOUT  -from [all_inputs] -to [all_outputs]
1
#################### Define Design Constraints #########################
puts "###############################################"
###############################################
puts "############ Design Constraints #### ##########"
############ Design Constraints #### ##########
puts "###############################################"
###############################################
source -echo ./cons.tcl
####################################################################################
#########################################################
#### Section 1 : Clock Definition ####
#########################################################
#################################################################################### 
# 1. Master Clock Definitions 
# 2. Generated Clock Definitions
# 3. Clock Latencies
# 4. Clock Uncertainties
# 4. Clock Transitions
####################################################################################
set CLK_NAME MASTER_CLK
set CLK_PER 5.75
set CLK_SETUP_SKEW 0.2
set CLK_HOLD_SKEW 0.1
set CLK_LAT 0
set CLK_RISE 0.05
set CLK_FALL 0.05
create_clock -name $CLK_NAME -period $CLK_PER -waveform "0 [expr $CLK_PER/2]" [get_ports clk]
set_clock_uncertainty -setup $CLK_SETUP_SKEW [get_clocks $CLK_NAME]
set_clock_uncertainty -hold $CLK_HOLD_SKEW  [get_clocks $CLK_NAME]
set_clock_transition -rise $CLK_RISE  [get_clocks $CLK_NAME]
set_clock_transition -fall $CLK_FALL  [get_clocks $CLK_NAME]
set_clock_latency $CLK_LAT [get_clocks $CLK_NAME]
set_dont_touch_network clk
set_dont_touch_network rst_n
####################################################################################
#########################################################
#### Section 3 : set input/output delay on ports ####
set in_delay  [expr 0.2*$CLK_PER]
set out_delay [expr 0.2*$CLK_PER]
#Constrain Input Paths
set_input_delay $in_delay -clock MASTER_CLK [get_port mode]
set_input_delay $in_delay -clock MASTER_CLK [get_port add_en]
set_input_delay $in_delay -clock MASTER_CLK [get_port mul_en]
set_input_delay $in_delay -clock MASTER_CLK [get_port a]
set_input_delay $in_delay -clock MASTER_CLK [get_port b]
#Constrain Output Paths
set_output_delay $out_delay -clock MASTER_CLK [get_port result]
set_output_delay $out_delay -clock MASTER_CLK [get_port valid]
####################################################################################
#########################################################
#### Section 4 : Driving cells ####
#########################################################
####################################################################################
set_driving_cell -library scmetro_tsmc_cl013g_rvt_ss_1p08v_125c -lib_cell BUFX2M -pin Y [get_port mode]
Warning: Design rule attributes from the driving cell will be
	set on the port. (UID-401)
set_driving_cell -library scmetro_tsmc_cl013g_rvt_ss_1p08v_125c -lib_cell BUFX2M -pin Y [get_port add_en]
Warning: Design rule attributes from the driving cell will be
	set on the port. (UID-401)
set_driving_cell -library scmetro_tsmc_cl013g_rvt_ss_1p08v_125c -lib_cell BUFX2M -pin Y [get_port mul_en]
Warning: Design rule attributes from the driving cell will be
	set on the port. (UID-401)
set_driving_cell -library scmetro_tsmc_cl013g_rvt_ss_1p08v_125c -lib_cell BUFX2M -pin Y [get_port a]
Warning: Design rule attributes from the driving cell will be
	set on the port. (UID-401)
Warning: Design rule attributes from the driving cell will be
	set on the port. (UID-401)
Warning: Design rule attributes from the driving cell will be
	set on the port. (UID-401)
Warning: Design rule attributes from the driving cell will be
	set on the port. (UID-401)
Warning: Design rule attributes from the driving cell will be
	set on the port. (UID-401)
Warning: Design rule attributes from the driving cell will be
	set on the port. (UID-401)
Warning: Design rule attributes from the driving cell will be
	set on the port. (UID-401)
Warning: Design rule attributes from the driving cell will be
	set on the port. (UID-401)
set_driving_cell -library scmetro_tsmc_cl013g_rvt_ss_1p08v_125c -lib_cell BUFX2M -pin Y [get_port b]
Warning: Design rule attributes from the driving cell will be
	set on the port. (UID-401)
Warning: Design rule attributes from the driving cell will be
	set on the port. (UID-401)
Warning: Design rule attributes from the driving cell will be
	set on the port. (UID-401)
Warning: Design rule attributes from the driving cell will be
	set on the port. (UID-401)
Warning: Design rule attributes from the driving cell will be
	set on the port. (UID-401)
Warning: Design rule attributes from the driving cell will be
	set on the port. (UID-401)
Warning: Design rule attributes from the driving cell will be
	set on the port. (UID-401)
Warning: Design rule attributes from the driving cell will be
	set on the port. (UID-401)
####################################################################################
#########################################################
#### Section 5 : Output load ####
#########################################################
####################################################################################
set_load 0.5 [get_port result]
set_load 0.5 [get_port valid]
####################################################################################
#########################################################
#### Section 6 : Operating Condition ####
#########################################################
####################################################################################
# Define the Worst Library for Max(#setup) analysis
# Define the Best Library for Min(hold) analysis
set_operating_conditions -min_library "scmetro_tsmc_cl013g_rvt_ff_1p32v_m40c"                          -min "scmetro_tsmc_cl013g_rvt_ff_1p32v_m40c" 						 -max_library "scmetro_tsmc_cl013g_rvt_ss_1p08v_125c" 						 -max "scmetro_tsmc_cl013g_rvt_ss_1p08v_125c"
Using operating conditions 'scmetro_tsmc_cl013g_rvt_ss_1p08v_125c' found in library 'scmetro_tsmc_cl013g_rvt_ss_1p08v_125c'.
Using operating conditions 'scmetro_tsmc_cl013g_rvt_ff_1p32v_m40c' found in library 'scmetro_tsmc_cl013g_rvt_ff_1p32v_m40c'.
####################################################################################
#########################################################
#### Section 7 : wireload Model ####
#########################################################
####################################################################################
set_wire_load_model -name tsmc13_wl30 -library scmetro_tsmc_cl013g_rvt_ss_1p08v_125c
1
###################### Mapping and optimization ########################
puts "###############################################"
###############################################
puts "########## Mapping & Optimization #############"
########## Mapping & Optimization #############
puts "###############################################"
###############################################
compile -map_effort high
Information: Evaluating DesignWare library utilization. (UISN-27)

============================================================================
| DesignWare Building Block Library  |         Version         | Available |
============================================================================
| Basic DW Building Blocks           | O-2018.06-DWBB_201806.1 |     *     |
| Licensed DW Building Blocks        |                         |           |
============================================================================


Warning: Operating condition scmetro_tsmc_cl013g_rvt_ss_1p08v_125c set on design alu8_top has different process,
voltage and temperatures parameters than the parameters at which target library 
scmetro_tsmc_cl013g_rvt_tt_1p2v_25c is characterized. Delays may be inaccurate as a result. (OPT-998)

  Beginning Pass 1 Mapping
  ------------------------
  Processing 'mult_unit'
  Processing 'add_unit'
  Processing 'alu8_top'

  Updating timing information
Information: Updating design information... (UID-85)

  Beginning Implementation Selection
  ----------------------------------
  Processing 'add_unit_DW01_add_0'
  Processing 'mult_unit_DW01_add_0'
  Processing 'mult_unit_DW01_add_1'
  Processing 'mult_unit_DW01_add_2'
  Processing 'mult_unit_DW01_add_3'
  Processing 'mult_unit_DW01_add_4'
  Processing 'mult_unit_DW01_add_5'
  Processing 'mult_unit_DW01_add_6'

  Beginning Mapping Optimizations  (High effort)
  -------------------------------
Loading db file '/home/ICer/Digital-ASIC-Design-Coursework/Assignments/Synthesis/Ass_Syn_3.0_Before_Pipeline/Ass_Syn_3.0/std_cells/scmetro_tsmc_cl013g_rvt_tt_1p2v_25c.db'
Loading db file '/home/ICer/Digital-ASIC-Design-Coursework/Assignments/Synthesis/Ass_Syn_3.0_Before_Pipeline/Ass_Syn_3.0/std_cells/scmetro_tsmc_cl013g_rvt_ff_1p32v_m40c.db'
  Mapping Optimization (Phase 1)
  Mapping Optimization (Phase 2)
  Mapping Optimization (Phase 3)

                                  TOTAL                                      
   ELAPSED            WORST NEG   SETUP    DESIGN                            
    TIME      AREA      SLACK     COST    RULE COST         ENDPOINT         
  --------- --------- --------- --------- --------- -------------------------
    0:00:07   12231.8      1.39       9.8       0.0                          
    0:00:07   12260.0      1.42      14.2       0.0                          
    0:00:07   12260.0      1.42      14.2       0.0                          
    0:00:07   12247.1      1.42      14.2       0.3                          
    0:00:07   12247.1      1.42      14.2       0.3                          
    0:00:07    8707.6      6.20      46.3       0.3                          
    0:00:07    9297.1      4.79      38.1       0.3                          
    0:00:07    9103.0      4.45      42.6       0.3                          
    0:00:07    9192.4      4.01      41.1       0.3                          
    0:00:07    9386.5      3.62      38.0       0.3                          
    0:00:07    9527.7      3.42      34.6       0.3                          
    0:00:08    9494.8      3.57      39.5       0.3                          
    0:00:08    9593.6      3.09      31.9       0.3                          
    0:00:08    9608.9      3.02      29.6       0.3                          
    0:00:08    9724.2      4.07      33.6       0.3                          
    0:00:08    9940.8      3.13      25.9       0.3                          
    0:00:08   10014.9      2.92      24.9       0.3                          
    0:00:08   10025.5      2.89      24.8       0.3                          
    0:00:08   10132.6      2.62      23.6       0.3                          
    0:00:08   10269.1      2.61      22.9       0.3                          
    0:00:08   10379.7      2.53      22.1       0.3                          
    0:00:08   10426.7      2.41      21.9       0.3                          
    0:00:08   10426.7      2.41      21.9       0.3                          
    0:00:08   10426.7      2.41      21.9       0.3                          
    0:00:08   10426.7      2.41      21.9       0.3                          
    0:00:08   10430.3      2.41      21.9       0.0                          
    0:00:08   10430.3      2.41      21.9       0.0                          
    0:00:08   10430.3      2.41      21.9       0.0                          
    0:00:08   10430.3      2.41      21.9       0.0                          
    0:00:08   10836.2      1.59      14.2       0.0 u_mul/product_reg[15]/D  
    0:00:08   11181.0      1.39      12.5       0.0 u_mul/product_reg[15]/D  
    0:00:08   11232.8      1.34      11.8       0.0                          



  Beginning Delay Optimization Phase
  ----------------------------------

                                  TOTAL                                      
   ELAPSED            WORST NEG   SETUP    DESIGN                            
    TIME      AREA      SLACK     COST    RULE COST         ENDPOINT         
  --------- --------- --------- --------- --------- -------------------------
    0:00:08   11232.8      1.34      11.8       0.0                          
    0:00:09   11643.4      1.15       8.9       0.0 u_mul/product_reg[15]/D  
    0:00:09   11643.4      1.03       8.3       0.2 u_mul/product_reg[15]/D  
    0:00:09   11692.9      1.01       8.6       0.4 u_mul/product_reg[15]/D  
    0:00:09   11764.6      0.98       8.1       0.2 u_mul/product_reg[14]/D  
    0:00:09   11887.0      0.94       7.6       0.2 u_mul/product_reg[15]/D  
    0:00:09   12025.9      0.89       6.7       0.2 u_mul/product_reg[14]/D  
    0:00:09   12031.8      0.88       7.0       0.2 u_mul/product_reg[14]/D  
    0:00:09   12092.9      0.86       6.9       0.2 u_mul/product_reg[15]/D  
    0:00:09   12142.4      0.86       6.9       0.2 u_mul/product_reg[15]/D  
    0:00:09   12208.3      0.84       7.0       0.5 u_mul/product_reg[15]/D  
    0:00:09   12223.6      0.83       6.9       0.6 u_mul/product_reg[14]/D  
    0:00:09   12277.7      0.82       6.8       0.6 u_mul/product_reg[15]/D  
    0:00:09   12264.7      0.81       6.8       0.6 u_mul/product_reg[15]/D  
    0:00:10   12268.3      0.81       6.7       0.6 u_mul/product_reg[15]/D  
    0:00:10   12230.6      0.76       6.4       0.6 u_mul/product_reg[15]/D  
    0:00:10   12385.9      0.68       5.5       0.6 u_mul/product_reg[14]/D  
    0:00:10   12430.7      0.66       5.3       0.6 u_mul/product_reg[15]/D  
    0:00:10   12460.1      0.65       5.2       0.6 u_mul/product_reg[14]/D  
    0:00:10   12551.9      0.63       5.1       0.6 u_mul/product_reg[15]/D  
    0:00:10   12503.6      0.61       4.8       0.6 u_mul/product_reg[15]/D  
    0:00:10   12707.2      0.57       4.2       0.3 u_mul/product_reg[15]/D  
    0:00:10   12747.2      0.56       4.1       0.3 u_mul/product_reg[15]/D  
    0:00:10   12782.5      0.54       3.9       0.3 u_mul/product_reg[15]/D  
    0:00:10   12854.3      0.52       3.8       0.3 u_mul/product_reg[15]/D  
    0:00:10   12873.1      0.49       3.5       1.1 u_mul/product_reg[15]/D  
    0:00:10   12969.6      0.48       3.4       1.1 u_mul/product_reg[15]/D  
    0:00:10   13000.2      0.47       3.3       1.4 u_mul/product_reg[15]/D  
    0:00:10   13006.1      0.46       3.2       1.4 u_mul/product_reg[15]/D  
    0:00:11   13020.2      0.44       3.1       1.4 u_mul/product_reg[15]/D  
    0:00:11   13026.1      0.44       3.1       1.4 u_mul/product_reg[15]/D  
    0:00:11   13110.8      0.43       3.0       1.4 u_mul/product_reg[15]/D  
    0:00:11   13114.3      0.43       3.0       1.4 u_mul/product_reg[15]/D  
    0:00:11   13164.9      0.42       2.9       1.1 u_mul/product_reg[15]/D  
    0:00:11   13164.9      0.41       2.8       1.1 u_mul/product_reg[15]/D  
    0:00:11   13193.2      0.40       2.7       1.1 u_mul/product_reg[15]/D  
    0:00:11   13209.6      0.39       2.6       1.1 u_mul/product_reg[15]/D  
    0:00:11   13236.7      0.38       2.6       1.1 u_mul/product_reg[14]/D  
    0:00:11   13282.6      0.36       2.4       1.1 u_mul/product_reg[15]/D  
    0:00:11   13281.4      0.35       2.4       1.1 u_mul/product_reg[14]/D  
    0:00:11   13259.1      0.35       2.4       1.1 u_mul/product_reg[15]/D  
    0:00:11   13243.8      0.34       2.3       1.1 u_mul/product_reg[15]/D  
    0:00:11   13281.4      0.34       2.3       1.1 u_mul/product_reg[14]/D  
    0:00:11   13330.8      0.33       2.3       1.1 u_mul/product_reg[14]/D  
    0:00:12   13335.5      0.33       2.2       1.1 u_mul/product_reg[15]/D  
    0:00:12   13369.7      0.33       2.1       1.1 u_mul/product_reg[15]/D  
    0:00:12   13392.0      0.32       2.1       1.1 u_mul/product_reg[14]/D  
    0:00:12   13382.6      0.31       2.0       1.1 u_mul/product_reg[14]/D  
    0:00:12   13459.1      0.30       2.1       1.1 u_mul/product_reg[14]/D  
    0:00:12   13432.0      0.30       2.1       1.1 u_mul/product_reg[15]/D  
    0:00:12   13472.0      0.29       2.0       1.1 u_mul/product_reg[14]/D  
    0:00:12   13489.7      0.28       1.9       1.2 u_mul/product_reg[14]/D  
    0:00:12   13485.0      0.27       1.9       1.2 u_mul/product_reg[15]/D  
    0:00:12   13454.4      0.26       1.6       1.2 u_mul/product_reg[15]/D  
    0:00:12   13450.9      0.26       1.6       1.2 u_mul/product_reg[15]/D  
    0:00:12   13470.9      0.26       1.6       1.2 u_mul/product_reg[15]/D  
    0:00:12   13509.7      0.25       1.6       1.2 u_mul/product_reg[15]/D  
    0:00:12   13553.2      0.25       1.5       1.2 u_mul/product_reg[15]/D  
    0:00:13   13676.8      0.22       1.4       1.2 u_mul/product_reg[15]/D  
    0:00:13   13632.1      0.22       1.3       1.2 u_mul/product_reg[15]/D  
    0:00:13   13670.9      0.21       1.2       1.2 u_mul/product_reg[15]/D  
    0:00:13   13666.2      0.21       1.2       1.2 u_mul/product_reg[15]/D  
    0:00:13   13712.1      0.20       1.2       1.3 u_mul/product_reg[15]/D  
    0:00:13   13726.2      0.19       1.1       1.2 u_mul/product_reg[15]/D  
    0:00:13   13741.5      0.18       1.1       1.2 u_mul/product_reg[15]/D  
    0:00:13   13768.6      0.17       1.0       1.2 u_mul/product_reg[15]/D  
    0:00:13   13789.7      0.17       1.0       1.2 u_mul/product_reg[15]/D  
    0:00:13   13795.6      0.16       0.9       1.2 u_mul/product_reg[15]/D  
    0:00:13   13779.2      0.16       0.8       1.2 u_mul/product_reg[15]/D  
    0:00:13   13806.2      0.16       0.8       1.2 u_mul/product_reg[15]/D  
    0:00:13   13775.6      0.15       0.7       1.2 u_mul/product_reg[15]/D  
    0:00:13   13736.8      0.15       0.7       1.2 u_mul/product_reg[15]/D  
    0:00:14   13769.7      0.15       0.7       1.2 u_mul/product_reg[15]/D  
    0:00:14   13780.3      0.14       0.7       1.2 u_mul/product_reg[15]/D  
    0:00:14   13869.8      0.14       0.7       1.2 u_mul/product_reg[15]/D  
    0:00:14   13856.8      0.14       0.6       1.2 u_mul/product_reg[15]/D  
    0:00:14   13836.8      0.13       0.5       1.5 u_mul/product_reg[15]/D  
    0:00:14   13839.2      0.12       0.5       1.5 u_mul/product_reg[14]/D  
    0:00:14   13888.6      0.10       0.4       1.5 u_mul/product_reg[15]/D  
    0:00:14   13896.8      0.10       0.4       1.5 u_mul/product_reg[15]/D  
    0:00:14   13906.2      0.09       0.4       1.5 u_mul/product_reg[15]/D  
    0:00:14   13839.2      0.09       0.4       1.5 u_mul/product_reg[15]/D  
    0:00:14   13898.0      0.09       0.4       1.5 u_mul/product_reg[15]/D  
    0:00:14   13963.9      0.08       0.3       1.5 u_mul/product_reg[15]/D  
    0:00:14   14027.4      0.07       0.4       2.8 u_mul/product_reg[14]/D  
    0:00:14   13956.8      0.06       0.3       2.8 u_mul/product_reg[14]/D  
    0:00:15   14033.3      0.05       0.2       2.8 u_mul/product_reg[15]/D  
    0:00:15   14011.0      0.04       0.2       2.8 u_mul/product_reg[14]/D  
    0:00:15   14086.3      0.04       0.2       2.8 u_mul/product_reg[14]/D  
    0:00:15   14087.5      0.03       0.1       2.8 u_mul/product_reg[14]/D  
    0:00:15   14073.3      0.03       0.1       2.8 u_mul/product_reg[14]/D  
    0:00:15   14038.0      0.03       0.1       2.8 u_mul/product_reg[14]/D  
    0:00:15   14026.3      0.03       0.1       2.8 u_mul/product_reg[15]/D  
    0:00:15   14021.6      0.02       0.1       2.8 u_mul/product_reg[15]/D  
    0:00:15   14007.4      0.02       0.1       2.8 u_mul/product_reg[15]/D  
    0:00:16   14021.6      0.02       0.1       2.8                          
    0:00:16   14016.9      0.02       0.0       2.8 u_mul/product_reg[15]/D  
    0:00:16   13969.8      0.01       0.0       2.8 u_mul/product_reg[15]/D  
    0:00:16   13976.8      0.01       0.0       2.8 u_mul/product_reg[15]/D  
    0:00:16   13961.5      0.01       0.0       2.8 u_mul/product_reg[15]/D  
    0:00:16   13953.3      0.00       0.0       2.8 u_mul/product_reg[15]/D  
    0:00:16   13945.1      0.00       0.0       2.8                          
    0:00:16   13945.1      0.00       0.0       2.8                          


  Beginning Design Rule Fixing  (max_transition)  (max_capacitance)
  ----------------------------

                                  TOTAL                                      
   ELAPSED            WORST NEG   SETUP    DESIGN                            
    TIME      AREA      SLACK     COST    RULE COST         ENDPOINT         
  --------- --------- --------- --------- --------- -------------------------
    0:00:16   13945.1      0.00       0.0       2.8                          
    0:00:16   13953.3      0.00       0.0       0.0                          


  Beginning Area-Recovery Phase  (cleanup)
  -----------------------------

                                  TOTAL                                      
   ELAPSED            WORST NEG   SETUP    DESIGN                            
    TIME      AREA      SLACK     COST    RULE COST         ENDPOINT         
  --------- --------- --------- --------- --------- -------------------------
    0:00:16   13953.3      0.00       0.0       0.0                          
    0:00:16   13953.3      0.00       0.0       0.0                          
    0:00:16   13233.2      0.03       0.1       0.0                          
    0:00:16   13093.1      0.04       0.1       0.0                          
    0:00:16   13093.1      0.04       0.1       0.0                          
    0:00:16   13093.1      0.04       0.1       0.0                          
    0:00:16   13093.1      0.04       0.1       0.0                          
    0:00:17   13092.0      0.01       0.0       0.0                          
    0:00:17   13113.1      0.01       0.0       0.0                          
    0:00:17   13113.1      0.01       0.0       0.0                          
    0:00:17   12241.2      1.83      12.0       0.0                          
    0:00:17   12077.6      1.81      11.9       0.0                          
    0:00:17   12021.2      1.81      11.9       0.0                          
    0:00:17   12021.2      1.81      11.9       0.0                          
    0:00:17   12021.2      1.81      11.9       0.0                          
    0:00:17   12021.2      1.81      11.9       0.0                          
    0:00:17   12021.2      1.81      11.9       0.0                          
    0:00:17   12021.2      1.81      11.9       0.0                          
    0:00:17   12527.1      0.90       3.0       0.0 u_mul/product_reg[15]/D  
    0:00:17   12696.6      0.90       2.7       0.0 u_mul/product_reg[15]/D  
    0:00:17   12955.5      0.90       2.5       0.0 u_mul/product_reg[15]/D  
    0:00:17   13134.3      0.02       0.1       0.0 u_mul/product_reg[15]/D  
    0:00:17   13123.7      0.01       0.0       0.0 u_mul/product_reg[15]/D  
    0:00:18   13166.1      0.01       0.0       0.0 u_mul/product_reg[15]/D  
    0:00:18   13161.4      0.00       0.0       0.0 u_mul/product_reg[15]/D  
    0:00:18   13164.9      0.00       0.0       0.0                          
Loading db file '/home/ICer/Digital-ASIC-Design-Coursework/Assignments/Synthesis/Ass_Syn_3.0_Before_Pipeline/Ass_Syn_3.0/std_cells/scmetro_tsmc_cl013g_rvt_ss_1p08v_125c.db'


Note: Symbol # after min delay cost means estimated hold TNS across all active scenarios 


  Optimization Complete
  ---------------------
1
#############################################################################
# Write out Design after initial compile
# All synthesized design outputs (netlist, ddc db, sdc, sdf) go into
# $RESULTS_DIR so they're kept separate from the text reports below.
#############################################################################
puts "###############################################"
###############################################
puts "########## Writing Design to results/ ##########"
########## Writing Design to results/ ##########
puts "###############################################"
###############################################
write_file -format verilog -hierarchy -output $RESULTS_DIR/ALU_TOP.v
Writing verilog file '/mnt/hgfs/Digital-ASIC-Design-Coursework/Assignments/Synthesis/Ass_Syn_3.0_Before_Pipeline/Ass_Syn_3.0/syn/results/ALU_TOP.v'.
Warning: Verilog 'assign' or 'tran' statements are written out. (VO-4)
1
write_file -format ddc     -hierarchy -output $RESULTS_DIR/ALU_TOP.ddc
Writing ddc file 'results/ALU_TOP.ddc'.
1
write_sdc  -nosplit $RESULTS_DIR/ALU_TOP.sdc
1
write_sdf           $RESULTS_DIR/ALU_TOP.sdf
Information: Annotated 'cell' delays are assumed to include load delay. (UID-282)
Information: Writing timing information to file '/mnt/hgfs/Digital-ASIC-Design-Coursework/Assignments/Synthesis/Ass_Syn_3.0_Before_Pipeline/Ass_Syn_3.0/syn/results/ALU_TOP.sdf'. (WT-3)
Information: Updating design information... (UID-85)
1
################# reporting #######################
# All analysis/QoR reports go into $REPORTS_DIR, grouped by category
# (area, power, timing min/max, clocks, constraint violations).
#####################################################
puts "###############################################"
###############################################
puts "############## Writing Reports #################"
############## Writing Reports #################
puts "###############################################"
###############################################
report_area                                    -hierarchy   > $REPORTS_DIR/area.rpt
report_power                                   -hierarchy   > $REPORTS_DIR/power.rpt
report_timing -max_paths 100 -delay_type min                > $REPORTS_DIR/hold.rpt
report_timing -max_paths 100 -delay_type max                > $REPORTS_DIR/setup.rpt
report_clock  -attributes                                   > $REPORTS_DIR/clocks.rpt
report_constraint -all_violators                            > $REPORTS_DIR/constraints.rpt
################# starting graphical user interface #######################
#gui_start
exit

Memory usage for main task 272 Mbytes.
Memory usage for this session 272 Mbytes.
CPU usage for this session 19 seconds ( 0.01 hours ).

Thank you...
