Loading db file '/home/ICer/Shared_Folder/Synthesis/Assignments/Ass_Syn_2.0/std_cells/scmetro_tsmc_cl013g_rvt_ss_1p08v_125c.db'
Information: Propagating switching activity (low effort zero delay simulation). (PWR-6)
Warning: Design has unannotated primary inputs. (PWR-414)
Warning: Design has unannotated sequential cell outputs. (PWR-415)
 
****************************************
Report : power
        -hier
        -analysis_effort low
Design : UART_TX_TOP
Version: O-2018.06-SP1
Date   : Sun Sep  6 10:07:55 2026
****************************************


Library(s) Used:

    scmetro_tsmc_cl013g_rvt_ss_1p08v_125c (File: /home/ICer/Shared_Folder/Synthesis/Assignments/Ass_Syn_2.0/std_cells/scmetro_tsmc_cl013g_rvt_ss_1p08v_125c.db)


Operating Conditions: scmetro_tsmc_cl013g_rvt_ss_1p08v_125c   Library: scmetro_tsmc_cl013g_rvt_ss_1p08v_125c
Wire Load Model Mode: top

Design        Wire Load Model            Library
------------------------------------------------
UART_TX_TOP            tsmc13_wl30       scmetro_tsmc_cl013g_rvt_ss_1p08v_125c


Global Operating Voltage = 1.08 
Power-specific unit information :
    Voltage Units = 1V
    Capacitance Units = 1.000000pf
    Time Units = 1ns
    Dynamic Power Units = 1mW    (derived from V,C,T units)
    Leakage Power Units = 1pW


--------------------------------------------------------------------------------
                                       Switch   Int      Leak     Total
Hierarchy                              Power    Power    Power    Power    %
--------------------------------------------------------------------------------
UART_TX_TOP                            5.50e-05 4.46e-05 5.52e+05 6.51e-04 100.0
  Mux_4X1_BLock (Mux_4X1)              8.83e-06 6.71e-07 2.55e+04 3.50e-05   5.4
  Parity_Calc_Block (Parity_Calc)      4.99e-06 4.72e-06 1.02e+05 1.11e-04  17.1
  Serializer_Block (Serializer)        3.03e-05 3.09e-05 2.97e+05 3.58e-04  55.0
  FSM_Block (UART_TX_FSM)              1.09e-05 8.25e-06 1.27e+05 1.47e-04  22.5
1
