#! /c/Source/iverilog-install/bin/vvp
:ivl_version "12.0 (devel)" "(s20150603-1539-g2693dd32b)";
:ivl_delay_selection "TYPICAL";
:vpi_time_precision + 0;
:vpi_module "D:\iverilog\iverilog\lib\ivl\system.vpi";
:vpi_module "D:\iverilog\iverilog\lib\ivl\vhdl_sys.vpi";
:vpi_module "D:\iverilog\iverilog\lib\ivl\vhdl_textio.vpi";
:vpi_module "D:\iverilog\iverilog\lib\ivl\v2005_math.vpi";
:vpi_module "D:\iverilog\iverilog\lib\ivl\va_math.vpi";
S_000001d7b8e82d20 .scope module, "ALU" "ALU" 2 1;
 .timescale 0 0;
    .port_info 0 /INPUT 16 "A";
    .port_info 1 /INPUT 16 "B";
    .port_info 2 /INPUT 4 "ALU_FUN";
    .port_info 3 /INPUT 1 "CLK";
    .port_info 4 /OUTPUT 16 "ALU_OUT";
    .port_info 5 /OUTPUT 1 "Carry_Flag";
    .port_info 6 /OUTPUT 1 "Arith_Flag";
    .port_info 7 /OUTPUT 1 "Logic_Flag";
    .port_info 8 /OUTPUT 1 "CMP_Flag";
    .port_info 9 /OUTPUT 1 "Shift_Flag";
L_000001d7b8eabd20 .functor AND 1, L_000001d7b8f14ba0, L_000001d7b8f14ec0, C4<1>, C4<1>;
L_000001d7b8eabee0 .functor AND 1, L_000001d7b8f14e20, L_000001d7b8f14f60, C4<1>, C4<1>;
L_000001d7b8f16500 .functor AND 1, L_000001d7b8f14600, L_000001d7b8f150a0, C4<1>, C4<1>;
L_000001d7b8f16650 .functor AND 1, L_000001d7b8f16500, L_000001d7b8f14740, C4<1>, C4<1>;
L_000001d7b8f16dc0 .functor AND 1, L_000001d7b8f16650, L_000001d7b8f18750, C4<1>, C4<1>;
L_000001d7b8f162d0 .functor OR 1, L_000001d7b8eabee0, L_000001d7b8f16dc0, C4<0>, C4<0>;
L_000001d7b8f16ff0 .functor AND 1, L_000001d7b8f17a30, L_000001d7b8f18610, C4<1>, C4<1>;
L_000001d7b8f16f10 .functor AND 1, L_000001d7b8f16ff0, L_000001d7b8f17e90, C4<1>, C4<1>;
L_000001d7b8f16730 .functor AND 1, L_000001d7b8f18930, L_000001d7b8f17d50, C4<1>, C4<1>;
L_000001d7b8f168f0 .functor AND 1, L_000001d7b8f16730, L_000001d7b8f18390, C4<1>, C4<1>;
L_000001d7b8f16d50 .functor AND 1, L_000001d7b8f168f0, L_000001d7b8f18070, C4<1>, C4<1>;
L_000001d7b8f167a0 .functor OR 1, L_000001d7b8f16f10, L_000001d7b8f16d50, C4<0>, C4<0>;
L_000001d7b8f16a40 .functor AND 1, L_000001d7b8f186b0, L_000001d7b8f17cb0, C4<1>, C4<1>;
L_000001d7b8f17140 .functor AND 1, L_000001d7b8f16a40, L_000001d7b8f181b0, C4<1>, C4<1>;
L_000001d7b8f16ab0 .functor AND 1, L_000001d7b8f17140, L_000001d7b8f18a70, C4<1>, C4<1>;
L_000001d7b8f16b20 .functor AND 1, L_000001d7b8f17f30, L_000001d7b8f17670, C4<1>, C4<1>;
L_000001d7b8f16f80 .functor AND 1, L_000001d7b8f16b20, L_000001d7b8f19510, C4<1>, C4<1>;
L_000001d7b8f16c70 .functor AND 1, L_000001d7b8f16f80, L_000001d7b8f17710, C4<1>, C4<1>;
L_000001d7b8f16420 .functor OR 1, L_000001d7b8f16ab0, L_000001d7b8f16c70, C4<0>, C4<0>;
o000001d7b8ec18c8 .functor BUFZ 16, C4<zzzzzzzzzzzzzzzz>; HiZ drive
v000001d7b8ebff80_0 .net "A", 15 0, o000001d7b8ec18c8;  0 drivers
o000001d7b8ec18f8 .functor BUFZ 4, C4<zzzz>; HiZ drive
v000001d7b8ec0ac0_0 .net "ALU_FUN", 3 0, o000001d7b8ec18f8;  0 drivers
v000001d7b8ebefe0_0 .var "ALU_OUT", 15 0;
v000001d7b8ebfd00_0 .var "ALU_OUT_Comb", 15 0;
v000001d7b8ebfe40_0 .net "Arith_Flag", 0 0, L_000001d7b8eabd20;  1 drivers
o000001d7b8ec19b8 .functor BUFZ 16, C4<zzzzzzzzzzzzzzzz>; HiZ drive
v000001d7b8ebfee0_0 .net "B", 15 0, o000001d7b8ec19b8;  0 drivers
o000001d7b8ec19e8 .functor BUFZ 1, C4<z>; HiZ drive
v000001d7b8ec0840_0 .net "CLK", 0 0, o000001d7b8ec19e8;  0 drivers
v000001d7b8ec0700_0 .net "CMP_Flag", 0 0, L_000001d7b8f167a0;  1 drivers
v000001d7b8ebf1c0_0 .var "Carry_Flag", 0 0;
v000001d7b8ec0520_0 .net "Logic_Flag", 0 0, L_000001d7b8f162d0;  1 drivers
v000001d7b8ebfda0_0 .net "Shift_Flag", 0 0, L_000001d7b8f16420;  1 drivers
v000001d7b8ebf120_0 .net *"_ivl_1", 0 0, L_000001d7b8f14240;  1 drivers
v000001d7b8ebf6c0_0 .net *"_ivl_101", 0 0, L_000001d7b8f17710;  1 drivers
v000001d7b8ebfbc0_0 .net *"_ivl_103", 0 0, L_000001d7b8f16c70;  1 drivers
v000001d7b8ebfa80_0 .net *"_ivl_11", 0 0, L_000001d7b8f14e20;  1 drivers
v000001d7b8ec0980_0 .net *"_ivl_13", 0 0, L_000001d7b8f14560;  1 drivers
v000001d7b8ec07a0_0 .net *"_ivl_15", 0 0, L_000001d7b8f14f60;  1 drivers
v000001d7b8ec08e0_0 .net *"_ivl_17", 0 0, L_000001d7b8eabee0;  1 drivers
v000001d7b8ebf800_0 .net *"_ivl_19", 0 0, L_000001d7b8f14600;  1 drivers
v000001d7b8ec0a20_0 .net *"_ivl_21", 0 0, L_000001d7b8f147e0;  1 drivers
v000001d7b8ec0b60_0 .net *"_ivl_23", 0 0, L_000001d7b8f150a0;  1 drivers
v000001d7b8ec00c0_0 .net *"_ivl_25", 0 0, L_000001d7b8f16500;  1 drivers
v000001d7b8ec03e0_0 .net *"_ivl_27", 0 0, L_000001d7b8f146a0;  1 drivers
v000001d7b8ebf8a0_0 .net *"_ivl_29", 0 0, L_000001d7b8f14740;  1 drivers
v000001d7b8ec0160_0 .net *"_ivl_3", 0 0, L_000001d7b8f14ba0;  1 drivers
v000001d7b8ec0200_0 .net *"_ivl_31", 0 0, L_000001d7b8f16650;  1 drivers
v000001d7b8ec0480_0 .net *"_ivl_33", 0 0, L_000001d7b8f14b00;  1 drivers
v000001d7b8ebf940_0 .net *"_ivl_35", 0 0, L_000001d7b8f18750;  1 drivers
v000001d7b8ec02a0_0 .net *"_ivl_37", 0 0, L_000001d7b8f16dc0;  1 drivers
v000001d7b8ebf080_0 .net *"_ivl_41", 0 0, L_000001d7b8f17a30;  1 drivers
v000001d7b8ec0340_0 .net *"_ivl_43", 0 0, L_000001d7b8f191f0;  1 drivers
v000001d7b8ec0c00_0 .net *"_ivl_45", 0 0, L_000001d7b8f18610;  1 drivers
v000001d7b8ebf260_0 .net *"_ivl_47", 0 0, L_000001d7b8f16ff0;  1 drivers
v000001d7b8ec05c0_0 .net *"_ivl_49", 0 0, L_000001d7b8f17e90;  1 drivers
v000001d7b8ec0ca0_0 .net *"_ivl_5", 0 0, L_000001d7b8f14c40;  1 drivers
v000001d7b8ebf300_0 .net *"_ivl_51", 0 0, L_000001d7b8f16f10;  1 drivers
v000001d7b8ebf440_0 .net *"_ivl_53", 0 0, L_000001d7b8f18930;  1 drivers
v000001d7b8ebf760_0 .net *"_ivl_55", 0 0, L_000001d7b8f17d50;  1 drivers
v000001d7b8ec0660_0 .net *"_ivl_57", 0 0, L_000001d7b8f16730;  1 drivers
v000001d7b8ec0d40_0 .net *"_ivl_59", 0 0, L_000001d7b8f189d0;  1 drivers
v000001d7b8ec0de0_0 .net *"_ivl_61", 0 0, L_000001d7b8f18390;  1 drivers
v000001d7b8ebf3a0_0 .net *"_ivl_63", 0 0, L_000001d7b8f168f0;  1 drivers
v000001d7b8ebf4e0_0 .net *"_ivl_65", 0 0, L_000001d7b8f17b70;  1 drivers
v000001d7b8ebf580_0 .net *"_ivl_67", 0 0, L_000001d7b8f18070;  1 drivers
v000001d7b8ebfc60_0 .net *"_ivl_69", 0 0, L_000001d7b8f16d50;  1 drivers
v000001d7b8ebf620_0 .net *"_ivl_7", 0 0, L_000001d7b8f14ec0;  1 drivers
v000001d7b8ebf9e0_0 .net *"_ivl_73", 0 0, L_000001d7b8f186b0;  1 drivers
v000001d7b8ebfb20_0 .net *"_ivl_75", 0 0, L_000001d7b8f17cb0;  1 drivers
v000001d7b8f142e0_0 .net *"_ivl_77", 0 0, L_000001d7b8f16a40;  1 drivers
v000001d7b8f14420_0 .net *"_ivl_79", 0 0, L_000001d7b8f17df0;  1 drivers
v000001d7b8f14880_0 .net *"_ivl_81", 0 0, L_000001d7b8f181b0;  1 drivers
v000001d7b8f149c0_0 .net *"_ivl_83", 0 0, L_000001d7b8f17140;  1 drivers
v000001d7b8f14ce0_0 .net *"_ivl_85", 0 0, L_000001d7b8f18a70;  1 drivers
v000001d7b8f15140_0 .net *"_ivl_87", 0 0, L_000001d7b8f16ab0;  1 drivers
v000001d7b8f14a60_0 .net *"_ivl_89", 0 0, L_000001d7b8f17f30;  1 drivers
v000001d7b8f14380_0 .net *"_ivl_91", 0 0, L_000001d7b8f17670;  1 drivers
v000001d7b8f14d80_0 .net *"_ivl_93", 0 0, L_000001d7b8f16b20;  1 drivers
v000001d7b8f144c0_0 .net *"_ivl_95", 0 0, L_000001d7b8f19510;  1 drivers
v000001d7b8f15000_0 .net *"_ivl_97", 0 0, L_000001d7b8f16f80;  1 drivers
v000001d7b8f14920_0 .net *"_ivl_99", 0 0, L_000001d7b8f18d90;  1 drivers
E_000001d7b8eb2940 .event anyedge, v000001d7b8ec0ac0_0, v000001d7b8ebff80_0, v000001d7b8ebfee0_0, v000001d7b8ebfd00_0;
E_000001d7b8eb1f80 .event posedge, v000001d7b8ec0840_0;
L_000001d7b8f14240 .part o000001d7b8ec18f8, 2, 1;
L_000001d7b8f14ba0 .reduce/nor L_000001d7b8f14240;
L_000001d7b8f14c40 .part o000001d7b8ec18f8, 3, 1;
L_000001d7b8f14ec0 .reduce/nor L_000001d7b8f14c40;
L_000001d7b8f14e20 .part o000001d7b8ec18f8, 2, 1;
L_000001d7b8f14560 .part o000001d7b8ec18f8, 2, 1;
L_000001d7b8f14f60 .reduce/nor L_000001d7b8f14560;
L_000001d7b8f14600 .part o000001d7b8ec18f8, 3, 1;
L_000001d7b8f147e0 .part o000001d7b8ec18f8, 2, 1;
L_000001d7b8f150a0 .reduce/nor L_000001d7b8f147e0;
L_000001d7b8f146a0 .part o000001d7b8ec18f8, 1, 1;
L_000001d7b8f14740 .reduce/nor L_000001d7b8f146a0;
L_000001d7b8f14b00 .part o000001d7b8ec18f8, 0, 1;
L_000001d7b8f18750 .reduce/nor L_000001d7b8f14b00;
L_000001d7b8f17a30 .part o000001d7b8ec18f8, 3, 1;
L_000001d7b8f191f0 .part o000001d7b8ec18f8, 2, 1;
L_000001d7b8f18610 .reduce/nor L_000001d7b8f191f0;
L_000001d7b8f17e90 .part o000001d7b8ec18f8, 1, 1;
L_000001d7b8f18930 .part o000001d7b8ec18f8, 3, 1;
L_000001d7b8f17d50 .part o000001d7b8ec18f8, 2, 1;
L_000001d7b8f189d0 .part o000001d7b8ec18f8, 1, 1;
L_000001d7b8f18390 .reduce/nor L_000001d7b8f189d0;
L_000001d7b8f17b70 .part o000001d7b8ec18f8, 0, 1;
L_000001d7b8f18070 .reduce/nor L_000001d7b8f17b70;
L_000001d7b8f186b0 .part o000001d7b8ec18f8, 3, 1;
L_000001d7b8f17cb0 .part o000001d7b8ec18f8, 2, 1;
L_000001d7b8f17df0 .part o000001d7b8ec18f8, 1, 1;
L_000001d7b8f181b0 .reduce/nor L_000001d7b8f17df0;
L_000001d7b8f18a70 .part o000001d7b8ec18f8, 0, 1;
L_000001d7b8f17f30 .part o000001d7b8ec18f8, 3, 1;
L_000001d7b8f17670 .part o000001d7b8ec18f8, 2, 1;
L_000001d7b8f19510 .part o000001d7b8ec18f8, 1, 1;
L_000001d7b8f18d90 .part o000001d7b8ec18f8, 0, 1;
L_000001d7b8f17710 .reduce/nor L_000001d7b8f18d90;
    .scope S_000001d7b8e82d20;
T_0 ;
    %wait E_000001d7b8eb1f80;
    %load/vec4 v000001d7b8ebfd00_0;
    %assign/vec4 v000001d7b8ebefe0_0, 0;
    %jmp T_0;
    .thread T_0;
    .scope S_000001d7b8e82d20;
T_1 ;
    %wait E_000001d7b8eb2940;
    %load/vec4 v000001d7b8ec0ac0_0;
    %dup/vec4;
    %pushi/vec4 0, 0, 4;
    %cmp/u;
    %jmp/1 T_1.0, 6;
    %dup/vec4;
    %pushi/vec4 1, 0, 4;
    %cmp/u;
    %jmp/1 T_1.1, 6;
    %dup/vec4;
    %pushi/vec4 2, 0, 4;
    %cmp/u;
    %jmp/1 T_1.2, 6;
    %dup/vec4;
    %pushi/vec4 3, 0, 4;
    %cmp/u;
    %jmp/1 T_1.3, 6;
    %dup/vec4;
    %pushi/vec4 4, 0, 4;
    %cmp/u;
    %jmp/1 T_1.4, 6;
    %dup/vec4;
    %pushi/vec4 5, 0, 4;
    %cmp/u;
    %jmp/1 T_1.5, 6;
    %dup/vec4;
    %pushi/vec4 6, 0, 4;
    %cmp/u;
    %jmp/1 T_1.6, 6;
    %dup/vec4;
    %pushi/vec4 7, 0, 4;
    %cmp/u;
    %jmp/1 T_1.7, 6;
    %dup/vec4;
    %pushi/vec4 8, 0, 4;
    %cmp/u;
    %jmp/1 T_1.8, 6;
    %dup/vec4;
    %pushi/vec4 9, 0, 4;
    %cmp/u;
    %jmp/1 T_1.9, 6;
    %dup/vec4;
    %pushi/vec4 10, 0, 4;
    %cmp/u;
    %jmp/1 T_1.10, 6;
    %dup/vec4;
    %pushi/vec4 11, 0, 4;
    %cmp/u;
    %jmp/1 T_1.11, 6;
    %dup/vec4;
    %pushi/vec4 12, 0, 4;
    %cmp/u;
    %jmp/1 T_1.12, 6;
    %dup/vec4;
    %pushi/vec4 13, 0, 4;
    %cmp/u;
    %jmp/1 T_1.13, 6;
    %dup/vec4;
    %pushi/vec4 14, 0, 4;
    %cmp/u;
    %jmp/1 T_1.14, 6;
    %pushi/vec4 0, 0, 16;
    %store/vec4 v000001d7b8ebfd00_0, 0, 16;
    %jmp T_1.16;
T_1.0 ;
    %load/vec4 v000001d7b8ebff80_0;
    %pad/u 17;
    %load/vec4 v000001d7b8ebfee0_0;
    %pad/u 17;
    %add;
    %split/vec4 16;
    %store/vec4 v000001d7b8ebfd00_0, 0, 16;
    %store/vec4 v000001d7b8ebf1c0_0, 0, 1;
    %jmp T_1.16;
T_1.1 ;
    %load/vec4 v000001d7b8ebff80_0;
    %pad/u 17;
    %load/vec4 v000001d7b8ebfee0_0;
    %pad/u 17;
    %sub;
    %split/vec4 16;
    %store/vec4 v000001d7b8ebfd00_0, 0, 16;
    %store/vec4 v000001d7b8ebf1c0_0, 0, 1;
    %jmp T_1.16;
T_1.2 ;
    %load/vec4 v000001d7b8ebff80_0;
    %load/vec4 v000001d7b8ebfee0_0;
    %mul;
    %store/vec4 v000001d7b8ebfd00_0, 0, 16;
    %jmp T_1.16;
T_1.3 ;
    %load/vec4 v000001d7b8ebff80_0;
    %load/vec4 v000001d7b8ebfee0_0;
    %div;
    %store/vec4 v000001d7b8ebfd00_0, 0, 16;
    %jmp T_1.16;
T_1.4 ;
    %load/vec4 v000001d7b8ebff80_0;
    %load/vec4 v000001d7b8ebfee0_0;
    %and;
    %store/vec4 v000001d7b8ebfd00_0, 0, 16;
    %jmp T_1.16;
T_1.5 ;
    %load/vec4 v000001d7b8ebff80_0;
    %load/vec4 v000001d7b8ebfee0_0;
    %or;
    %store/vec4 v000001d7b8ebfd00_0, 0, 16;
    %jmp T_1.16;
T_1.6 ;
    %load/vec4 v000001d7b8ebff80_0;
    %load/vec4 v000001d7b8ebfee0_0;
    %and;
    %inv;
    %store/vec4 v000001d7b8ebfd00_0, 0, 16;
    %jmp T_1.16;
T_1.7 ;
    %load/vec4 v000001d7b8ebff80_0;
    %load/vec4 v000001d7b8ebfee0_0;
    %or;
    %inv;
    %store/vec4 v000001d7b8ebfd00_0, 0, 16;
    %jmp T_1.16;
T_1.8 ;
    %load/vec4 v000001d7b8ebff80_0;
    %load/vec4 v000001d7b8ebfee0_0;
    %xor;
    %store/vec4 v000001d7b8ebfd00_0, 0, 16;
    %jmp T_1.16;
T_1.9 ;
    %load/vec4 v000001d7b8ebff80_0;
    %load/vec4 v000001d7b8ebfee0_0;
    %xnor;
    %store/vec4 v000001d7b8ebfd00_0, 0, 16;
    %jmp T_1.16;
T_1.10 ;
    %load/vec4 v000001d7b8ebff80_0;
    %load/vec4 v000001d7b8ebfee0_0;
    %cmp/e;
    %jmp/0xz  T_1.17, 4;
    %pushi/vec4 1, 0, 16;
    %store/vec4 v000001d7b8ebfd00_0, 0, 16;
    %jmp T_1.18;
T_1.17 ;
    %pushi/vec4 0, 0, 16;
    %store/vec4 v000001d7b8ebfd00_0, 0, 16;
T_1.18 ;
    %jmp T_1.16;
T_1.11 ;
    %load/vec4 v000001d7b8ebfee0_0;
    %load/vec4 v000001d7b8ebff80_0;
    %cmp/u;
    %jmp/0xz  T_1.19, 5;
    %pushi/vec4 2, 0, 16;
    %store/vec4 v000001d7b8ebfd00_0, 0, 16;
    %jmp T_1.20;
T_1.19 ;
    %pushi/vec4 0, 0, 16;
    %store/vec4 v000001d7b8ebfd00_0, 0, 16;
T_1.20 ;
    %jmp T_1.16;
T_1.12 ;
    %load/vec4 v000001d7b8ebff80_0;
    %load/vec4 v000001d7b8ebfee0_0;
    %cmp/u;
    %jmp/0xz  T_1.21, 5;
    %pushi/vec4 3, 0, 16;
    %store/vec4 v000001d7b8ebfd00_0, 0, 16;
    %jmp T_1.22;
T_1.21 ;
    %pushi/vec4 0, 0, 16;
    %store/vec4 v000001d7b8ebfd00_0, 0, 16;
T_1.22 ;
    %jmp T_1.16;
T_1.13 ;
    %load/vec4 v000001d7b8ebfd00_0;
    %ix/load 4, 1, 0;
    %flag_set/imm 4, 0;
    %shiftr 4;
    %store/vec4 v000001d7b8ebfd00_0, 0, 16;
    %jmp T_1.16;
T_1.14 ;
    %load/vec4 v000001d7b8ebfd00_0;
    %ix/load 4, 1, 0;
    %flag_set/imm 4, 0;
    %shiftl 4;
    %store/vec4 v000001d7b8ebfd00_0, 0, 16;
    %jmp T_1.16;
T_1.16 ;
    %pop/vec4 1;
    %jmp T_1;
    .thread T_1, $push;
# The file index is used to find the file name in the following table.
:file_names 3;
    "N/A";
    "<interactive>";
    "ALU.v";
