#! /c/Source/iverilog-install/bin/vvp
:ivl_version "12.0 (devel)" "(s20150603-1539-g2693dd32b)";
:ivl_delay_selection "TYPICAL";
:vpi_time_precision + 0;
:vpi_module "D:\iverilog\iverilog\lib\ivl\system.vpi";
:vpi_module "D:\iverilog\iverilog\lib\ivl\vhdl_sys.vpi";
:vpi_module "D:\iverilog\iverilog\lib\ivl\vhdl_textio.vpi";
:vpi_module "D:\iverilog\iverilog\lib\ivl\v2005_math.vpi";
:vpi_module "D:\iverilog\iverilog\lib\ivl\va_math.vpi";
S_000001fa886132f0 .scope module, "Counter" "Counter" 2 1;
 .timescale 0 0;
    .port_info 0 /INPUT 4 "IN";
    .port_info 1 /INPUT 1 "latch";
    .port_info 2 /INPUT 1 "dec";
    .port_info 3 /INPUT 1 "clk";
    .port_info 4 /OUTPUT 4 "counter";
    .port_info 5 /OUTPUT 1 "zero";
o000001fa88646fd8 .functor BUFZ 4, C4<zzzz>; HiZ drive
v000001fa88613be0_0 .net "IN", 3 0, o000001fa88646fd8;  0 drivers
v000001fa885fbd50_0 .net *"_ivl_0", 31 0, L_000001fa8868bcd0;  1 drivers
L_000001fa8868bd78 .functor BUFT 1, C4<0000000000000000000000000000>, C4<0>, C4<0>, C4<0>;
v000001fa885fbdf0_0 .net *"_ivl_3", 27 0, L_000001fa8868bd78;  1 drivers
L_000001fa8868bdc0 .functor BUFT 1, C4<00000000000000000000000000000000>, C4<0>, C4<0>, C4<0>;
v000001fa885fbe90_0 .net/2u *"_ivl_4", 31 0, L_000001fa8868bdc0;  1 drivers
o000001fa88647098 .functor BUFZ 1, C4<z>; HiZ drive
v000001fa885fbf30_0 .net "clk", 0 0, o000001fa88647098;  0 drivers
v000001fa88613480_0 .var "counter", 3 0;
o000001fa886470f8 .functor BUFZ 1, C4<z>; HiZ drive
v000001fa88613520_0 .net "dec", 0 0, o000001fa886470f8;  0 drivers
o000001fa88647128 .functor BUFZ 1, C4<z>; HiZ drive
v000001fa886135c0_0 .net "latch", 0 0, o000001fa88647128;  0 drivers
v000001fa88613660_0 .net "zero", 0 0, L_000001fa886e3d90;  1 drivers
E_000001fa885fcdf0 .event posedge, v000001fa885fbf30_0;
L_000001fa8868bcd0 .concat [ 4 28 0 0], v000001fa88613480_0, L_000001fa8868bd78;
L_000001fa886e3d90 .cmp/eq 32, L_000001fa8868bcd0, L_000001fa8868bdc0;
    .scope S_000001fa886132f0;
T_0 ;
    %wait E_000001fa885fcdf0;
    %load/vec4 v000001fa886135c0_0;
    %flag_set/vec4 8;
    %jmp/0xz  T_0.0, 8;
    %load/vec4 v000001fa88613be0_0;
    %assign/vec4 v000001fa88613480_0, 0;
    %jmp T_0.1;
T_0.0 ;
    %load/vec4 v000001fa88613520_0;
    %flag_set/vec4 9;
    %flag_get/vec4 9;
    %jmp/0 T_0.4, 9;
    %load/vec4 v000001fa88613660_0;
    %nor/r;
    %and;
T_0.4;
    %flag_set/vec4 8;
    %jmp/0xz  T_0.2, 8;
    %load/vec4 v000001fa88613480_0;
    %subi 1, 0, 4;
    %assign/vec4 v000001fa88613480_0, 0;
    %jmp T_0.3;
T_0.2 ;
    %load/vec4 v000001fa88613480_0;
    %assign/vec4 v000001fa88613480_0, 0;
T_0.3 ;
T_0.1 ;
    %jmp T_0;
    .thread T_0;
# The file index is used to find the file name in the following table.
:file_names 3;
    "N/A";
    "<interactive>";
    "Counter.v";
