#! /c/Source/iverilog-install/bin/vvp
:ivl_version "12.0 (devel)" "(s20150603-1539-g2693dd32b)";
:ivl_delay_selection "TYPICAL";
:vpi_time_precision + 0;
:vpi_module "D:\iverilog\iverilog\lib\ivl\system.vpi";
:vpi_module "D:\iverilog\iverilog\lib\ivl\vhdl_sys.vpi";
:vpi_module "D:\iverilog\iverilog\lib\ivl\vhdl_textio.vpi";
:vpi_module "D:\iverilog\iverilog\lib\ivl\v2005_math.vpi";
:vpi_module "D:\iverilog\iverilog\lib\ivl\va_math.vpi";
S_00000235a40f2ce0 .scope module, "DigCt" "DigCt" 2 1;
 .timescale 0 0;
    .port_info 0 /INPUT 1 "IN1";
    .port_info 1 /INPUT 1 "IN2";
    .port_info 2 /INPUT 1 "IN3";
    .port_info 3 /INPUT 1 "IN4";
    .port_info 4 /INPUT 1 "CLK";
    .port_info 5 /OUTPUT 1 "OUT1";
    .port_info 6 /OUTPUT 1 "OUT2";
    .port_info 7 /OUTPUT 1 "OUT3";
o00000235a4126fd8 .functor BUFZ 1, C4<z>; HiZ drive
v00000235a40f2e70_0 .net "CLK", 0 0, o00000235a4126fd8;  0 drivers
o00000235a4127008 .functor BUFZ 1, C4<z>; HiZ drive
v00000235a40f2f10_0 .net "IN1", 0 0, o00000235a4127008;  0 drivers
o00000235a4127038 .functor BUFZ 1, C4<z>; HiZ drive
v00000235a40f2fb0_0 .net "IN2", 0 0, o00000235a4127038;  0 drivers
o00000235a4127068 .functor BUFZ 1, C4<z>; HiZ drive
v00000235a40f3050_0 .net "IN3", 0 0, o00000235a4127068;  0 drivers
o00000235a4127098 .functor BUFZ 1, C4<z>; HiZ drive
v00000235a416d850_0 .net "IN4", 0 0, o00000235a4127098;  0 drivers
v00000235a416d8f0_0 .var "NAND_Output", 0 0;
v00000235a416d990_0 .var "NOR_Output", 0 0;
v00000235a416da30_0 .var "OR_Output", 0 0;
v00000235a416dad0_0 .var "OUT1", 0 0;
v00000235a416db70_0 .var "OUT2", 0 0;
v00000235a416e7a0_0 .var "OUT3", 0 0;
E_00000235a41264e0 .event posedge, v00000235a40f2e70_0;
E_00000235a41267a0 .event anyedge, v00000235a40f3050_0, v00000235a416d850_0;
E_00000235a4126820 .event anyedge, v00000235a40f3050_0, v00000235a40f2fb0_0;
E_00000235a4125fa0 .event anyedge, v00000235a40f2fb0_0, v00000235a40f2f10_0;
    .scope S_00000235a40f2ce0;
T_0 ;
    %wait E_00000235a4125fa0;
    %load/vec4 v00000235a40f2f10_0;
    %load/vec4 v00000235a40f2fb0_0;
    %or;
    %nor/r;
    %store/vec4 v00000235a416d990_0, 0, 1;
    %jmp T_0;
    .thread T_0, $push;
    .scope S_00000235a40f2ce0;
T_1 ;
    %wait E_00000235a4126820;
    %load/vec4 v00000235a40f2fb0_0;
    %load/vec4 v00000235a40f3050_0;
    %and;
    %nor/r;
    %store/vec4 v00000235a416d8f0_0, 0, 1;
    %jmp T_1;
    .thread T_1, $push;
    .scope S_00000235a40f2ce0;
T_2 ;
    %wait E_00000235a41267a0;
    %load/vec4 v00000235a416d850_0;
    %load/vec4 v00000235a40f3050_0;
    %or;
    %store/vec4 v00000235a416da30_0, 0, 1;
    %jmp T_2;
    .thread T_2, $push;
    .scope S_00000235a40f2ce0;
T_3 ;
    %wait E_00000235a41264e0;
    %load/vec4 v00000235a416d990_0;
    %assign/vec4 v00000235a416dad0_0, 0;
    %jmp T_3;
    .thread T_3;
    .scope S_00000235a40f2ce0;
T_4 ;
    %wait E_00000235a41264e0;
    %load/vec4 v00000235a416d8f0_0;
    %assign/vec4 v00000235a416db70_0, 0;
    %jmp T_4;
    .thread T_4;
    .scope S_00000235a40f2ce0;
T_5 ;
    %wait E_00000235a41264e0;
    %load/vec4 v00000235a416da30_0;
    %assign/vec4 v00000235a416e7a0_0, 0;
    %jmp T_5;
    .thread T_5;
# The file index is used to find the file name in the following table.
:file_names 3;
    "N/A";
    "<interactive>";
    "Lab_1.v";
