#! /c/Source/iverilog-install/bin/vvp
:ivl_version "12.0 (devel)" "(s20150603-1539-g2693dd32b)";
:ivl_delay_selection "TYPICAL";
:vpi_time_precision + 0;
:vpi_module "D:\iverilog\iverilog\lib\ivl\system.vpi";
:vpi_module "D:\iverilog\iverilog\lib\ivl\vhdl_sys.vpi";
:vpi_module "D:\iverilog\iverilog\lib\ivl\vhdl_textio.vpi";
:vpi_module "D:\iverilog\iverilog\lib\ivl\v2005_math.vpi";
:vpi_module "D:\iverilog\iverilog\lib\ivl\va_math.vpi";
S_00000246675432f0 .scope module, "DigCt" "DigCt" 2 1;
 .timescale 0 0;
    .port_info 0 /INPUT 1 "IN1";
    .port_info 1 /INPUT 1 "IN2";
    .port_info 2 /INPUT 1 "IN3";
    .port_info 3 /INPUT 1 "IN4";
    .port_info 4 /INPUT 1 "IN5";
    .port_info 5 /INPUT 1 "CLK";
    .port_info 6 /OUTPUT 1 "OUT1";
    .port_info 7 /OUTPUT 1 "OUT2";
    .port_info 8 /OUTPUT 1 "OUT3";
o0000024667576fd8 .functor BUFZ 1, C4<z>; HiZ drive
v0000024667543480_0 .net "CLK", 0 0, o0000024667576fd8;  0 drivers
v0000024667543520_0 .var "D_OUT1", 0 0;
v00000246675435c0_0 .var "D_OUT2", 0 0;
v0000024667543660_0 .var "D_OUT3", 0 0;
o0000024667577098 .functor BUFZ 1, C4<z>; HiZ drive
v00000246675744d0_0 .net "IN1", 0 0, o0000024667577098;  0 drivers
o00000246675770c8 .functor BUFZ 1, C4<z>; HiZ drive
v0000024667574570_0 .net "IN2", 0 0, o00000246675770c8;  0 drivers
o00000246675770f8 .functor BUFZ 1, C4<z>; HiZ drive
v00000246675bc470_0 .net "IN3", 0 0, o00000246675770f8;  0 drivers
o0000024667577128 .functor BUFZ 1, C4<z>; HiZ drive
v00000246675bbc50_0 .net "IN4", 0 0, o0000024667577128;  0 drivers
o0000024667577158 .functor BUFZ 1, C4<z>; HiZ drive
v00000246675bc330_0 .net "IN5", 0 0, o0000024667577158;  0 drivers
v00000246675bbf70_0 .var "OUT1", 0 0;
v00000246675bbed0_0 .var "OUT2", 0 0;
v00000246675bc0b0_0 .var "OUT3", 0 0;
E_0000024667575120 .event posedge, v0000024667543480_0;
E_0000024667574ee0 .event anyedge, v00000246675bc330_0, v00000246675bbc50_0, v00000246675bc470_0;
E_0000024667574da0 .event anyedge, v00000246675bc470_0, v0000024667574570_0;
E_00000246675751a0 .event anyedge, v00000246675bc470_0, v0000024667574570_0, v00000246675744d0_0;
    .scope S_00000246675432f0;
T_0 ;
    %wait E_00000246675751a0;
    %load/vec4 v00000246675744d0_0;
    %load/vec4 v0000024667574570_0;
    %or;
    %inv;
    %load/vec4 v00000246675bc470_0;
    %and;
    %inv;
    %store/vec4 v0000024667543520_0, 0, 1;
    %jmp T_0;
    .thread T_0, $push;
    .scope S_00000246675432f0;
T_1 ;
    %wait E_0000024667574da0;
    %load/vec4 v0000024667574570_0;
    %load/vec4 v00000246675bc470_0;
    %and;
    %inv;
    %store/vec4 v00000246675435c0_0, 0, 1;
    %jmp T_1;
    .thread T_1, $push;
    .scope S_00000246675432f0;
T_2 ;
    %wait E_0000024667574ee0;
    %load/vec4 v00000246675bc470_0;
    %load/vec4 v00000246675bbc50_0;
    %inv;
    %or;
    %load/vec4 v00000246675bc330_0;
    %or;
    %store/vec4 v0000024667543660_0, 0, 1;
    %jmp T_2;
    .thread T_2, $push;
    .scope S_00000246675432f0;
T_3 ;
    %wait E_0000024667575120;
    %load/vec4 v0000024667543520_0;
    %assign/vec4 v00000246675bbf70_0, 0;
    %load/vec4 v00000246675435c0_0;
    %assign/vec4 v00000246675bbed0_0, 0;
    %load/vec4 v0000024667543660_0;
    %assign/vec4 v00000246675bc0b0_0, 0;
    %jmp T_3;
    .thread T_3;
# The file index is used to find the file name in the following table.
:file_names 3;
    "N/A";
    "<interactive>";
    "DigCt.v";
