#! /c/Source/iverilog-install/bin/vvp
:ivl_version "12.0 (devel)" "(s20150603-1539-g2693dd32b)";
:ivl_delay_selection "TYPICAL";
:vpi_time_precision + 0;
:vpi_module "D:\iverilog\iverilog\lib\ivl\system.vpi";
:vpi_module "D:\iverilog\iverilog\lib\ivl\vhdl_sys.vpi";
:vpi_module "D:\iverilog\iverilog\lib\ivl\vhdl_textio.vpi";
:vpi_module "D:\iverilog\iverilog\lib\ivl\v2005_math.vpi";
:vpi_module "D:\iverilog\iverilog\lib\ivl\va_math.vpi";
S_0000023dacf12d20 .scope module, "Up_Dn_Counter" "Up_Dn_Counter" 2 1;
 .timescale 0 0;
    .port_info 0 /INPUT 5 "IN";
    .port_info 1 /INPUT 1 "Load";
    .port_info 2 /INPUT 1 "Up";
    .port_info 3 /INPUT 1 "Down";
    .port_info 4 /INPUT 1 "CLK";
    .port_info 5 /OUTPUT 5 "Counter";
    .port_info 6 /OUTPUT 1 "High";
    .port_info 7 /OUTPUT 1 "Low";
o0000023dacf46fd8 .functor BUFZ 1, C4<z>; HiZ drive
v0000023dacf13730_0 .net "CLK", 0 0, o0000023dacf46fd8;  0 drivers
v0000023dace28e90_0 .var "Counter", 4 0;
o0000023dacf47038 .functor BUFZ 1, C4<z>; HiZ drive
v0000023dace2c3c0_0 .net "Down", 0 0, o0000023dacf47038;  0 drivers
v0000023dace2c460_0 .net "High", 0 0, L_0000023dacf434f0;  1 drivers
o0000023dacf47098 .functor BUFZ 5, C4<zzzzz>; HiZ drive
v0000023dace2c500_0 .net "IN", 4 0, o0000023dacf47098;  0 drivers
o0000023dacf470c8 .functor BUFZ 1, C4<z>; HiZ drive
v0000023dace2c5a0_0 .net "Load", 0 0, o0000023dacf470c8;  0 drivers
v0000023dacf12eb0_0 .net "Low", 0 0, L_0000023dacf43590;  1 drivers
o0000023dacf47128 .functor BUFZ 1, C4<z>; HiZ drive
v0000023dacf12f50_0 .net "Up", 0 0, o0000023dacf47128;  0 drivers
L_0000023dacf8b848 .functor BUFT 1, C4<11111>, C4<0>, C4<0>, C4<0>;
v0000023dacf12ff0_0 .net/2u *"_ivl_0", 4 0, L_0000023dacf8b848;  1 drivers
L_0000023dacf8b890 .functor BUFT 1, C4<00000>, C4<0>, C4<0>, C4<0>;
v0000023dacf13120_0 .net/2u *"_ivl_4", 4 0, L_0000023dacf8b890;  1 drivers
E_0000023dace2c7d0 .event posedge, v0000023dacf13730_0;
L_0000023dacf434f0 .cmp/eq 5, v0000023dace28e90_0, L_0000023dacf8b848;
L_0000023dacf43590 .cmp/eq 5, v0000023dace28e90_0, L_0000023dacf8b890;
    .scope S_0000023dacf12d20;
T_0 ;
    %wait E_0000023dace2c7d0;
    %load/vec4 v0000023dace2c5a0_0;
    %flag_set/vec4 8;
    %jmp/0xz  T_0.0, 8;
    %load/vec4 v0000023dace2c500_0;
    %assign/vec4 v0000023dace28e90_0, 0;
    %jmp T_0.1;
T_0.0 ;
    %load/vec4 v0000023dace2c3c0_0;
    %flag_set/vec4 9;
    %flag_get/vec4 9;
    %jmp/0 T_0.4, 9;
    %load/vec4 v0000023dacf12eb0_0;
    %nor/r;
    %and;
T_0.4;
    %flag_set/vec4 8;
    %jmp/0xz  T_0.2, 8;
    %load/vec4 v0000023dace28e90_0;
    %subi 1, 0, 5;
    %assign/vec4 v0000023dace28e90_0, 0;
    %jmp T_0.3;
T_0.2 ;
    %load/vec4 v0000023dacf12f50_0;
    %flag_set/vec4 9;
    %flag_get/vec4 9;
    %jmp/0 T_0.7, 9;
    %load/vec4 v0000023dace2c460_0;
    %nor/r;
    %and;
T_0.7;
    %flag_set/vec4 8;
    %jmp/0xz  T_0.5, 8;
    %load/vec4 v0000023dace28e90_0;
    %addi 1, 0, 5;
    %assign/vec4 v0000023dace28e90_0, 0;
    %jmp T_0.6;
T_0.5 ;
    %load/vec4 v0000023dace28e90_0;
    %assign/vec4 v0000023dace28e90_0, 0;
T_0.6 ;
T_0.3 ;
T_0.1 ;
    %jmp T_0;
    .thread T_0;
# The file index is used to find the file name in the following table.
:file_names 3;
    "N/A";
    "<interactive>";
    "Up_Dn_Counter.v";
