
                                 Formality (R)

               Version L-2016.03-SP1 for linux64 - Apr 13, 2016 

                    Copyright (c) 1988 - 2016 Synopsys, Inc.
   This software and the associated documentation are proprietary to Synopsys,
 Inc. This software may only be used in accordance with the terms and conditions
 of a written license agreement with Synopsys, Inc. All other use, reproduction,
            or distribution of this software is strictly prohibited.

  ** Highlights of Formality (R) Version L-2016.03 **
   - New alternate verification strategies for resolving inconclusive verifications
   - Automation for deploying alternate strategies
   - New command to export the mapping of reference to implementation registers
   - New capability to combine PG and low power information from db libraries with Verilog functional models

   * Please refer to the Formality Release Notes for details and additional enhancements

Build: 4031317
Hostname: IC_EDA (RHEL64)
Current time: Sun Aug 30 05:57:22 2026

Loading db file '/home/synopsys/Formality2016/libraries/syn/gtech.db'
###################################################################
########################### Variables #############################
###################################################################
set SSLIB "/home/ICer/Digital-ASIC-Design-Coursework/Assignments/Synthesis/Ass_Syn_2.0/std_cells/scmetro_tsmc_cl013g_rvt_ss_1p08v_125c.db"
/home/ICer/Digital-ASIC-Design-Coursework/Assignments/Synthesis/Ass_Syn_2.0/std_cells/scmetro_tsmc_cl013g_rvt_ss_1p08v_125c.db
set TTLIB "/home/ICer/Digital-ASIC-Design-Coursework/Assignments/Synthesis/Ass_Syn_2.0/std_cells/scmetro_tsmc_cl013g_rvt_tt_1p2v_25c.db"
/home/ICer/Digital-ASIC-Design-Coursework/Assignments/Synthesis/Ass_Syn_2.0/std_cells/scmetro_tsmc_cl013g_rvt_tt_1p2v_25c.db
set FFLIB "/home/ICer/Digital-ASIC-Design-Coursework/Assignments/Synthesis/Ass_Syn_2.0/std_cells/scmetro_tsmc_cl013g_rvt_ff_1p32v_m40c.db"
/home/ICer/Digital-ASIC-Design-Coursework/Assignments/Synthesis/Ass_Syn_2.0/std_cells/scmetro_tsmc_cl013g_rvt_ff_1p32v_m40c.db
###################################################################
############################ Guidance #############################
###################################################################
# Synopsys setup variable
set synopsys_auto_setup true
true
# Formality Setup File
set_svf /home/ICer/Digital-ASIC-Design-Coursework/Assignments/Synthesis/Ass_Syn_2.0/syn/UART_TX.svf
SVF set to '/home/ICer/Digital-ASIC-Design-Coursework/Assignments/Synthesis/Ass_Syn_2.0/syn/UART_TX.svf'.
1
###################################################################
###################### Reference Container ########################
###################################################################
# Read Reference Design Verilog Files
read_verilog -container Ref /home/ICer/Digital-ASIC-Design-Coursework/Assignments/Synthesis/Ass_Syn_2.0/rtl/Mux_4X1.v
No target library specified, default is WORK
Initializing DesignWare ...
Initialization Complete
Loading verilog file '/home/ICer/Digital-ASIC-Design-Coursework/Assignments/Synthesis/Ass_Syn_2.0/rtl/Mux_4X1.v'
Created container 'Ref'
Current container set to 'Ref'
1
read_verilog -container Ref /home/ICer/Digital-ASIC-Design-Coursework/Assignments/Synthesis/Ass_Syn_2.0/rtl/parity_Calc.v
No target library specified, default is WORK
Loading verilog file '/home/ICer/Digital-ASIC-Design-Coursework/Assignments/Synthesis/Ass_Syn_2.0/rtl/parity_Calc.v'
1
read_verilog -container Ref /home/ICer/Digital-ASIC-Design-Coursework/Assignments/Synthesis/Ass_Syn_2.0/rtl/Serializer.v
No target library specified, default is WORK
Loading verilog file '/home/ICer/Digital-ASIC-Design-Coursework/Assignments/Synthesis/Ass_Syn_2.0/rtl/Serializer.v'
1
read_verilog -container Ref /home/ICer/Digital-ASIC-Design-Coursework/Assignments/Synthesis/Ass_Syn_2.0/rtl/UART_TX_TOP.v
No target library specified, default is WORK
Loading verilog file '/home/ICer/Digital-ASIC-Design-Coursework/Assignments/Synthesis/Ass_Syn_2.0/rtl/UART_TX_TOP.v'
1
read_sverilog -container Ref /home/ICer/Digital-ASIC-Design-Coursework/Assignments/Synthesis/Ass_Syn_2.0/rtl/UART_TX_FSM.sv
No target library specified, default is WORK
Loading verilog file '/home/ICer/Digital-ASIC-Design-Coursework/Assignments/Synthesis/Ass_Syn_2.0/rtl/UART_TX_FSM.sv'
1
# Read Reference technology libraries
read_db -container Ref [list $SSLIB $TTLIB $FFLIB]
Loading db file '/home/ICer/Digital-ASIC-Design-Coursework/Assignments/Synthesis/Ass_Syn_2.0/std_cells/scmetro_tsmc_cl013g_rvt_ss_1p08v_125c.db'
Loading db file '/home/ICer/Digital-ASIC-Design-Coursework/Assignments/Synthesis/Ass_Syn_2.0/std_cells/scmetro_tsmc_cl013g_rvt_tt_1p2v_25c.db'
Loading db file '/home/ICer/Digital-ASIC-Design-Coursework/Assignments/Synthesis/Ass_Syn_2.0/std_cells/scmetro_tsmc_cl013g_rvt_ff_1p32v_m40c.db'
1
# set the top Reference Design 
set_reference_design UART_TX_TOP
Reference design set to 'Ref:/WORK/UART_TX_TOP'
1
set_top UART_TX_TOP
Setting top design to 'Ref:/WORK/UART_TX_TOP'
Status:   Elaborating design UART_TX_TOP   ...  
Status:   Elaborating design UART_TX_FSM   ...  
Status:   Elaborating design Serializer   ...  
Warning: Index may take values outside array bound, may cause simulation mismatch .. (Signal: pDataReg Block: /Serializer File: /home/ICer/Digital-ASIC-Design-Coursework/Assignments/Synthesis/Ass_Syn_2.0/rtl/Serializer.v Line: 16)  (FMR_ELAB-147)
Status:   Elaborating design Parity_Calc   ...  
Status:   Elaborating design Mux_4X1   ...  
Status:  Implementing inferred operators...

************ Library Checking Summary ************
Warning:  3 unlinked power cell(s) with unread pg pins.
        Use 'report_libraries -defects all' for more details.
**************************************************

Top design set to 'Ref:/WORK/UART_TX_TOP' with warnings
   ATTENTION: RTL interpretation messages were produced during link.
              Verification results may disagree with a logic simulator.

************ RTL Interpretation Summary ************
************ Design: Ref:/WORK/UART_TX_TOP
1 FMR_ELAB-147 message produced    

Please refer to the Formality log file for more details,
or execute report_hdlin_mismatches.
****************************************************

Reference design set to 'Ref:/WORK/UART_TX_TOP'
1
###################################################################
#################### Implementation Container #####################
###################################################################
# Read Implementation Design Files
read_verilog -container Imp /home/ICer/Digital-ASIC-Design-Coursework/Assignments/Synthesis/Ass_Syn_2.0/rtl/Mux_4X1.v
No target library specified, default is WORK
Initializing DesignWare ...
Initialization Complete
Loading verilog file '/home/ICer/Digital-ASIC-Design-Coursework/Assignments/Synthesis/Ass_Syn_2.0/rtl/Mux_4X1.v'
Created container 'Imp'
Current container set to 'Imp'
1
read_verilog -container Imp /home/ICer/Digital-ASIC-Design-Coursework/Assignments/Synthesis/Ass_Syn_2.0/rtl/parity_Calc.v
No target library specified, default is WORK
Loading verilog file '/home/ICer/Digital-ASIC-Design-Coursework/Assignments/Synthesis/Ass_Syn_2.0/rtl/parity_Calc.v'
1
read_verilog -container Imp /home/ICer/Digital-ASIC-Design-Coursework/Assignments/Synthesis/Ass_Syn_2.0/rtl/Serializer.v
No target library specified, default is WORK
Loading verilog file '/home/ICer/Digital-ASIC-Design-Coursework/Assignments/Synthesis/Ass_Syn_2.0/rtl/Serializer.v'
1
read_verilog -container Imp /home/ICer/Digital-ASIC-Design-Coursework/Assignments/Synthesis/Ass_Syn_2.0/rtl/UART_TX_TOP.v
No target library specified, default is WORK
Loading verilog file '/home/ICer/Digital-ASIC-Design-Coursework/Assignments/Synthesis/Ass_Syn_2.0/rtl/UART_TX_TOP.v'
1
read_sverilog -container Imp /home/ICer/Digital-ASIC-Design-Coursework/Assignments/Synthesis/Ass_Syn_2.0/rtl/UART_TX_FSM.sv
No target library specified, default is WORK
Loading verilog file '/home/ICer/Digital-ASIC-Design-Coursework/Assignments/Synthesis/Ass_Syn_2.0/rtl/UART_TX_FSM.sv'
1
# Read Implementation technology libraries
read_db -container Imp [list $SSLIB $TTLIB $FFLIB]
Loading db file '/home/ICer/Digital-ASIC-Design-Coursework/Assignments/Synthesis/Ass_Syn_2.0/std_cells/scmetro_tsmc_cl013g_rvt_ss_1p08v_125c.db'
Loading db file '/home/ICer/Digital-ASIC-Design-Coursework/Assignments/Synthesis/Ass_Syn_2.0/std_cells/scmetro_tsmc_cl013g_rvt_tt_1p2v_25c.db'
Loading db file '/home/ICer/Digital-ASIC-Design-Coursework/Assignments/Synthesis/Ass_Syn_2.0/std_cells/scmetro_tsmc_cl013g_rvt_ff_1p32v_m40c.db'
1
# set the top Implementation Design
set_implementation_design UART_TX_TOP
Implementation design set to 'Imp:/WORK/UART_TX_TOP'
1
set_top UART_TX_TOP
Setting top design to 'Imp:/WORK/UART_TX_TOP'
Status:   Elaborating design UART_TX_TOP   ...  
Status:   Elaborating design UART_TX_FSM   ...  
Status:   Elaborating design Serializer   ...  
Warning: Index may take values outside array bound, may cause simulation mismatch .. (Signal: pDataReg Block: /Serializer File: /home/ICer/Digital-ASIC-Design-Coursework/Assignments/Synthesis/Ass_Syn_2.0/rtl/Serializer.v Line: 16)  (FMR_ELAB-147)
Status:   Elaborating design Parity_Calc   ...  
Status:   Elaborating design Mux_4X1   ...  
Status:  Implementing inferred operators...

************ Library Checking Summary ************
Warning:  3 unlinked power cell(s) with unread pg pins.
        Use 'report_libraries -defects all' for more details.
**************************************************

Top design set to 'Imp:/WORK/UART_TX_TOP' with warnings
   ATTENTION: RTL interpretation messages were produced during link.
              Verification results may disagree with a logic simulator.

************ RTL Interpretation Summary ************
************ Design: Imp:/WORK/UART_TX_TOP
1 FMR_ELAB-147 message produced    

Please refer to the Formality log file for more details,
or execute report_hdlin_mismatches.
****************************************************

Implementation design set to 'Imp:/WORK/UART_TX_TOP'
1
###################### Matching Compare points ####################
match
Reference design is 'Ref:/WORK/UART_TX_TOP'
Implementation design is 'Imp:/WORK/UART_TX_TOP'
Status:  Checking designs...
Status:  Building verification models...
Status:  Processing Guide Commands...

***************************** Guidance Summary *****************************
                                         Status
Command                 Accepted   Rejected  Unsupported  Unprocessed  Total
----------------------------------------------------------------------------
environment         :          3          0          0          0          3
mark                :          4          0          0          0          4
transformation
   map              :          1          0          0          0          1

SVF files read:
      /home/ICer/Digital-ASIC-Design-Coursework/Assignments/Synthesis/Ass_Syn_2.0/syn/UART_TX.svf

SVF files produced:
  /mnt/hgfs/Digital-ASIC-Design-Coursework/Assignments/Synthesis/Ass_Syn_2.0/formality/formality_svf/
    svf.txt
****************************************************************************

Status:  Matching...
    
*********************************** Matching Results ***********************************    
 18 Compare points matched by name    
 0 Compare points matched by signature analysis    
 0 Compare points matched by topology    
 13 Matched primary inputs, black-box outputs    
 0(0) Unmatched reference(implementation) compare points    
 0(0) Unmatched reference(implementation) primary inputs, black-box outputs    
****************************************************************************************

1
######################### Run Verification ########################
set successful [verify]
Reference design is 'Ref:/WORK/UART_TX_TOP'
Implementation design is 'Imp:/WORK/UART_TX_TOP'
    
*********************************** Matching Results ***********************************    
 18 Compare points matched by name    
 0 Compare points matched by signature analysis    
 0 Compare points matched by topology    
 13 Matched primary inputs, black-box outputs    
 0(0) Unmatched reference(implementation) compare points    
 0(0) Unmatched reference(implementation) primary inputs, black-box outputs    
****************************************************************************************

Status:  Verifying...

************ RTL Interpretation Summary ************
************ Reference:      Ref:/WORK/UART_TX_TOP
1 FMR_ELAB-147 message produced    
************ Implementation: Imp:/WORK/UART_TX_TOP
1 FMR_ELAB-147 message produced    

Please refer to the Formality log file for more details,
or execute report_hdlin_mismatches.
****************************************************

***************************** Synopsys Auto Setup Summary ******************************

!!! Synopsys Auto Setup Mode was enabled. !!!
!!! Verification results are valid assuming the following setup constraints: !!!

### RTL Interpretation Setup
   set hdlin_ignore_parallel_case false
   set hdlin_ignore_full_case false
   set hdlin_error_on_mismatch_message false
   set hdlin_ignore_embedded_configuration true

### Undriven Signal Handling Setup
   set verification_set_undriven_signals synthesis

### Test Logic Setup
   set verification_verify_directly_undriven_output false
   For details see report_dont_verify_points and report_constants


For further details on Synopsys Auto Setup Mode: Type man synopsys_auto_setup
****************************************************************************************


********************************* Verification Results *********************************
Verification SUCCEEDED
   ATTENTION: synopsys_auto_setup mode was enabled.
              See Synopsys Auto Setup Summary for details.
   ATTENTION: RTL interpretation messages were produced during link
              of reference and implementation designs.
              Verification results may disagree with a logic simulator.
-----------------------------------------------------------------------
 Reference design: Ref:/WORK/UART_TX_TOP
 Implementation design: Imp:/WORK/UART_TX_TOP
 18 Passing compare points
----------------------------------------------------------------------------------------
Matched Compare Points     BBPin    Loop   BBNet     Cut    Port     DFF     LAT   TOTAL
----------------------------------------------------------------------------------------
Passing (equivalent)           0       0       0       0       2      16       0      18
Failing (not equivalent)       0       0       0       0       0       0       0       0
****************************************************************************************
1
if {!$successful} {
diagnose
analyze_points -failing
}
########################### Reporting ############################# 
report_passing_points > "passing_points.rpt"
report_failing_points > "failing_points.rpt"
report_aborted_points > "aborted_points.rpt"
report_unverified_points > "unverified_points.rpt"
