 
****************************************
Report : area
Design : alu8_top
Version: O-2018.06-SP1
Date   : Thu Sep 10 13:11:57 2026
****************************************

Library(s) Used:

    scmetro_tsmc_cl013g_rvt_ss_1p08v_125c (File: /home/ICer/Digital-ASIC-Design-Coursework/Assignments/Synthesis/Ass_Syn_3.0_Before_Pipeline/Ass_Syn_3.0/std_cells/scmetro_tsmc_cl013g_rvt_ss_1p08v_125c.db)

Number of ports:                          182
Number of nets:                           904
Number of cells:                          747
Number of combinational cells:            691
Number of sequential cells:                52
Number of macros/black boxes:               0
Number of buf/inv:                        210
Number of references:                       8

Combinational area:              11810.537977
Buf/Inv area:                     2735.827493
Noncombinational area:            1354.381674
Macro/Black Box area:                0.000000
Net Interconnect area:          219241.096710

Total cell area:                 13164.919651
Total area:                     232406.016361

Hierarchical area distribution
------------------------------

                                  Global cell area            Local cell area
                                  -------------------  ----------------------------- 
Hierarchical cell                 Absolute    Percent  Combi-      Noncombi-  Black-
                                  Total       Total    national    national   boxes   Design
--------------------------------  ----------  -------  ----------  ---------  ------  --------------------
alu8_top                          13164.9197    100.0    345.9498     0.0000  0.0000  alu8_top
u_add                               900.1755      6.8    101.1962   284.7614  0.0000  add_unit
u_add/add_34                        514.2179      3.9    514.2179     0.0000  0.0000  add_unit_DW01_add_0
u_mul                             11918.7943     90.5   9281.8097  1069.6203  0.0000  mult_unit
u_mul/add_0_root_add_0_root_add_135
                                   1567.3644     11.9   1567.3644     0.0000  0.0000  mult_unit_DW01_add_8
--------------------------------  ----------  -------  ----------  ---------  ------  --------------------
Total                                                  11810.5380  1354.3817  0.0000

1
