Loading db file '/home/ICer/Digital-ASIC-Design-Coursework/Assignments/Synthesis/Ass_Syn_3.0_Before_Pipeline/Ass_Syn_3.0/std_cells/scmetro_tsmc_cl013g_rvt_ss_1p08v_125c.db'
Information: Propagating switching activity (low effort zero delay simulation). (PWR-6)
Warning: Design has unannotated primary inputs. (PWR-414)
Warning: Design has unannotated sequential cell outputs. (PWR-415)
 
****************************************
Report : power
        -hier
        -analysis_effort low
Design : alu8_top
Version: O-2018.06-SP1
Date   : Thu Sep 10 13:11:58 2026
****************************************


Library(s) Used:

    scmetro_tsmc_cl013g_rvt_ss_1p08v_125c (File: /home/ICer/Digital-ASIC-Design-Coursework/Assignments/Synthesis/Ass_Syn_3.0_Before_Pipeline/Ass_Syn_3.0/std_cells/scmetro_tsmc_cl013g_rvt_ss_1p08v_125c.db)


Operating Conditions: scmetro_tsmc_cl013g_rvt_ss_1p08v_125c   Library: scmetro_tsmc_cl013g_rvt_ss_1p08v_125c
Wire Load Model Mode: top

Design        Wire Load Model            Library
------------------------------------------------
alu8_top               tsmc13_wl30       scmetro_tsmc_cl013g_rvt_ss_1p08v_125c


Global Operating Voltage = 1.08 
Power-specific unit information :
    Voltage Units = 1V
    Capacitance Units = 1.000000pf
    Time Units = 1ns
    Dynamic Power Units = 1mW    (derived from V,C,T units)
    Leakage Power Units = 1pW


--------------------------------------------------------------------------------
                                       Switch   Int      Leak     Total
Hierarchy                              Power    Power    Power    Power    %
--------------------------------------------------------------------------------
alu8_top                                  0.587    0.439 1.50e+07    1.042 100.0
  u_mul (mult_unit)                       0.464    0.372 1.39e+07    0.850  81.6
    add_0_root_add_0_root_add_135 (mult_unit_DW01_add_8)
                                       8.03e-02 3.63e-02 1.75e+06    0.118  11.4
  u_add (add_unit)                     3.59e-02 5.94e-02 8.12e+05 9.61e-02   9.2
    add_34 (add_unit_DW01_add_0)       2.07e-02 1.95e-02 6.24e+05 4.09e-02   3.9
1
