 
****************************************
Report : area
Design : alu8_top
Version: O-2018.06-SP1
Date   : Sun Sep 13 19:44:21 2026
****************************************

Library(s) Used:

    scmetro_tsmc_cl013g_rvt_ss_1p08v_125c (File: /home/ICer/Labs/Lab_GLS_1.0/std_cells/scmetro_tsmc_cl013g_rvt_ss_1p08v_125c.db)

Number of ports:                           94
Number of nets:                           113
Number of cells:                           35
Number of combinational cells:             20
Number of sequential cells:                13
Number of macros/black boxes:               0
Number of buf/inv:                          2
Number of references:                       1

Combinational area:                328.299301
Buf/Inv area:                       11.767000
Noncombinational area:             378.897387
Macro/Black Box area:                0.000000
Net Interconnect area:           15680.079437

Total cell area:                   707.196688
Total area:                      16387.276125

Hierarchical area distribution
------------------------------

                                  Global cell area          Local cell area
                                  ------------------  --------------------------- 
Hierarchical cell                 Absolute   Percent  Combi-    Noncombi-  Black-
                                  Total      Total    national  national   boxes   Design
--------------------------------  ---------  -------  --------  ---------  ------  -------------------
alu8_top                           707.1967    100.0    0.0000     0.0000  0.0000  alu8_top
genblk1.u_add                      707.1967    100.0   96.4894   378.8974  0.0000  add_unit
genblk1.u_add/add_34               231.8099     32.8  231.8099     0.0000  0.0000  add_unit_DW01_add_0
--------------------------------  ---------  -------  --------  ---------  ------  -------------------
Total                                                 328.2993   378.8974  0.0000

1
