 
****************************************
Report : timing
        -path full
        -delay min
        -max_paths 100
Design : alu8_top
Version: O-2018.06-SP1
Date   : Sun Sep 13 19:44:21 2026
****************************************

Operating Conditions: scmetro_tsmc_cl013g_rvt_ff_1p32v_m40c   Library: scmetro_tsmc_cl013g_rvt_ff_1p32v_m40c
Wire Load Model Mode: top

  Startpoint: en (input port clocked by MASTER_CLK)
  Endpoint: genblk1.u_add/en_reg_reg
            (rising edge-triggered flip-flop clocked by MASTER_CLK)
  Path Group: INREG
  Path Type: min

  Des/Clust/Port     Wire Load Model       Library
  ------------------------------------------------
  alu8_top           tsmc13_wl30           scmetro_tsmc_cl013g_rvt_ss_1p08v_125c

  Point                                                   Incr       Path
  --------------------------------------------------------------------------
  clock MASTER_CLK (rise edge)                            0.00       0.00
  clock network delay (ideal)                             0.00       0.00
  input external delay                                    2.00       2.00 f
  en (in)                                                 0.10       2.10 f
  genblk1.u_add/en (add_unit)                             0.00       2.10 f
  genblk1.u_add/en_reg_reg/D (DFFRQX2M)                   0.00       2.10 f
  data arrival time                                                  2.10

  clock MASTER_CLK (rise edge)                            0.00       0.00
  clock network delay (ideal)                             0.00       0.00
  clock uncertainty                                       0.10       0.10
  genblk1.u_add/en_reg_reg/CK (DFFRQX2M)                  0.00       0.10 r
  library hold time                                      -0.04       0.06
  data required time                                                 0.06
  --------------------------------------------------------------------------
  data required time                                                 0.06
  data arrival time                                                 -2.10
  --------------------------------------------------------------------------
  slack (MET)                                                        2.04


  Startpoint: b[0] (input port clocked by MASTER_CLK)
  Endpoint: genblk1.u_add/sum_reg[0]
            (rising edge-triggered flip-flop clocked by MASTER_CLK)
  Path Group: INREG
  Path Type: min

  Des/Clust/Port     Wire Load Model       Library
  ------------------------------------------------
  alu8_top           tsmc13_wl30           scmetro_tsmc_cl013g_rvt_ss_1p08v_125c

  Point                                                   Incr       Path
  --------------------------------------------------------------------------
  clock MASTER_CLK (rise edge)                            0.00       0.00
  clock network delay (ideal)                             0.00       0.00
  input external delay                                    2.00       2.00 f
  b[0] (in)                                               0.20       2.20 f
  genblk1.u_add/b[0] (add_unit)                           0.00       2.20 f
  genblk1.u_add/add_34/B[0] (add_unit_DW01_add_0)         0.00       2.20 f
  genblk1.u_add/add_34/U2/Y (CLKXOR2X2M)                  0.41       2.61 r
  genblk1.u_add/add_34/SUM[0] (add_unit_DW01_add_0)       0.00       2.61 r
  genblk1.u_add/U12/Y (AO22X1M)                           0.45       3.07 r
  genblk1.u_add/sum_reg[0]/D (DFFRHQX8M)                  0.00       3.07 r
  data arrival time                                                  3.07

  clock MASTER_CLK (rise edge)                            0.00       0.00
  clock network delay (ideal)                             0.00       0.00
  clock uncertainty                                       0.10       0.10
  genblk1.u_add/sum_reg[0]/CK (DFFRHQX8M)                 0.00       0.10 r
  library hold time                                      -0.07       0.03
  data required time                                                 0.03
  --------------------------------------------------------------------------
  data required time                                                 0.03
  data arrival time                                                 -3.07
  --------------------------------------------------------------------------
  slack (MET)                                                        3.04


  Startpoint: a[1] (input port clocked by MASTER_CLK)
  Endpoint: genblk1.u_add/sum_reg[1]
            (rising edge-triggered flip-flop clocked by MASTER_CLK)
  Path Group: INREG
  Path Type: min

  Des/Clust/Port     Wire Load Model       Library
  ------------------------------------------------
  alu8_top           tsmc13_wl30           scmetro_tsmc_cl013g_rvt_ss_1p08v_125c

  Point                                                   Incr       Path
  --------------------------------------------------------------------------
  clock MASTER_CLK (rise edge)                            0.00       0.00
  clock network delay (ideal)                             0.00       0.00
  input external delay                                    2.00       2.00 f
  a[1] (in)                                               0.11       2.11 f
  genblk1.u_add/a[1] (add_unit)                           0.00       2.11 f
  genblk1.u_add/add_34/A[1] (add_unit_DW01_add_0)         0.00       2.11 f
  genblk1.u_add/add_34/U1_1/S (ADDFX2M)                   0.55       2.66 r
  genblk1.u_add/add_34/SUM[1] (add_unit_DW01_add_0)       0.00       2.66 r
  genblk1.u_add/U14/Y (AO22X1M)                           0.46       3.13 r
  genblk1.u_add/sum_reg[1]/D (DFFRHQX8M)                  0.00       3.13 r
  data arrival time                                                  3.13

  clock MASTER_CLK (rise edge)                            0.00       0.00
  clock network delay (ideal)                             0.00       0.00
  clock uncertainty                                       0.10       0.10
  genblk1.u_add/sum_reg[1]/CK (DFFRHQX8M)                 0.00       0.10 r
  library hold time                                      -0.07       0.03
  data required time                                                 0.03
  --------------------------------------------------------------------------
  data required time                                                 0.03
  data arrival time                                                 -3.13
  --------------------------------------------------------------------------
  slack (MET)                                                        3.10


  Startpoint: a[2] (input port clocked by MASTER_CLK)
  Endpoint: genblk1.u_add/sum_reg[2]
            (rising edge-triggered flip-flop clocked by MASTER_CLK)
  Path Group: INREG
  Path Type: min

  Des/Clust/Port     Wire Load Model       Library
  ------------------------------------------------
  alu8_top           tsmc13_wl30           scmetro_tsmc_cl013g_rvt_ss_1p08v_125c

  Point                                                   Incr       Path
  --------------------------------------------------------------------------
  clock MASTER_CLK (rise edge)                            0.00       0.00
  clock network delay (ideal)                             0.00       0.00
  input external delay                                    2.00       2.00 f
  a[2] (in)                                               0.11       2.11 f
  genblk1.u_add/a[2] (add_unit)                           0.00       2.11 f
  genblk1.u_add/add_34/A[2] (add_unit_DW01_add_0)         0.00       2.11 f
  genblk1.u_add/add_34/U1_2/S (ADDFX2M)                   0.55       2.66 r
  genblk1.u_add/add_34/SUM[2] (add_unit_DW01_add_0)       0.00       2.66 r
  genblk1.u_add/U8/Y (AO22X1M)                            0.46       3.13 r
  genblk1.u_add/sum_reg[2]/D (DFFRHQX8M)                  0.00       3.13 r
  data arrival time                                                  3.13

  clock MASTER_CLK (rise edge)                            0.00       0.00
  clock network delay (ideal)                             0.00       0.00
  clock uncertainty                                       0.10       0.10
  genblk1.u_add/sum_reg[2]/CK (DFFRHQX8M)                 0.00       0.10 r
  library hold time                                      -0.07       0.03
  data required time                                                 0.03
  --------------------------------------------------------------------------
  data required time                                                 0.03
  data arrival time                                                 -3.13
  --------------------------------------------------------------------------
  slack (MET)                                                        3.10


  Startpoint: a[3] (input port clocked by MASTER_CLK)
  Endpoint: genblk1.u_add/sum_reg[3]
            (rising edge-triggered flip-flop clocked by MASTER_CLK)
  Path Group: INREG
  Path Type: min

  Des/Clust/Port     Wire Load Model       Library
  ------------------------------------------------
  alu8_top           tsmc13_wl30           scmetro_tsmc_cl013g_rvt_ss_1p08v_125c

  Point                                                   Incr       Path
  --------------------------------------------------------------------------
  clock MASTER_CLK (rise edge)                            0.00       0.00
  clock network delay (ideal)                             0.00       0.00
  input external delay                                    2.00       2.00 f
  a[3] (in)                                               0.11       2.11 f
  genblk1.u_add/a[3] (add_unit)                           0.00       2.11 f
  genblk1.u_add/add_34/A[3] (add_unit_DW01_add_0)         0.00       2.11 f
  genblk1.u_add/add_34/U1_3/S (ADDFX2M)                   0.55       2.66 r
  genblk1.u_add/add_34/SUM[3] (add_unit_DW01_add_0)       0.00       2.66 r
  genblk1.u_add/U9/Y (AO22X1M)                            0.46       3.13 r
  genblk1.u_add/sum_reg[3]/D (DFFRHQX8M)                  0.00       3.13 r
  data arrival time                                                  3.13

  clock MASTER_CLK (rise edge)                            0.00       0.00
  clock network delay (ideal)                             0.00       0.00
  clock uncertainty                                       0.10       0.10
  genblk1.u_add/sum_reg[3]/CK (DFFRHQX8M)                 0.00       0.10 r
  library hold time                                      -0.07       0.03
  data required time                                                 0.03
  --------------------------------------------------------------------------
  data required time                                                 0.03
  data arrival time                                                 -3.13
  --------------------------------------------------------------------------
  slack (MET)                                                        3.10


  Startpoint: a[4] (input port clocked by MASTER_CLK)
  Endpoint: genblk1.u_add/sum_reg[4]
            (rising edge-triggered flip-flop clocked by MASTER_CLK)
  Path Group: INREG
  Path Type: min

  Des/Clust/Port     Wire Load Model       Library
  ------------------------------------------------
  alu8_top           tsmc13_wl30           scmetro_tsmc_cl013g_rvt_ss_1p08v_125c

  Point                                                   Incr       Path
  --------------------------------------------------------------------------
  clock MASTER_CLK (rise edge)                            0.00       0.00
  clock network delay (ideal)                             0.00       0.00
  input external delay                                    2.00       2.00 f
  a[4] (in)                                               0.11       2.11 f
  genblk1.u_add/a[4] (add_unit)                           0.00       2.11 f
  genblk1.u_add/add_34/A[4] (add_unit_DW01_add_0)         0.00       2.11 f
  genblk1.u_add/add_34/U1_4/S (ADDFX2M)                   0.55       2.66 r
  genblk1.u_add/add_34/SUM[4] (add_unit_DW01_add_0)       0.00       2.66 r
  genblk1.u_add/U10/Y (AO22X1M)                           0.46       3.13 r
  genblk1.u_add/sum_reg[4]/D (DFFRHQX8M)                  0.00       3.13 r
  data arrival time                                                  3.13

  clock MASTER_CLK (rise edge)                            0.00       0.00
  clock network delay (ideal)                             0.00       0.00
  clock uncertainty                                       0.10       0.10
  genblk1.u_add/sum_reg[4]/CK (DFFRHQX8M)                 0.00       0.10 r
  library hold time                                      -0.07       0.03
  data required time                                                 0.03
  --------------------------------------------------------------------------
  data required time                                                 0.03
  data arrival time                                                 -3.13
  --------------------------------------------------------------------------
  slack (MET)                                                        3.10


  Startpoint: a[5] (input port clocked by MASTER_CLK)
  Endpoint: genblk1.u_add/sum_reg[5]
            (rising edge-triggered flip-flop clocked by MASTER_CLK)
  Path Group: INREG
  Path Type: min

  Des/Clust/Port     Wire Load Model       Library
  ------------------------------------------------
  alu8_top           tsmc13_wl30           scmetro_tsmc_cl013g_rvt_ss_1p08v_125c

  Point                                                   Incr       Path
  --------------------------------------------------------------------------
  clock MASTER_CLK (rise edge)                            0.00       0.00
  clock network delay (ideal)                             0.00       0.00
  input external delay                                    2.00       2.00 f
  a[5] (in)                                               0.11       2.11 f
  genblk1.u_add/a[5] (add_unit)                           0.00       2.11 f
  genblk1.u_add/add_34/A[5] (add_unit_DW01_add_0)         0.00       2.11 f
  genblk1.u_add/add_34/U1_5/S (ADDFX2M)                   0.55       2.66 r
  genblk1.u_add/add_34/SUM[5] (add_unit_DW01_add_0)       0.00       2.66 r
  genblk1.u_add/U11/Y (AO22X1M)                           0.46       3.13 r
  genblk1.u_add/sum_reg[5]/D (DFFRHQX8M)                  0.00       3.13 r
  data arrival time                                                  3.13

  clock MASTER_CLK (rise edge)                            0.00       0.00
  clock network delay (ideal)                             0.00       0.00
  clock uncertainty                                       0.10       0.10
  genblk1.u_add/sum_reg[5]/CK (DFFRHQX8M)                 0.00       0.10 r
  library hold time                                      -0.07       0.03
  data required time                                                 0.03
  --------------------------------------------------------------------------
  data required time                                                 0.03
  data arrival time                                                 -3.13
  --------------------------------------------------------------------------
  slack (MET)                                                        3.10


  Startpoint: a[6] (input port clocked by MASTER_CLK)
  Endpoint: genblk1.u_add/sum_reg[6]
            (rising edge-triggered flip-flop clocked by MASTER_CLK)
  Path Group: INREG
  Path Type: min

  Des/Clust/Port     Wire Load Model       Library
  ------------------------------------------------
  alu8_top           tsmc13_wl30           scmetro_tsmc_cl013g_rvt_ss_1p08v_125c

  Point                                                   Incr       Path
  --------------------------------------------------------------------------
  clock MASTER_CLK (rise edge)                            0.00       0.00
  clock network delay (ideal)                             0.00       0.00
  input external delay                                    2.00       2.00 f
  a[6] (in)                                               0.11       2.11 f
  genblk1.u_add/a[6] (add_unit)                           0.00       2.11 f
  genblk1.u_add/add_34/A[6] (add_unit_DW01_add_0)         0.00       2.11 f
  genblk1.u_add/add_34/U1_6/S (ADDFX2M)                   0.55       2.66 r
  genblk1.u_add/add_34/SUM[6] (add_unit_DW01_add_0)       0.00       2.66 r
  genblk1.u_add/U5/Y (AO22X1M)                            0.46       3.13 r
  genblk1.u_add/sum_reg[6]/D (DFFRHQX8M)                  0.00       3.13 r
  data arrival time                                                  3.13

  clock MASTER_CLK (rise edge)                            0.00       0.00
  clock network delay (ideal)                             0.00       0.00
  clock uncertainty                                       0.10       0.10
  genblk1.u_add/sum_reg[6]/CK (DFFRHQX8M)                 0.00       0.10 r
  library hold time                                      -0.07       0.03
  data required time                                                 0.03
  --------------------------------------------------------------------------
  data required time                                                 0.03
  data arrival time                                                 -3.13
  --------------------------------------------------------------------------
  slack (MET)                                                        3.10


  Startpoint: a[7] (input port clocked by MASTER_CLK)
  Endpoint: genblk1.u_add/sum_reg[7]
            (rising edge-triggered flip-flop clocked by MASTER_CLK)
  Path Group: INREG
  Path Type: min

  Des/Clust/Port     Wire Load Model       Library
  ------------------------------------------------
  alu8_top           tsmc13_wl30           scmetro_tsmc_cl013g_rvt_ss_1p08v_125c

  Point                                                   Incr       Path
  --------------------------------------------------------------------------
  clock MASTER_CLK (rise edge)                            0.00       0.00
  clock network delay (ideal)                             0.00       0.00
  input external delay                                    2.00       2.00 f
  a[7] (in)                                               0.11       2.11 f
  genblk1.u_add/a[7] (add_unit)                           0.00       2.11 f
  genblk1.u_add/add_34/A[7] (add_unit_DW01_add_0)         0.00       2.11 f
  genblk1.u_add/add_34/U1_7/S (ADDFX2M)                   0.55       2.66 r
  genblk1.u_add/add_34/SUM[7] (add_unit_DW01_add_0)       0.00       2.66 r
  genblk1.u_add/U6/Y (AO22X1M)                            0.46       3.13 r
  genblk1.u_add/sum_reg[7]/D (DFFRHQX8M)                  0.00       3.13 r
  data arrival time                                                  3.13

  clock MASTER_CLK (rise edge)                            0.00       0.00
  clock network delay (ideal)                             0.00       0.00
  clock uncertainty                                       0.10       0.10
  genblk1.u_add/sum_reg[7]/CK (DFFRHQX8M)                 0.00       0.10 r
  library hold time                                      -0.07       0.03
  data required time                                                 0.03
  --------------------------------------------------------------------------
  data required time                                                 0.03
  data arrival time                                                 -3.13
  --------------------------------------------------------------------------
  slack (MET)                                                        3.10


  Startpoint: b[7] (input port clocked by MASTER_CLK)
  Endpoint: genblk1.u_add/cout_reg
            (rising edge-triggered flip-flop clocked by MASTER_CLK)
  Path Group: INREG
  Path Type: min

  Des/Clust/Port     Wire Load Model       Library
  ------------------------------------------------
  alu8_top           tsmc13_wl30           scmetro_tsmc_cl013g_rvt_ss_1p08v_125c

  Point                                                   Incr       Path
  --------------------------------------------------------------------------
  clock MASTER_CLK (rise edge)                            0.00       0.00
  clock network delay (ideal)                             0.00       0.00
  input external delay                                    2.00       2.00 f
  b[7] (in)                                               0.11       2.11 f
  genblk1.u_add/b[7] (add_unit)                           0.00       2.11 f
  genblk1.u_add/add_34/B[7] (add_unit_DW01_add_0)         0.00       2.11 f
  genblk1.u_add/add_34/U1_7/CO (ADDFX2M)                  0.46       2.57 f
  genblk1.u_add/add_34/SUM[8] (add_unit_DW01_add_0)       0.00       2.57 f
  genblk1.u_add/U7/Y (AO22X1M)                            0.54       3.11 f
  genblk1.u_add/cout_reg/D (DFFRHQX8M)                    0.00       3.11 f
  data arrival time                                                  3.11

  clock MASTER_CLK (rise edge)                            0.00       0.00
  clock network delay (ideal)                             0.00       0.00
  clock uncertainty                                       0.10       0.10
  genblk1.u_add/cout_reg/CK (DFFRHQX8M)                   0.00       0.10 r
  library hold time                                      -0.12      -0.02
  data required time                                                -0.02
  --------------------------------------------------------------------------
  data required time                                                -0.02
  data arrival time                                                 -3.11
  --------------------------------------------------------------------------
  slack (MET)                                                        3.14


  Startpoint: genblk1.u_add/en_reg_reg
              (rising edge-triggered flip-flop clocked by MASTER_CLK)
  Endpoint: genblk1.u_add/valid_reg
            (rising edge-triggered flip-flop clocked by MASTER_CLK)
  Path Group: MASTER_CLK
  Path Type: min

  Des/Clust/Port     Wire Load Model       Library
  ------------------------------------------------
  alu8_top           tsmc13_wl30           scmetro_tsmc_cl013g_rvt_ss_1p08v_125c

  Point                                                   Incr       Path
  --------------------------------------------------------------------------
  clock MASTER_CLK (rise edge)                            0.00       0.00
  clock network delay (ideal)                             0.00       0.00
  genblk1.u_add/en_reg_reg/CK (DFFRQX2M)                  0.00       0.00 r
  genblk1.u_add/en_reg_reg/Q (DFFRQX2M)                   0.71       0.71 r
  genblk1.u_add/valid_reg/D (DFFRHQX8M)                   0.00       0.71 r
  data arrival time                                                  0.71

  clock MASTER_CLK (rise edge)                            0.00       0.00
  clock network delay (ideal)                             0.00       0.00
  clock uncertainty                                       0.10       0.10
  genblk1.u_add/valid_reg/CK (DFFRHQX8M)                  0.00       0.10 r
  library hold time                                      -0.08       0.02
  data required time                                                 0.02
  --------------------------------------------------------------------------
  data required time                                                 0.02
  data arrival time                                                 -0.71
  --------------------------------------------------------------------------
  slack (MET)                                                        0.68


  Startpoint: genblk1.u_add/sum_reg[0]
              (rising edge-triggered flip-flop clocked by MASTER_CLK)
  Endpoint: genblk1.u_add/sum_reg[0]
            (rising edge-triggered flip-flop clocked by MASTER_CLK)
  Path Group: MASTER_CLK
  Path Type: min

  Des/Clust/Port     Wire Load Model       Library
  ------------------------------------------------
  alu8_top           tsmc13_wl30           scmetro_tsmc_cl013g_rvt_ss_1p08v_125c

  Point                                                   Incr       Path
  --------------------------------------------------------------------------
  clock MASTER_CLK (rise edge)                            0.00       0.00
  clock network delay (ideal)                             0.00       0.00
  genblk1.u_add/sum_reg[0]/CK (DFFRHQX8M)                 0.00       0.00 r
  genblk1.u_add/sum_reg[0]/Q (DFFRHQX8M)                  0.73       0.73 f
  genblk1.u_add/U12/Y (AO22X1M)                           0.60       1.33 f
  genblk1.u_add/sum_reg[0]/D (DFFRHQX8M)                  0.00       1.33 f
  data arrival time                                                  1.33

  clock MASTER_CLK (rise edge)                            0.00       0.00
  clock network delay (ideal)                             0.00       0.00
  clock uncertainty                                       0.10       0.10
  genblk1.u_add/sum_reg[0]/CK (DFFRHQX8M)                 0.00       0.10 r
  library hold time                                      -0.12      -0.02
  data required time                                                -0.02
  --------------------------------------------------------------------------
  data required time                                                -0.02
  data arrival time                                                 -1.33
  --------------------------------------------------------------------------
  slack (MET)                                                        1.35


  Startpoint: genblk1.u_add/sum_reg[1]
              (rising edge-triggered flip-flop clocked by MASTER_CLK)
  Endpoint: genblk1.u_add/sum_reg[1]
            (rising edge-triggered flip-flop clocked by MASTER_CLK)
  Path Group: MASTER_CLK
  Path Type: min

  Des/Clust/Port     Wire Load Model       Library
  ------------------------------------------------
  alu8_top           tsmc13_wl30           scmetro_tsmc_cl013g_rvt_ss_1p08v_125c

  Point                                                   Incr       Path
  --------------------------------------------------------------------------
  clock MASTER_CLK (rise edge)                            0.00       0.00
  clock network delay (ideal)                             0.00       0.00
  genblk1.u_add/sum_reg[1]/CK (DFFRHQX8M)                 0.00       0.00 r
  genblk1.u_add/sum_reg[1]/Q (DFFRHQX8M)                  0.73       0.73 f
  genblk1.u_add/U14/Y (AO22X1M)                           0.60       1.33 f
  genblk1.u_add/sum_reg[1]/D (DFFRHQX8M)                  0.00       1.33 f
  data arrival time                                                  1.33

  clock MASTER_CLK (rise edge)                            0.00       0.00
  clock network delay (ideal)                             0.00       0.00
  clock uncertainty                                       0.10       0.10
  genblk1.u_add/sum_reg[1]/CK (DFFRHQX8M)                 0.00       0.10 r
  library hold time                                      -0.12      -0.02
  data required time                                                -0.02
  --------------------------------------------------------------------------
  data required time                                                -0.02
  data arrival time                                                 -1.33
  --------------------------------------------------------------------------
  slack (MET)                                                        1.35


  Startpoint: genblk1.u_add/sum_reg[2]
              (rising edge-triggered flip-flop clocked by MASTER_CLK)
  Endpoint: genblk1.u_add/sum_reg[2]
            (rising edge-triggered flip-flop clocked by MASTER_CLK)
  Path Group: MASTER_CLK
  Path Type: min

  Des/Clust/Port     Wire Load Model       Library
  ------------------------------------------------
  alu8_top           tsmc13_wl30           scmetro_tsmc_cl013g_rvt_ss_1p08v_125c

  Point                                                   Incr       Path
  --------------------------------------------------------------------------
  clock MASTER_CLK (rise edge)                            0.00       0.00
  clock network delay (ideal)                             0.00       0.00
  genblk1.u_add/sum_reg[2]/CK (DFFRHQX8M)                 0.00       0.00 r
  genblk1.u_add/sum_reg[2]/Q (DFFRHQX8M)                  0.73       0.73 f
  genblk1.u_add/U8/Y (AO22X1M)                            0.60       1.33 f
  genblk1.u_add/sum_reg[2]/D (DFFRHQX8M)                  0.00       1.33 f
  data arrival time                                                  1.33

  clock MASTER_CLK (rise edge)                            0.00       0.00
  clock network delay (ideal)                             0.00       0.00
  clock uncertainty                                       0.10       0.10
  genblk1.u_add/sum_reg[2]/CK (DFFRHQX8M)                 0.00       0.10 r
  library hold time                                      -0.12      -0.02
  data required time                                                -0.02
  --------------------------------------------------------------------------
  data required time                                                -0.02
  data arrival time                                                 -1.33
  --------------------------------------------------------------------------
  slack (MET)                                                        1.35


  Startpoint: genblk1.u_add/sum_reg[3]
              (rising edge-triggered flip-flop clocked by MASTER_CLK)
  Endpoint: genblk1.u_add/sum_reg[3]
            (rising edge-triggered flip-flop clocked by MASTER_CLK)
  Path Group: MASTER_CLK
  Path Type: min

  Des/Clust/Port     Wire Load Model       Library
  ------------------------------------------------
  alu8_top           tsmc13_wl30           scmetro_tsmc_cl013g_rvt_ss_1p08v_125c

  Point                                                   Incr       Path
  --------------------------------------------------------------------------
  clock MASTER_CLK (rise edge)                            0.00       0.00
  clock network delay (ideal)                             0.00       0.00
  genblk1.u_add/sum_reg[3]/CK (DFFRHQX8M)                 0.00       0.00 r
  genblk1.u_add/sum_reg[3]/Q (DFFRHQX8M)                  0.73       0.73 f
  genblk1.u_add/U9/Y (AO22X1M)                            0.60       1.33 f
  genblk1.u_add/sum_reg[3]/D (DFFRHQX8M)                  0.00       1.33 f
  data arrival time                                                  1.33

  clock MASTER_CLK (rise edge)                            0.00       0.00
  clock network delay (ideal)                             0.00       0.00
  clock uncertainty                                       0.10       0.10
  genblk1.u_add/sum_reg[3]/CK (DFFRHQX8M)                 0.00       0.10 r
  library hold time                                      -0.12      -0.02
  data required time                                                -0.02
  --------------------------------------------------------------------------
  data required time                                                -0.02
  data arrival time                                                 -1.33
  --------------------------------------------------------------------------
  slack (MET)                                                        1.35


  Startpoint: genblk1.u_add/sum_reg[4]
              (rising edge-triggered flip-flop clocked by MASTER_CLK)
  Endpoint: genblk1.u_add/sum_reg[4]
            (rising edge-triggered flip-flop clocked by MASTER_CLK)
  Path Group: MASTER_CLK
  Path Type: min

  Des/Clust/Port     Wire Load Model       Library
  ------------------------------------------------
  alu8_top           tsmc13_wl30           scmetro_tsmc_cl013g_rvt_ss_1p08v_125c

  Point                                                   Incr       Path
  --------------------------------------------------------------------------
  clock MASTER_CLK (rise edge)                            0.00       0.00
  clock network delay (ideal)                             0.00       0.00
  genblk1.u_add/sum_reg[4]/CK (DFFRHQX8M)                 0.00       0.00 r
  genblk1.u_add/sum_reg[4]/Q (DFFRHQX8M)                  0.73       0.73 f
  genblk1.u_add/U10/Y (AO22X1M)                           0.60       1.33 f
  genblk1.u_add/sum_reg[4]/D (DFFRHQX8M)                  0.00       1.33 f
  data arrival time                                                  1.33

  clock MASTER_CLK (rise edge)                            0.00       0.00
  clock network delay (ideal)                             0.00       0.00
  clock uncertainty                                       0.10       0.10
  genblk1.u_add/sum_reg[4]/CK (DFFRHQX8M)                 0.00       0.10 r
  library hold time                                      -0.12      -0.02
  data required time                                                -0.02
  --------------------------------------------------------------------------
  data required time                                                -0.02
  data arrival time                                                 -1.33
  --------------------------------------------------------------------------
  slack (MET)                                                        1.35


  Startpoint: genblk1.u_add/sum_reg[5]
              (rising edge-triggered flip-flop clocked by MASTER_CLK)
  Endpoint: genblk1.u_add/sum_reg[5]
            (rising edge-triggered flip-flop clocked by MASTER_CLK)
  Path Group: MASTER_CLK
  Path Type: min

  Des/Clust/Port     Wire Load Model       Library
  ------------------------------------------------
  alu8_top           tsmc13_wl30           scmetro_tsmc_cl013g_rvt_ss_1p08v_125c

  Point                                                   Incr       Path
  --------------------------------------------------------------------------
  clock MASTER_CLK (rise edge)                            0.00       0.00
  clock network delay (ideal)                             0.00       0.00
  genblk1.u_add/sum_reg[5]/CK (DFFRHQX8M)                 0.00       0.00 r
  genblk1.u_add/sum_reg[5]/Q (DFFRHQX8M)                  0.73       0.73 f
  genblk1.u_add/U11/Y (AO22X1M)                           0.60       1.33 f
  genblk1.u_add/sum_reg[5]/D (DFFRHQX8M)                  0.00       1.33 f
  data arrival time                                                  1.33

  clock MASTER_CLK (rise edge)                            0.00       0.00
  clock network delay (ideal)                             0.00       0.00
  clock uncertainty                                       0.10       0.10
  genblk1.u_add/sum_reg[5]/CK (DFFRHQX8M)                 0.00       0.10 r
  library hold time                                      -0.12      -0.02
  data required time                                                -0.02
  --------------------------------------------------------------------------
  data required time                                                -0.02
  data arrival time                                                 -1.33
  --------------------------------------------------------------------------
  slack (MET)                                                        1.35


  Startpoint: genblk1.u_add/sum_reg[6]
              (rising edge-triggered flip-flop clocked by MASTER_CLK)
  Endpoint: genblk1.u_add/sum_reg[6]
            (rising edge-triggered flip-flop clocked by MASTER_CLK)
  Path Group: MASTER_CLK
  Path Type: min

  Des/Clust/Port     Wire Load Model       Library
  ------------------------------------------------
  alu8_top           tsmc13_wl30           scmetro_tsmc_cl013g_rvt_ss_1p08v_125c

  Point                                                   Incr       Path
  --------------------------------------------------------------------------
  clock MASTER_CLK (rise edge)                            0.00       0.00
  clock network delay (ideal)                             0.00       0.00
  genblk1.u_add/sum_reg[6]/CK (DFFRHQX8M)                 0.00       0.00 r
  genblk1.u_add/sum_reg[6]/Q (DFFRHQX8M)                  0.73       0.73 f
  genblk1.u_add/U5/Y (AO22X1M)                            0.60       1.33 f
  genblk1.u_add/sum_reg[6]/D (DFFRHQX8M)                  0.00       1.33 f
  data arrival time                                                  1.33

  clock MASTER_CLK (rise edge)                            0.00       0.00
  clock network delay (ideal)                             0.00       0.00
  clock uncertainty                                       0.10       0.10
  genblk1.u_add/sum_reg[6]/CK (DFFRHQX8M)                 0.00       0.10 r
  library hold time                                      -0.12      -0.02
  data required time                                                -0.02
  --------------------------------------------------------------------------
  data required time                                                -0.02
  data arrival time                                                 -1.33
  --------------------------------------------------------------------------
  slack (MET)                                                        1.35


  Startpoint: genblk1.u_add/cout_reg
              (rising edge-triggered flip-flop clocked by MASTER_CLK)
  Endpoint: genblk1.u_add/cout_reg
            (rising edge-triggered flip-flop clocked by MASTER_CLK)
  Path Group: MASTER_CLK
  Path Type: min

  Des/Clust/Port     Wire Load Model       Library
  ------------------------------------------------
  alu8_top           tsmc13_wl30           scmetro_tsmc_cl013g_rvt_ss_1p08v_125c

  Point                                                   Incr       Path
  --------------------------------------------------------------------------
  clock MASTER_CLK (rise edge)                            0.00       0.00
  clock network delay (ideal)                             0.00       0.00
  genblk1.u_add/cout_reg/CK (DFFRHQX8M)                   0.00       0.00 r
  genblk1.u_add/cout_reg/Q (DFFRHQX8M)                    0.73       0.73 f
  genblk1.u_add/U7/Y (AO22X1M)                            0.60       1.33 f
  genblk1.u_add/cout_reg/D (DFFRHQX8M)                    0.00       1.33 f
  data arrival time                                                  1.33

  clock MASTER_CLK (rise edge)                            0.00       0.00
  clock network delay (ideal)                             0.00       0.00
  clock uncertainty                                       0.10       0.10
  genblk1.u_add/cout_reg/CK (DFFRHQX8M)                   0.00       0.10 r
  library hold time                                      -0.12      -0.02
  data required time                                                -0.02
  --------------------------------------------------------------------------
  data required time                                                -0.02
  data arrival time                                                 -1.33
  --------------------------------------------------------------------------
  slack (MET)                                                        1.35


  Startpoint: genblk1.u_add/sum_reg[7]
              (rising edge-triggered flip-flop clocked by MASTER_CLK)
  Endpoint: genblk1.u_add/sum_reg[7]
            (rising edge-triggered flip-flop clocked by MASTER_CLK)
  Path Group: MASTER_CLK
  Path Type: min

  Des/Clust/Port     Wire Load Model       Library
  ------------------------------------------------
  alu8_top           tsmc13_wl30           scmetro_tsmc_cl013g_rvt_ss_1p08v_125c

  Point                                                   Incr       Path
  --------------------------------------------------------------------------
  clock MASTER_CLK (rise edge)                            0.00       0.00
  clock network delay (ideal)                             0.00       0.00
  genblk1.u_add/sum_reg[7]/CK (DFFRHQX8M)                 0.00       0.00 r
  genblk1.u_add/sum_reg[7]/Q (DFFRHQX8M)                  0.73       0.73 f
  genblk1.u_add/U6/Y (AO22X1M)                            0.60       1.33 f
  genblk1.u_add/sum_reg[7]/D (DFFRHQX8M)                  0.00       1.33 f
  data arrival time                                                  1.33

  clock MASTER_CLK (rise edge)                            0.00       0.00
  clock network delay (ideal)                             0.00       0.00
  clock uncertainty                                       0.10       0.10
  genblk1.u_add/sum_reg[7]/CK (DFFRHQX8M)                 0.00       0.10 r
  library hold time                                      -0.12      -0.02
  data required time                                                -0.02
  --------------------------------------------------------------------------
  data required time                                                -0.02
  data arrival time                                                 -1.33
  --------------------------------------------------------------------------
  slack (MET)                                                        1.35


  Startpoint: genblk1.u_add/valid_reg
              (rising edge-triggered flip-flop clocked by MASTER_CLK)
  Endpoint: valid (output port clocked by MASTER_CLK)
  Path Group: REGOUT
  Path Type: min

  Des/Clust/Port     Wire Load Model       Library
  ------------------------------------------------
  alu8_top           tsmc13_wl30           scmetro_tsmc_cl013g_rvt_ss_1p08v_125c

  Point                                                   Incr       Path
  --------------------------------------------------------------------------
  clock MASTER_CLK (rise edge)                            0.00       0.00
  clock network delay (ideal)                             0.00       0.00
  genblk1.u_add/valid_reg/CK (DFFRHQX8M)                  0.00       0.00 r
  genblk1.u_add/valid_reg/Q (DFFRHQX8M)                   0.71       0.71 f
  genblk1.u_add/valid (add_unit)                          0.00       0.71 f
  valid (out)                                             0.00       0.71 f
  data arrival time                                                  0.71

  clock MASTER_CLK (rise edge)                            0.00       0.00
  clock network delay (ideal)                             0.00       0.00
  clock uncertainty                                       0.10       0.10
  output external delay                                  -2.00      -1.90
  data required time                                                -1.90
  --------------------------------------------------------------------------
  data required time                                                -1.90
  data arrival time                                                 -0.71
  --------------------------------------------------------------------------
  slack (MET)                                                        2.61


  Startpoint: genblk1.u_add/cout_reg
              (rising edge-triggered flip-flop clocked by MASTER_CLK)
  Endpoint: result[8] (output port clocked by MASTER_CLK)
  Path Group: REGOUT
  Path Type: min

  Des/Clust/Port     Wire Load Model       Library
  ------------------------------------------------
  alu8_top           tsmc13_wl30           scmetro_tsmc_cl013g_rvt_ss_1p08v_125c

  Point                                                   Incr       Path
  --------------------------------------------------------------------------
  clock MASTER_CLK (rise edge)                            0.00       0.00
  clock network delay (ideal)                             0.00       0.00
  genblk1.u_add/cout_reg/CK (DFFRHQX8M)                   0.00       0.00 r
  genblk1.u_add/cout_reg/Q (DFFRHQX8M)                    0.73       0.73 f
  genblk1.u_add/cout (add_unit)                           0.00       0.73 f
  result[8] (out)                                         0.00       0.73 f
  data arrival time                                                  0.73

  clock MASTER_CLK (rise edge)                            0.00       0.00
  clock network delay (ideal)                             0.00       0.00
  clock uncertainty                                       0.10       0.10
  output external delay                                  -2.00      -1.90
  data required time                                                -1.90
  --------------------------------------------------------------------------
  data required time                                                -1.90
  data arrival time                                                 -0.73
  --------------------------------------------------------------------------
  slack (MET)                                                        2.63


  Startpoint: genblk1.u_add/sum_reg[7]
              (rising edge-triggered flip-flop clocked by MASTER_CLK)
  Endpoint: result[7] (output port clocked by MASTER_CLK)
  Path Group: REGOUT
  Path Type: min

  Des/Clust/Port     Wire Load Model       Library
  ------------------------------------------------
  alu8_top           tsmc13_wl30           scmetro_tsmc_cl013g_rvt_ss_1p08v_125c

  Point                                                   Incr       Path
  --------------------------------------------------------------------------
  clock MASTER_CLK (rise edge)                            0.00       0.00
  clock network delay (ideal)                             0.00       0.00
  genblk1.u_add/sum_reg[7]/CK (DFFRHQX8M)                 0.00       0.00 r
  genblk1.u_add/sum_reg[7]/Q (DFFRHQX8M)                  0.73       0.73 f
  genblk1.u_add/sum[7] (add_unit)                         0.00       0.73 f
  result[7] (out)                                         0.00       0.73 f
  data arrival time                                                  0.73

  clock MASTER_CLK (rise edge)                            0.00       0.00
  clock network delay (ideal)                             0.00       0.00
  clock uncertainty                                       0.10       0.10
  output external delay                                  -2.00      -1.90
  data required time                                                -1.90
  --------------------------------------------------------------------------
  data required time                                                -1.90
  data arrival time                                                 -0.73
  --------------------------------------------------------------------------
  slack (MET)                                                        2.63


  Startpoint: genblk1.u_add/sum_reg[6]
              (rising edge-triggered flip-flop clocked by MASTER_CLK)
  Endpoint: result[6] (output port clocked by MASTER_CLK)
  Path Group: REGOUT
  Path Type: min

  Des/Clust/Port     Wire Load Model       Library
  ------------------------------------------------
  alu8_top           tsmc13_wl30           scmetro_tsmc_cl013g_rvt_ss_1p08v_125c

  Point                                                   Incr       Path
  --------------------------------------------------------------------------
  clock MASTER_CLK (rise edge)                            0.00       0.00
  clock network delay (ideal)                             0.00       0.00
  genblk1.u_add/sum_reg[6]/CK (DFFRHQX8M)                 0.00       0.00 r
  genblk1.u_add/sum_reg[6]/Q (DFFRHQX8M)                  0.73       0.73 f
  genblk1.u_add/sum[6] (add_unit)                         0.00       0.73 f
  result[6] (out)                                         0.00       0.73 f
  data arrival time                                                  0.73

  clock MASTER_CLK (rise edge)                            0.00       0.00
  clock network delay (ideal)                             0.00       0.00
  clock uncertainty                                       0.10       0.10
  output external delay                                  -2.00      -1.90
  data required time                                                -1.90
  --------------------------------------------------------------------------
  data required time                                                -1.90
  data arrival time                                                 -0.73
  --------------------------------------------------------------------------
  slack (MET)                                                        2.63


  Startpoint: genblk1.u_add/sum_reg[5]
              (rising edge-triggered flip-flop clocked by MASTER_CLK)
  Endpoint: result[5] (output port clocked by MASTER_CLK)
  Path Group: REGOUT
  Path Type: min

  Des/Clust/Port     Wire Load Model       Library
  ------------------------------------------------
  alu8_top           tsmc13_wl30           scmetro_tsmc_cl013g_rvt_ss_1p08v_125c

  Point                                                   Incr       Path
  --------------------------------------------------------------------------
  clock MASTER_CLK (rise edge)                            0.00       0.00
  clock network delay (ideal)                             0.00       0.00
  genblk1.u_add/sum_reg[5]/CK (DFFRHQX8M)                 0.00       0.00 r
  genblk1.u_add/sum_reg[5]/Q (DFFRHQX8M)                  0.73       0.73 f
  genblk1.u_add/sum[5] (add_unit)                         0.00       0.73 f
  result[5] (out)                                         0.00       0.73 f
  data arrival time                                                  0.73

  clock MASTER_CLK (rise edge)                            0.00       0.00
  clock network delay (ideal)                             0.00       0.00
  clock uncertainty                                       0.10       0.10
  output external delay                                  -2.00      -1.90
  data required time                                                -1.90
  --------------------------------------------------------------------------
  data required time                                                -1.90
  data arrival time                                                 -0.73
  --------------------------------------------------------------------------
  slack (MET)                                                        2.63


  Startpoint: genblk1.u_add/sum_reg[4]
              (rising edge-triggered flip-flop clocked by MASTER_CLK)
  Endpoint: result[4] (output port clocked by MASTER_CLK)
  Path Group: REGOUT
  Path Type: min

  Des/Clust/Port     Wire Load Model       Library
  ------------------------------------------------
  alu8_top           tsmc13_wl30           scmetro_tsmc_cl013g_rvt_ss_1p08v_125c

  Point                                                   Incr       Path
  --------------------------------------------------------------------------
  clock MASTER_CLK (rise edge)                            0.00       0.00
  clock network delay (ideal)                             0.00       0.00
  genblk1.u_add/sum_reg[4]/CK (DFFRHQX8M)                 0.00       0.00 r
  genblk1.u_add/sum_reg[4]/Q (DFFRHQX8M)                  0.73       0.73 f
  genblk1.u_add/sum[4] (add_unit)                         0.00       0.73 f
  result[4] (out)                                         0.00       0.73 f
  data arrival time                                                  0.73

  clock MASTER_CLK (rise edge)                            0.00       0.00
  clock network delay (ideal)                             0.00       0.00
  clock uncertainty                                       0.10       0.10
  output external delay                                  -2.00      -1.90
  data required time                                                -1.90
  --------------------------------------------------------------------------
  data required time                                                -1.90
  data arrival time                                                 -0.73
  --------------------------------------------------------------------------
  slack (MET)                                                        2.63


  Startpoint: genblk1.u_add/sum_reg[3]
              (rising edge-triggered flip-flop clocked by MASTER_CLK)
  Endpoint: result[3] (output port clocked by MASTER_CLK)
  Path Group: REGOUT
  Path Type: min

  Des/Clust/Port     Wire Load Model       Library
  ------------------------------------------------
  alu8_top           tsmc13_wl30           scmetro_tsmc_cl013g_rvt_ss_1p08v_125c

  Point                                                   Incr       Path
  --------------------------------------------------------------------------
  clock MASTER_CLK (rise edge)                            0.00       0.00
  clock network delay (ideal)                             0.00       0.00
  genblk1.u_add/sum_reg[3]/CK (DFFRHQX8M)                 0.00       0.00 r
  genblk1.u_add/sum_reg[3]/Q (DFFRHQX8M)                  0.73       0.73 f
  genblk1.u_add/sum[3] (add_unit)                         0.00       0.73 f
  result[3] (out)                                         0.00       0.73 f
  data arrival time                                                  0.73

  clock MASTER_CLK (rise edge)                            0.00       0.00
  clock network delay (ideal)                             0.00       0.00
  clock uncertainty                                       0.10       0.10
  output external delay                                  -2.00      -1.90
  data required time                                                -1.90
  --------------------------------------------------------------------------
  data required time                                                -1.90
  data arrival time                                                 -0.73
  --------------------------------------------------------------------------
  slack (MET)                                                        2.63


  Startpoint: genblk1.u_add/sum_reg[2]
              (rising edge-triggered flip-flop clocked by MASTER_CLK)
  Endpoint: result[2] (output port clocked by MASTER_CLK)
  Path Group: REGOUT
  Path Type: min

  Des/Clust/Port     Wire Load Model       Library
  ------------------------------------------------
  alu8_top           tsmc13_wl30           scmetro_tsmc_cl013g_rvt_ss_1p08v_125c

  Point                                                   Incr       Path
  --------------------------------------------------------------------------
  clock MASTER_CLK (rise edge)                            0.00       0.00
  clock network delay (ideal)                             0.00       0.00
  genblk1.u_add/sum_reg[2]/CK (DFFRHQX8M)                 0.00       0.00 r
  genblk1.u_add/sum_reg[2]/Q (DFFRHQX8M)                  0.73       0.73 f
  genblk1.u_add/sum[2] (add_unit)                         0.00       0.73 f
  result[2] (out)                                         0.00       0.73 f
  data arrival time                                                  0.73

  clock MASTER_CLK (rise edge)                            0.00       0.00
  clock network delay (ideal)                             0.00       0.00
  clock uncertainty                                       0.10       0.10
  output external delay                                  -2.00      -1.90
  data required time                                                -1.90
  --------------------------------------------------------------------------
  data required time                                                -1.90
  data arrival time                                                 -0.73
  --------------------------------------------------------------------------
  slack (MET)                                                        2.63


  Startpoint: genblk1.u_add/sum_reg[1]
              (rising edge-triggered flip-flop clocked by MASTER_CLK)
  Endpoint: result[1] (output port clocked by MASTER_CLK)
  Path Group: REGOUT
  Path Type: min

  Des/Clust/Port     Wire Load Model       Library
  ------------------------------------------------
  alu8_top           tsmc13_wl30           scmetro_tsmc_cl013g_rvt_ss_1p08v_125c

  Point                                                   Incr       Path
  --------------------------------------------------------------------------
  clock MASTER_CLK (rise edge)                            0.00       0.00
  clock network delay (ideal)                             0.00       0.00
  genblk1.u_add/sum_reg[1]/CK (DFFRHQX8M)                 0.00       0.00 r
  genblk1.u_add/sum_reg[1]/Q (DFFRHQX8M)                  0.73       0.73 f
  genblk1.u_add/sum[1] (add_unit)                         0.00       0.73 f
  result[1] (out)                                         0.00       0.73 f
  data arrival time                                                  0.73

  clock MASTER_CLK (rise edge)                            0.00       0.00
  clock network delay (ideal)                             0.00       0.00
  clock uncertainty                                       0.10       0.10
  output external delay                                  -2.00      -1.90
  data required time                                                -1.90
  --------------------------------------------------------------------------
  data required time                                                -1.90
  data arrival time                                                 -0.73
  --------------------------------------------------------------------------
  slack (MET)                                                        2.63


  Startpoint: genblk1.u_add/sum_reg[0]
              (rising edge-triggered flip-flop clocked by MASTER_CLK)
  Endpoint: result[0] (output port clocked by MASTER_CLK)
  Path Group: REGOUT
  Path Type: min

  Des/Clust/Port     Wire Load Model       Library
  ------------------------------------------------
  alu8_top           tsmc13_wl30           scmetro_tsmc_cl013g_rvt_ss_1p08v_125c

  Point                                                   Incr       Path
  --------------------------------------------------------------------------
  clock MASTER_CLK (rise edge)                            0.00       0.00
  clock network delay (ideal)                             0.00       0.00
  genblk1.u_add/sum_reg[0]/CK (DFFRHQX8M)                 0.00       0.00 r
  genblk1.u_add/sum_reg[0]/Q (DFFRHQX8M)                  0.73       0.73 f
  genblk1.u_add/sum[0] (add_unit)                         0.00       0.73 f
  result[0] (out)                                         0.00       0.73 f
  data arrival time                                                  0.73

  clock MASTER_CLK (rise edge)                            0.00       0.00
  clock network delay (ideal)                             0.00       0.00
  clock uncertainty                                       0.10       0.10
  output external delay                                  -2.00      -1.90
  data required time                                                -1.90
  --------------------------------------------------------------------------
  data required time                                                -1.90
  data arrival time                                                 -0.73
  --------------------------------------------------------------------------
  slack (MET)                                                        2.63


1
