#! /c/Source/iverilog-install/bin/vvp
:ivl_version "12.0 (devel)" "(s20150603-1539-g2693dd32b)";
:ivl_delay_selection "TYPICAL";
:vpi_time_precision - 9;
:vpi_module "D:\iverilog\iverilog\lib\ivl\system.vpi";
:vpi_module "D:\iverilog\iverilog\lib\ivl\vhdl_sys.vpi";
:vpi_module "D:\iverilog\iverilog\lib\ivl\vhdl_textio.vpi";
:vpi_module "D:\iverilog\iverilog\lib\ivl\v2005_math.vpi";
:vpi_module "D:\iverilog\iverilog\lib\ivl\va_math.vpi";
S_0000024eeb18bab0 .scope module, "counter_TB" "counter_TB" 2 24;
 .timescale -9 -9;
v0000024eeb18bf90_0 .var "IN_TB", 3 0;
v0000024eeb18c030_0 .var "clk_TB", 0 0;
v0000024eeb18c0d0_0 .net "counter_TB", 3 0, v0000024eeb18d920_0;  1 drivers
v0000024eeb18c170_0 .var "dec_TB", 0 0;
v0000024eeb18c210_0 .var "latch_TB", 0 0;
v0000024eeb1d2ec0_0 .net "zero_TB", 0 0, L_0000024eeb1d3820;  1 drivers
S_0000024eeb18d650 .scope module, "DUT_DN_Counter" "Counter" 2 29, 2 2 0, S_0000024eeb18bab0;
 .timescale -9 -9;
    .port_info 0 /INPUT 4 "IN";
    .port_info 1 /INPUT 1 "latch";
    .port_info 2 /INPUT 1 "dec";
    .port_info 3 /INPUT 1 "clk";
    .port_info 4 /OUTPUT 4 "counter";
    .port_info 5 /OUTPUT 1 "zero";
v0000024eeb1a3510_0 .net "IN", 3 0, v0000024eeb18bf90_0;  1 drivers
v0000024eeb1a3140_0 .net *"_ivl_0", 31 0, L_0000024eeb1d33c0;  1 drivers
L_0000024eeb223848 .functor BUFT 1, C4<0000000000000000000000000000>, C4<0>, C4<0>, C4<0>;
v0000024eeb1a3730_0 .net *"_ivl_3", 27 0, L_0000024eeb223848;  1 drivers
L_0000024eeb223890 .functor BUFT 1, C4<00000000000000000000000000000000>, C4<0>, C4<0>, C4<0>;
v0000024eeb18d7e0_0 .net/2u *"_ivl_4", 31 0, L_0000024eeb223890;  1 drivers
v0000024eeb18d880_0 .net "clk", 0 0, v0000024eeb18c030_0;  1 drivers
v0000024eeb18d920_0 .var "counter", 3 0;
v0000024eeb18d9c0_0 .net "dec", 0 0, v0000024eeb18c170_0;  1 drivers
v0000024eeb18be50_0 .net "latch", 0 0, v0000024eeb18c210_0;  1 drivers
v0000024eeb18bef0_0 .net "zero", 0 0, L_0000024eeb1d3820;  alias, 1 drivers
E_0000024eeb1da780 .event posedge, v0000024eeb18d880_0;
L_0000024eeb1d33c0 .concat [ 4 28 0 0], v0000024eeb18d920_0, L_0000024eeb223848;
L_0000024eeb1d3820 .cmp/eq 32, L_0000024eeb1d33c0, L_0000024eeb223890;
    .scope S_0000024eeb18d650;
T_0 ;
    %wait E_0000024eeb1da780;
    %load/vec4 v0000024eeb18be50_0;
    %flag_set/vec4 8;
    %jmp/0xz  T_0.0, 8;
    %load/vec4 v0000024eeb1a3510_0;
    %assign/vec4 v0000024eeb18d920_0, 0;
    %jmp T_0.1;
T_0.0 ;
    %load/vec4 v0000024eeb18d9c0_0;
    %flag_set/vec4 9;
    %flag_get/vec4 9;
    %jmp/0 T_0.4, 9;
    %load/vec4 v0000024eeb18bef0_0;
    %nor/r;
    %and;
T_0.4;
    %flag_set/vec4 8;
    %jmp/0xz  T_0.2, 8;
    %load/vec4 v0000024eeb18d920_0;
    %subi 1, 0, 4;
    %assign/vec4 v0000024eeb18d920_0, 0;
    %jmp T_0.3;
T_0.2 ;
    %load/vec4 v0000024eeb18d920_0;
    %assign/vec4 v0000024eeb18d920_0, 0;
T_0.3 ;
T_0.1 ;
    %jmp T_0;
    .thread T_0;
    .scope S_0000024eeb18bab0;
T_1 ;
    %pushi/vec4 0, 0, 1;
    %store/vec4 v0000024eeb18c030_0, 0, 1;
T_1.0 ;
    %delay 5, 0;
    %load/vec4 v0000024eeb18c030_0;
    %inv;
    %store/vec4 v0000024eeb18c030_0, 0, 1;
    %jmp T_1.0;
    %end;
    .thread T_1;
    .scope S_0000024eeb18bab0;
T_2 ;
    %vpi_call 2 44 "$dumpfile", "Counter_TB.vcd" {0 0 0};
    %vpi_call 2 45 "$dumpvars" {0 0 0};
    %end;
    .thread T_2;
    .scope S_0000024eeb18bab0;
T_3 ;
    %vpi_call 2 48 "$monitor", "At t = %0t,Counter = %b,Zero Flag = %b", $time, v0000024eeb18c0d0_0, v0000024eeb1d2ec0_0 {0 0 0};
    %end;
    .thread T_3;
    .scope S_0000024eeb18bab0;
T_4 ;
    %delay 160, 0;
    %vpi_call 2 51 "$finish" {0 0 0};
    %end;
    .thread T_4;
    .scope S_0000024eeb18bab0;
T_5 ;
    %fork t_1, S_0000024eeb18bab0;
    %fork t_2, S_0000024eeb18bab0;
    %fork t_3, S_0000024eeb18bab0;
    %fork t_4, S_0000024eeb18bab0;
    %fork t_5, S_0000024eeb18bab0;
    %join;
    %join;
    %join;
    %join;
    %join;
    %jmp t_0;
t_1 ;
    %delay 0, 0;
    %pushi/vec4 39, 0, 6;
    %split/vec4 4;
    %store/vec4 v0000024eeb18bf90_0, 0, 4;
    %split/vec4 1;
    %store/vec4 v0000024eeb18c170_0, 0, 1;
    %store/vec4 v0000024eeb18c210_0, 0, 1;
    %end;
t_2 ;
    %delay 15, 0;
    %pushi/vec4 1, 0, 2;
    %split/vec4 1;
    %store/vec4 v0000024eeb18c170_0, 0, 1;
    %store/vec4 v0000024eeb18c210_0, 0, 1;
    %end;
t_3 ;
    %delay 30, 0;
    %pushi/vec4 0, 0, 2;
    %split/vec4 1;
    %store/vec4 v0000024eeb18c170_0, 0, 1;
    %store/vec4 v0000024eeb18c210_0, 0, 1;
    %end;
t_4 ;
    %delay 50, 0;
    %pushi/vec4 35, 0, 6;
    %split/vec4 4;
    %store/vec4 v0000024eeb18bf90_0, 0, 4;
    %split/vec4 1;
    %store/vec4 v0000024eeb18c170_0, 0, 1;
    %store/vec4 v0000024eeb18c210_0, 0, 1;
    %end;
t_5 ;
    %delay 60, 0;
    %pushi/vec4 1, 0, 2;
    %split/vec4 1;
    %store/vec4 v0000024eeb18c170_0, 0, 1;
    %store/vec4 v0000024eeb18c210_0, 0, 1;
    %end;
    .scope S_0000024eeb18bab0;
t_0 ;
    %end;
    .thread T_5;
# The file index is used to find the file name in the following table.
:file_names 3;
    "N/A";
    "<interactive>";
    "counter_tb.v";
