
                           Design Compiler Graphical 
                                 DC Ultra (TM)
                                  DFTMAX (TM)
                              Power Compiler (TM)
                                 DesignWare (R)
                                 DC Expert (TM)
                               Design Vision (TM)
                               HDL Compiler (TM)
                               VHDL Compiler (TM)
                                  DFT Compiler
                               Design Compiler(R)

               Version O-2018.06-SP1 for linux64 - Jul 19, 2018 

                    Copyright (c) 1988 - 2018 Synopsys, Inc.
   This software and the associated documentation are proprietary to Synopsys,
 Inc. This software may only be used in accordance with the terms and conditions
 of a written license agreement with Synopsys, Inc. All other use, reproduction,
            or distribution of this software is strictly prohibited.
Initializing...
Initializing gui preferences from file  /home/ICer/.synopsys_dv_prefs.tcl
########################### Define Top Module ############################
set top_module UART_TX_TOP
UART_TX_TOP
##################### Define Working Library Directory ######################
define_design_lib work -path ./work
1
########################### Formality Setup file ############################
set_svf UART_TX.svf
1
################## Design Compiler Library Files #setup ######################
lappend search_path /home/ICer/Digital-ASIC-Design-Coursework/Assignments/DFT/Ass_DFT_1.0/std_cells
. /home/synopsys/syn/O-2018.06-SP1/libraries/syn /home/synopsys/syn/O-2018.06-SP1/minpower/syn /home/synopsys/syn/O-2018.06-SP1/dw/syn_ver /home/synopsys/syn/O-2018.06-SP1/dw/sim_ver /home/ICer/Digital-ASIC-Design-Coursework/Assignments/DFT/Ass_DFT_1.0/std_cells
lappend search_path /home/ICer/Digital-ASIC-Design-Coursework/Assignments/DFT/Ass_DFT_1.0/rtl
. /home/synopsys/syn/O-2018.06-SP1/libraries/syn /home/synopsys/syn/O-2018.06-SP1/minpower/syn /home/synopsys/syn/O-2018.06-SP1/dw/syn_ver /home/synopsys/syn/O-2018.06-SP1/dw/sim_ver /home/ICer/Digital-ASIC-Design-Coursework/Assignments/DFT/Ass_DFT_1.0/std_cells /home/ICer/Digital-ASIC-Design-Coursework/Assignments/DFT/Ass_DFT_1.0/rtl
set SSLIB "scmetro_tsmc_cl013g_rvt_ss_1p08v_125c.db"
scmetro_tsmc_cl013g_rvt_ss_1p08v_125c.db
set TTLIB "scmetro_tsmc_cl013g_rvt_tt_1p2v_25c.db"
scmetro_tsmc_cl013g_rvt_tt_1p2v_25c.db
set FFLIB "scmetro_tsmc_cl013g_rvt_ff_1p32v_m40c.db"
scmetro_tsmc_cl013g_rvt_ff_1p32v_m40c.db
## Standard Cell libraries 
set target_library [list $SSLIB $TTLIB $FFLIB]
scmetro_tsmc_cl013g_rvt_ss_1p08v_125c.db scmetro_tsmc_cl013g_rvt_tt_1p2v_25c.db scmetro_tsmc_cl013g_rvt_ff_1p32v_m40c.db
## Standard Cell & Hard Macros libraries 
set link_library [list * $SSLIB $TTLIB $FFLIB]  
* scmetro_tsmc_cl013g_rvt_ss_1p08v_125c.db scmetro_tsmc_cl013g_rvt_tt_1p2v_25c.db scmetro_tsmc_cl013g_rvt_ff_1p32v_m40c.db
#echo "###############################################"
#echo "############# Reading RTL Files  ##############"
#echo "###############################################"
#UART_TX Files
read_file -format verilog {mux2X1.v Mux_4X1.v parity_Calc.v Serializer.v UART_TX_TOP.v}
Loading db file '/home/ICer/Digital-ASIC-Design-Coursework/Assignments/DFT/Ass_DFT_1.0/std_cells/scmetro_tsmc_cl013g_rvt_ss_1p08v_125c.db'
Loading db file '/home/ICer/Digital-ASIC-Design-Coursework/Assignments/DFT/Ass_DFT_1.0/std_cells/scmetro_tsmc_cl013g_rvt_tt_1p2v_25c.db'
Loading db file '/home/ICer/Digital-ASIC-Design-Coursework/Assignments/DFT/Ass_DFT_1.0/std_cells/scmetro_tsmc_cl013g_rvt_ff_1p32v_m40c.db'
Loading db file '/home/synopsys/syn/O-2018.06-SP1/libraries/syn/gtech.db'
Loading db file '/home/synopsys/syn/O-2018.06-SP1/libraries/syn/standard.sldb'
  Loading link library 'scmetro_tsmc_cl013g_rvt_ss_1p08v_125c'
  Loading link library 'scmetro_tsmc_cl013g_rvt_tt_1p2v_25c'
  Loading link library 'scmetro_tsmc_cl013g_rvt_ff_1p32v_m40c'
  Loading link library 'gtech'
Loading verilog files: '/home/ICer/Digital-ASIC-Design-Coursework/Assignments/DFT/Ass_DFT_1.0/rtl/mux2X1.v' '/home/ICer/Digital-ASIC-Design-Coursework/Assignments/DFT/Ass_DFT_1.0/rtl/Mux_4X1.v' '/home/ICer/Digital-ASIC-Design-Coursework/Assignments/DFT/Ass_DFT_1.0/rtl/parity_Calc.v' '/home/ICer/Digital-ASIC-Design-Coursework/Assignments/DFT/Ass_DFT_1.0/rtl/Serializer.v' '/home/ICer/Digital-ASIC-Design-Coursework/Assignments/DFT/Ass_DFT_1.0/rtl/UART_TX_TOP.v' 
Detecting input file type automatically (-rtl or -netlist).
Reading with Presto HDL Compiler (equivalent to -rtl option).
Running PRESTO HDLC
Compiling source file /home/ICer/Digital-ASIC-Design-Coursework/Assignments/DFT/Ass_DFT_1.0/rtl/mux2X1.v
Compiling source file /home/ICer/Digital-ASIC-Design-Coursework/Assignments/DFT/Ass_DFT_1.0/rtl/Mux_4X1.v
Compiling source file /home/ICer/Digital-ASIC-Design-Coursework/Assignments/DFT/Ass_DFT_1.0/rtl/parity_Calc.v
Compiling source file /home/ICer/Digital-ASIC-Design-Coursework/Assignments/DFT/Ass_DFT_1.0/rtl/Serializer.v
Compiling source file /home/ICer/Digital-ASIC-Design-Coursework/Assignments/DFT/Ass_DFT_1.0/rtl/UART_TX_TOP.v

Statistics for case statements in always block at line 6 in file
	'/home/ICer/Digital-ASIC-Design-Coursework/Assignments/DFT/Ass_DFT_1.0/rtl/Mux_4X1.v'
===============================================
|           Line           |  full/ parallel  |
===============================================
|            7             |    auto/auto     |
===============================================

Inferred memory devices in process
	in routine Parity_Calc line 7 in file
		'/home/ICer/Digital-ASIC-Design-Coursework/Assignments/DFT/Ass_DFT_1.0/rtl/parity_Calc.v'.
===============================================================================
|    Register Name    |   Type    | Width | Bus | MB | AR | AS | SR | SS | ST |
===============================================================================
|     parBit_reg      | Flip-flop |   1   |  N  | N  | Y  | N  | N  | N  | N  |
===============================================================================

Inferred memory devices in process
	in routine Serializer line 10 in file
		'/home/ICer/Digital-ASIC-Design-Coursework/Assignments/DFT/Ass_DFT_1.0/rtl/Serializer.v'.
===============================================================================
|    Register Name    |   Type    | Width | Bus | MB | AR | AS | SR | SS | ST |
===============================================================================
|    pDataReg_reg     | Flip-flop |   8   |  Y  | N  | Y  | N  | N  | N  | N  |
===============================================================================

Inferred memory devices in process
	in routine Serializer line 18 in file
		'/home/ICer/Digital-ASIC-Design-Coursework/Assignments/DFT/Ass_DFT_1.0/rtl/Serializer.v'.
===============================================================================
|    Register Name    |   Type    | Width | Bus | MB | AR | AS | SR | SS | ST |
===============================================================================
|     counter_reg     | Flip-flop |   4   |  Y  | N  | Y  | N  | N  | N  | N  |
===============================================================================
Statistics for MUX_OPs
======================================================
| block name/line  | Inputs | Outputs | # sel inputs |
======================================================
|  Serializer/16   |   8    |    1    |      3       |
======================================================
Presto compilation completed successfully.
Current design is now '/home/ICer/Digital-ASIC-Design-Coursework/Assignments/DFT/Ass_DFT_1.0/rtl/mux2X1.db:mux2X1'
Loaded 5 designs.
Current design is 'mux2X1'.
mux2X1 Mux_4X1 Parity_Calc Serializer UART_TX_TOP
read_file -format sverilog {UART_TX_FSM.sv}
Loading sverilog file '/home/ICer/Digital-ASIC-Design-Coursework/Assignments/DFT/Ass_DFT_1.0/rtl/UART_TX_FSM.sv'
Detecting input file type automatically (-rtl or -netlist).
Reading with Presto HDL Compiler (equivalent to -rtl option).
Running PRESTO HDLC
Compiling source file /home/ICer/Digital-ASIC-Design-Coursework/Assignments/DFT/Ass_DFT_1.0/rtl/UART_TX_FSM.sv

Statistics for case statements in always block at line 17 in file
	'/home/ICer/Digital-ASIC-Design-Coursework/Assignments/DFT/Ass_DFT_1.0/rtl/UART_TX_FSM.sv'
===============================================
|           Line           |  full/ parallel  |
===============================================
|            23            |    auto/auto     |
===============================================

Statistics for case statements in always block at line 41 in file
	'/home/ICer/Digital-ASIC-Design-Coursework/Assignments/DFT/Ass_DFT_1.0/rtl/UART_TX_FSM.sv'
===============================================
|           Line           |  full/ parallel  |
===============================================
|            43            |    auto/auto     |
===============================================

Inferred memory devices in process
	in routine UART_TX_FSM line 32 in file
		'/home/ICer/Digital-ASIC-Design-Coursework/Assignments/DFT/Ass_DFT_1.0/rtl/UART_TX_FSM.sv'.
===============================================================================
|    Register Name    |   Type    | Width | Bus | MB | AR | AS | SR | SS | ST |
===============================================================================
|  currentState_reg   | Flip-flop |   3   |  Y  | N  | Y  | N  | N  | N  | N  |
===============================================================================
Presto compilation completed successfully.
Current design is now '/home/ICer/Digital-ASIC-Design-Coursework/Assignments/DFT/Ass_DFT_1.0/rtl/UART_TX_FSM.db:UART_TX_FSM'
Loaded 1 design.
Current design is 'UART_TX_FSM'.
UART_TX_FSM
###################### Defining toplevel ###################################
current_design $top_module
Current design is 'UART_TX_TOP'.
{UART_TX_TOP}
#################### Liniking All The Design Parts #########################
puts "###############################################"
###############################################
puts "######## Liniking All The Design Parts ########"
######## Liniking All The Design Parts ########
puts "###############################################"
###############################################
link 

  Linking design 'UART_TX_TOP'
  Using the following designs and libraries:
  --------------------------------------------------------------------------
  * (6 designs)               /home/ICer/Digital-ASIC-Design-Coursework/Assignments/DFT/Ass_DFT_1.0/rtl/UART_TX_TOP.db, etc
  scmetro_tsmc_cl013g_rvt_ss_1p08v_125c (library) /home/ICer/Digital-ASIC-Design-Coursework/Assignments/DFT/Ass_DFT_1.0/std_cells/scmetro_tsmc_cl013g_rvt_ss_1p08v_125c.db
  scmetro_tsmc_cl013g_rvt_tt_1p2v_25c (library) /home/ICer/Digital-ASIC-Design-Coursework/Assignments/DFT/Ass_DFT_1.0/std_cells/scmetro_tsmc_cl013g_rvt_tt_1p2v_25c.db
  scmetro_tsmc_cl013g_rvt_ff_1p32v_m40c (library) /home/ICer/Digital-ASIC-Design-Coursework/Assignments/DFT/Ass_DFT_1.0/std_cells/scmetro_tsmc_cl013g_rvt_ff_1p32v_m40c.db

1
#################### Liniking All The Design Parts #########################
puts "###############################################"
###############################################
puts "######## checking design consistency ##########"
######## checking design consistency ##########
puts "###############################################"
###############################################
check_design
 
****************************************
check_design summary:
Version:     O-2018.06-SP1
Date:        Sun Sep  6 10:11:39 2026
****************************************

                   Name                                            Total
--------------------------------------------------------------------------------
Inputs/Outputs                                                      3
    Unconnected ports (LINT-28)                                     3

Cells                                                               3
    Cells do not drive (LINT-1)                                     1
    Connected to power or ground (LINT-32)                          2
--------------------------------------------------------------------------------

Warning: In design 'Serializer', cell 'C104' does not drive any nets. (LINT-1)
Warning: In design 'UART_TX_TOP', port 'SI' is not connected to any nets. (LINT-28)
Warning: In design 'UART_TX_TOP', port 'SE' is not connected to any nets. (LINT-28)
Warning: In design 'UART_TX_TOP', port 'SO' is not connected to any nets. (LINT-28)
Warning: In design 'UART_TX_TOP', a pin on submodule 'Mux_4X1_BLock' is connected to logic 1 or logic 0. (LINT-32)
   Pin 'A[1]' is connected to logic 1. 
Warning: In design 'UART_TX_TOP', a pin on submodule 'Mux_4X1_BLock' is connected to logic 1 or logic 0. (LINT-32)
   Pin 'A[0]' is connected to logic 0. 
1
############################### Path groups ################################
puts "###############################################"
###############################################
puts "################ Path groups ##################"
################ Path groups ##################
puts "###############################################"
###############################################
group_path -name INREG -from [all_inputs]
1
group_path -name REGOUT -to [all_outputs]
1
group_path -name INOUT -from [all_inputs] -to [all_outputs]
1
#################### Define Design Constraints #########################
puts "###############################################"
###############################################
puts "############ Design Constraints #### ##########"
############ Design Constraints #### ##########
puts "###############################################"
###############################################
source -echo ./cons.tcl
# Constraints
# ----------------------------------------------------------------------------
#
# 1. Master Clock Definitions
#
# 2. Generated Clock Definitions
#
# 3. Clock Uncertainties
#
# 4. Clock Latencies 
#
# 5. Clock Relationships
#
# 6. set input/output delay on ports
#
# 7. Driving cells
#
# 8. Output load
####################################################################################
#########################################################
#### Section 1 : Clock Definition ####
#########################################################
#################################################################################### 
# 1. Master Clock Definitions 
# 2. Generated Clock Definitions
# 3. Clock Latencies
# 4. Clock Uncertainties
# 4. Clock Transitions
####################################################################################
#################################### FUNC Clocks ###################################
set CLK_NAME CLK
set CLK_PER 1000
set CLK_SETUP_SKEW 0.025
set CLK_HOLD_SKEW 0.01
set CLK_LAT 0
set CLK_RISE 0.05
set CLK_FALL 0.05
create_clock -name $CLK_NAME -period $CLK_PER [get_ports CLK]
set_clock_uncertainty -setup $CLK_SETUP_SKEW [get_clocks $CLK_NAME]
set_clock_uncertainty -hold $CLK_HOLD_SKEW [get_clocks $CLK_NAME]
set_clock_transition -rise $CLK_RISE [get_clocks $CLK_NAME]
set_clock_transition -fall $CLK_FALL [get_clocks $CLK_NAME]
#################################### SCAN Clocks ###################################
set DFT_CLK_NAME DFTCLK
set DFT_CLK_PER 1000
set DFT_CLK_SETUP_SKEW 0.025
set DFT_CLK_HOLD_SKEW 0.01
set DFT_CLK_LAT 0
set DFT_CLK_RISE 0.05
set DFT_CLK_FALL 0.05
create_clock -name $DFT_CLK_NAME -period $DFT_CLK_PER -waveform "0 [expr $DFT_CLK_PER/2]" [get_ports scan_clk]
set_clock_uncertainty -setup $DFT_CLK_SETUP_SKEW [get_clocks $DFT_CLK_NAME]
set_clock_uncertainty -hold $CLK_HOLD_SKEW  [get_clocks $DFT_CLK_NAME]
set_clock_transition -rise $DFT_CLK_RISE  [get_clocks $DFT_CLK_NAME]
set_clock_transition -fall $DFT_CLK_FALL  [get_clocks $DFT_CLK_NAME]
set_clock_latency $DFT_CLK_LAT [get_clocks $DFT_CLK_NAME]
set_dont_touch_network {CLK RST scan_clk}
####################################################################################
#########################################################
#### Section 2 : Clocks Relationships ####
#########################################################
####################################################################################
set_clock_groups -logically_exclusive -group [get_clocks "$CLK_NAME"]                                           -group [get_clocks "$DFT_CLK_NAME"] 
####################################################################################
#########################################################
#### Section 3 : set input/output delay on ports ####
#########################################################
####################################################################################
set in_delay  [expr 0.3*$CLK_PER]
set out_delay [expr 0.3*$CLK_PER]
#Constrain Input Paths
set_input_delay $in_delay -clock $CLK_NAME [get_port SI] 
set_input_delay $in_delay -clock $CLK_NAME [get_port SE] 
set_input_delay $in_delay -clock $CLK_NAME [get_port test_mode] 
set_input_delay $in_delay -clock $CLK_NAME [get_port scan_clk] 
set_input_delay $in_delay -clock $CLK_NAME [get_port scan_rst] 
set_input_delay $in_delay -clock $CLK_NAME [get_port pData] 
set_input_delay $in_delay -clock $CLK_NAME [get_port dataValid] 
set_input_delay $in_delay -clock $CLK_NAME [get_port parEn] 
set_input_delay $in_delay -clock $CLK_NAME [get_port parTyp]
#Constrain Output Paths
set_output_delay $out_delay -clock $CLK_NAME [get_port SO] 
set_output_delay $out_delay -clock $CLK_NAME [get_port busy] 
set_output_delay $out_delay -clock $CLK_NAME [get_port txOut] 
####################################################################################
#########################################################
#### Section 4 : Driving cells ####
#########################################################
####################################################################################
set_driving_cell -library scmetro_tsmc_cl013g_rvt_ss_1p08v_125c -lib_cell BUFX2M -pin Y [get_port pData]
Warning: Design rule attributes from the driving cell will be
	set on the port. (UID-401)
Warning: Design rule attributes from the driving cell will be
	set on the port. (UID-401)
Warning: Design rule attributes from the driving cell will be
	set on the port. (UID-401)
Warning: Design rule attributes from the driving cell will be
	set on the port. (UID-401)
Warning: Design rule attributes from the driving cell will be
	set on the port. (UID-401)
Warning: Design rule attributes from the driving cell will be
	set on the port. (UID-401)
Warning: Design rule attributes from the driving cell will be
	set on the port. (UID-401)
Warning: Design rule attributes from the driving cell will be
	set on the port. (UID-401)
set_driving_cell -library scmetro_tsmc_cl013g_rvt_ss_1p08v_125c -lib_cell BUFX2M -pin Y [get_port dataValid]
Warning: Design rule attributes from the driving cell will be
	set on the port. (UID-401)
set_driving_cell -library scmetro_tsmc_cl013g_rvt_ss_1p08v_125c -lib_cell BUFX2M -pin Y [get_port parEn]
Warning: Design rule attributes from the driving cell will be
	set on the port. (UID-401)
set_driving_cell -library scmetro_tsmc_cl013g_rvt_ss_1p08v_125c -lib_cell BUFX2M -pin Y [get_port parTyp]
Warning: Design rule attributes from the driving cell will be
	set on the port. (UID-401)
set_driving_cell -library scmetro_tsmc_cl013g_rvt_ss_1p08v_125c -lib_cell BUFX2M -pin Y [get_port SI]
Warning: Design rule attributes from the driving cell will be
	set on the port. (UID-401)
set_driving_cell -library scmetro_tsmc_cl013g_rvt_ss_1p08v_125c -lib_cell BUFX2M -pin Y [get_port SE]
Warning: Design rule attributes from the driving cell will be
	set on the port. (UID-401)
set_driving_cell -library scmetro_tsmc_cl013g_rvt_ss_1p08v_125c -lib_cell BUFX2M -pin Y [get_port test_mode]
Warning: Design rule attributes from the driving cell will be
	set on the port. (UID-401)
####################################################################################
#########################################################
#### Section 5 : Output load ####
#########################################################
####################################################################################
set_load 0.1 [get_port SO] 
set_load 0.1 [get_port txOut] 
set_load 0.1 [get_port busy]  
####################################################################################
#########################################################
#### Section 6 : Operating Condition ####
#########################################################
####################################################################################
# Define the Worst Library for Max(#setup) analysis
# Define the Best Library for Min(hold) analysis
set_operating_conditions -min_library "scmetro_tsmc_cl013g_rvt_ff_1p32v_m40c" -min "scmetro_tsmc_cl013g_rvt_ff_1p32v_m40c" -max_library "scmetro_tsmc_cl013g_rvt_ss_1p08v_125c" -max "scmetro_tsmc_cl013g_rvt_ss_1p08v_125c"
Using operating conditions 'scmetro_tsmc_cl013g_rvt_ss_1p08v_125c' found in library 'scmetro_tsmc_cl013g_rvt_ss_1p08v_125c'.
Using operating conditions 'scmetro_tsmc_cl013g_rvt_ff_1p32v_m40c' found in library 'scmetro_tsmc_cl013g_rvt_ff_1p32v_m40c'.
####################################################################################
#########################################################
#### Section 7 : wireload Model ####
#########################################################
####################################################################################
####################################################################################
#########################################################
#### Section 8 : multicycle path ####
#########################################################
####################################################################################
#################### Archirecture Scan Chains #########################
puts "###############################################"
###############################################
puts "############ Configure scan chains ############"
############ Configure scan chains ############
puts "###############################################"
###############################################
set_scan_configuration -clock_mixing no_mix  -style multiplexed_flip_flop -replace true -max_length 100
Accepted scan configuration for modes: all_dft
1
###################### Mapping and optimization ########################
puts "###############################################"
###############################################
puts "########## Mapping & Optimization #############"
########## Mapping & Optimization #############
puts "###############################################"
###############################################
compile -map_effort high
Information: Evaluating DesignWare library utilization. (UISN-27)

============================================================================
| DesignWare Building Block Library  |         Version         | Available |
============================================================================
| Basic DW Building Blocks           | O-2018.06-DWBB_201806.1 |     *     |
| Licensed DW Building Blocks        |                         |           |
============================================================================


Information: There are 6 potential problems in your design. Please run 'check_design' for more information. (LINT-99)


Warning: Operating condition scmetro_tsmc_cl013g_rvt_ss_1p08v_125c set on design UART_TX_TOP has different process,
voltage and temperatures parameters than the parameters at which target library 
scmetro_tsmc_cl013g_rvt_tt_1p2v_25c is characterized. Delays may be inaccurate as a result. (OPT-998)

  Beginning Pass 1 Mapping
  ------------------------
  Processing 'Mux_4X1'
  Processing 'Parity_Calc'
  Processing 'Serializer'
  Processing 'UART_TX_FSM'
  Processing 'mux2X1_0'
  Processing 'mux2X1_1'
  Processing 'UART_TX_TOP'

  Updating timing information
Information: Updating design information... (UID-85)
Warning: Clock port 'DFTCLK' is assigned input delay relative to clock 'CLK'. (TIM-111)
Warning: Clock port 'DFTCLK' is assigned input delay relative to clock 'CLK'. (TIM-111)
Information: There are 16 clock pins driven by multiple clocks, and some of them are driven by up-to 2 clocks. (TIM-099)

  Beginning Implementation Selection
  ----------------------------------
Warning: Clock port 'DFTCLK' is assigned input delay relative to clock 'CLK'. (TIM-111)
Warning: Clock port 'DFTCLK' is assigned input delay relative to clock 'CLK'. (TIM-111)
Warning: Clock port 'DFTCLK' is assigned input delay relative to clock 'CLK'. (TIM-111)
Warning: Clock port 'DFTCLK' is assigned input delay relative to clock 'CLK'. (TIM-111)

  Beginning Mapping Optimizations  (High effort)
  -------------------------------
Loading db file '/home/ICer/Digital-ASIC-Design-Coursework/Assignments/DFT/Ass_DFT_1.0/std_cells/scmetro_tsmc_cl013g_rvt_tt_1p2v_25c.db'
Loading db file '/home/ICer/Digital-ASIC-Design-Coursework/Assignments/DFT/Ass_DFT_1.0/std_cells/scmetro_tsmc_cl013g_rvt_ff_1p32v_m40c.db'
  Mapping Optimization (Phase 1)

                                  TOTAL                                      
   ELAPSED            WORST NEG   SETUP    DESIGN                            
    TIME      AREA      SLACK     COST    RULE COST         ENDPOINT         
  --------- --------- --------- --------- --------- -------------------------
    0:00:03    1709.7      0.00       0.0       0.0                          
    0:00:03    1709.7      0.00       0.0       0.0                          
    0:00:03    1709.7      0.00       0.0       0.0                          
    0:00:03    1709.7      0.00       0.0       0.0                          
    0:00:03    1709.7      0.00       0.0       0.0                          
    0:00:03     884.9      0.00       0.0       0.0                          
    0:00:03     884.9      0.00       0.0       0.0                          
    0:00:03     884.9      0.00       0.0       0.0                          
    0:00:03     884.9      0.00       0.0       0.0                          
    0:00:03     884.9      0.00       0.0       0.0                          
    0:00:03     884.9      0.00       0.0       0.0                          
    0:00:03     884.9      0.00       0.0       0.0                          
    0:00:03     884.9      0.00       0.0       0.0                          



  Beginning Delay Optimization Phase
  ----------------------------------

                                  TOTAL                                      
   ELAPSED            WORST NEG   SETUP    DESIGN                            
    TIME      AREA      SLACK     COST    RULE COST         ENDPOINT         
  --------- --------- --------- --------- --------- -------------------------
    0:00:03     884.9      0.00       0.0       0.0                          
    0:00:03     884.9      0.00       0.0       0.0                          
    0:00:03     884.9      0.00       0.0       0.0                          


  Beginning Area-Recovery Phase  (cleanup)
  -----------------------------

                                  TOTAL                                      
   ELAPSED            WORST NEG   SETUP    DESIGN                            
    TIME      AREA      SLACK     COST    RULE COST         ENDPOINT         
  --------- --------- --------- --------- --------- -------------------------
    0:00:03     884.9      0.00       0.0       0.0                          
    0:00:03     884.9      0.00       0.0       0.0                          
    0:00:03     877.8      0.00       0.0       0.0                          
    0:00:03     877.8      0.00       0.0       0.0                          
    0:00:03     877.8      0.00       0.0       0.0                          
    0:00:03     877.8      0.00       0.0       0.0                          
    0:00:03     877.8      0.00       0.0       0.0                          
    0:00:03     877.8      0.00       0.0       0.0                          
    0:00:03     877.8      0.00       0.0       0.0                          
    0:00:03     877.8      0.00       0.0       0.0                          
    0:00:03     877.8      0.00       0.0       0.0                          
    0:00:03     877.8      0.00       0.0       0.0                          
    0:00:03     877.8      0.00       0.0       0.0                          
Loading db file '/home/ICer/Digital-ASIC-Design-Coursework/Assignments/DFT/Ass_DFT_1.0/std_cells/scmetro_tsmc_cl013g_rvt_ss_1p08v_125c.db'


Note: Symbol # after min delay cost means estimated hold TNS across all active scenarios 


  Optimization Complete
  ---------------------
1
##################### Close Formality Setup file ###########################
set_svf -off
1
################################################################### 
# Setting Test Timing Variables
################################################################### 
# Preclock Measure Protocol (default protocol)
set test_default_period 100
100
set test_default_delay 0
0
set test_default_bidir_delay 0
0
set test_default_strobe 20
20
set test_default_strobe_width 0
0
########################## Define DFT Signals ##########################
set_dft_signal -port [get_ports scan_clk] -type ScanClock -view existing_dft -timing {30 60}
Accepted dft signal specification for modes: all_dft
1
set_dft_signal -port [get_ports scan_rst] -type Reset -view existing_dft -active_state 0
Accepted dft signal specification for modes: all_dft
1
set_dft_signal -port [get_ports test_mode] -type Constant -view existing_dft -active_state 1
Accepted dft signal specification for modes: all_dft
1
set_dft_signal -port [get_ports test_mode] -type TestMode -view spec -active_state 1
Accepted dft signal specification for modes: all_dft
1
set_dft_signal -port [get_ports SE] -type ScanEnable -view spec -active_state 1 -usage scan
Accepted dft signal specification for modes: all_dft
1
set_dft_signal -port [get_ports SI] -type ScanDataIn -view spec 
Accepted dft signal specification for modes: all_dft
1
set_dft_signal -port [get_ports SO] -type ScanDataOut -view spec 
Accepted dft signal specification for modes: all_dft
1
############################# Create Test Protocol #####################
create_test_protocol
In mode: all_dft...

Information: Starting test protocol creation. (TEST-219)
  ...reading user specified clock signals...
Information: Identified system/test clock port scan_clk (30.0,60.0). (TEST-265)
  ...reading user specified asynchronous signals...
Information: Identified active low asynchronous control port scan_rst. (TEST-266)
1
###################### Pre-DFT Design Rule Checking ####################
dft_drc -verbose
In mode: all_dft...
  Pre-DFT DRC enabled
Warning: Clock port 'DFTCLK' is assigned input delay relative to clock 'CLK'. (TIM-111)
Warning: Clock port 'DFTCLK' is assigned input delay relative to clock 'CLK'. (TIM-111)
Information: There are 16 clock pins driven by multiple clocks, and some of them are driven by up-to 2 clocks. (TIM-099)

Information: Starting test design rule checking. (TEST-222)
  Loading test protocol
  ...basic checks...
  ...basic sequential cell checks...
  	...checking for scan equivalents...
  ...checking vector rules...
  ...checking pre-dft rules...

-----------------------------------------------------------------
  DRC Report

  Total violations: 0

-----------------------------------------------------------------


Test Design rule checking did not find violations

-----------------------------------------------------------------
  Sequential Cell Report

  0 out of 16 sequential cells have violations

-----------------------------------------------------------------

SEQUENTIAL CELLS WITHOUT VIOLATIONS
      *  16 cells are valid scan cells
         FSM_Block/currentState_reg[2]
         FSM_Block/currentState_reg[0]
         FSM_Block/currentState_reg[1]
         Serializer_Block/counter_reg[3]
         Serializer_Block/pDataReg_reg[7]
         Serializer_Block/pDataReg_reg[5]
         Serializer_Block/pDataReg_reg[3]
         Serializer_Block/pDataReg_reg[1]
         Serializer_Block/pDataReg_reg[6]
         Serializer_Block/pDataReg_reg[4]
         Serializer_Block/pDataReg_reg[2]
         Serializer_Block/pDataReg_reg[0]
         Serializer_Block/counter_reg[2]
         Serializer_Block/counter_reg[0]
         Serializer_Block/counter_reg[1]
         Parity_Calc_Block/parBit_reg

Information: Test design rule checking completed. (TEST-123)
1
############################# Preview DFT ##############################
preview_dft -show scan_summary
Warning: Clock port 'DFTCLK' is assigned input delay relative to clock 'CLK'. (TIM-111)
Warning: Clock port 'DFTCLK' is assigned input delay relative to clock 'CLK'. (TIM-111)
  Information: Using test design rule information from previous dft_drc run.
  Architecting Scan Chains

****************************************
Preview_dft report
For    : 'Insert_dft' command
Design : UART_TX_TOP
Version: O-2018.06-SP1
Date   : Sun Sep  6 10:11:44 2026
****************************************

Number of chains: 1
Scan methodology: full_scan
Scan style: multiplexed_flip_flop
Clock domain: no_mix

Chain      Scan Ports (si --> so)        # of Cells   Inst/Chain               Clock (port, time, edge)
-----      ----------------------        ----------   ----------               ------------------------
S 1        SI -->  SO                            16   FSM_Block/currentState_reg[0]
                            (scan_clk, 30.0, rising) 
1
############################# Insert DFT ###############################
insert_dft
Warning: Clock port 'DFTCLK' is assigned input delay relative to clock 'CLK'. (TIM-111)
Warning: Clock port 'DFTCLK' is assigned input delay relative to clock 'CLK'. (TIM-111)
  Information: Using test design rule information from previous dft_drc run.
  Architecting Scan Chains
  Inserting Scan Cells
  Routing Scan Chains
  Routing Global Signals
  Mapping New Logic
Resetting current test mode
Warning: Clock port 'DFTCLK' is assigned input delay relative to clock 'CLK'. (TIM-111)
Warning: Clock port 'DFTCLK' is assigned input delay relative to clock 'CLK'. (TIM-111)
Information: There are 16 clock pins driven by multiple clocks, and some of them are driven by up-to 2 clocks. (TIM-099)
  Beginning Mapping Optimizations
  -------------------------------

                                  TOTAL                                      
   ELAPSED            WORST NEG   SETUP    DESIGN                            
    TIME      AREA      SLACK     COST    RULE COST         ENDPOINT         
  --------- --------- --------- --------- --------- -------------------------

1
######################## Optimize Logic post DFT #######################
compile -scan -incremental
Information: Choosing a test methodology will restrict the optimization of sequential cells. (UIO-12)

Information: There are 2 potential problems in your design. Please run 'check_design' for more information. (LINT-99)


Warning: Operating condition scmetro_tsmc_cl013g_rvt_ss_1p08v_125c set on design UART_TX_TOP has different process,
voltage and temperatures parameters than the parameters at which target library 
scmetro_tsmc_cl013g_rvt_tt_1p2v_25c is characterized. Delays may be inaccurate as a result. (OPT-998)

  Beginning Pass 1 Mapping  (Incremental)
  ------------------------

  Updating timing information
Information: Updating design information... (UID-85)
Warning: Clock port 'DFTCLK' is assigned input delay relative to clock 'CLK'. (TIM-111)
Warning: Clock port 'DFTCLK' is assigned input delay relative to clock 'CLK'. (TIM-111)
Information: There are 16 clock pins driven by multiple clocks, and some of them are driven by up-to 2 clocks. (TIM-099)
Warning: Clock port 'DFTCLK' is assigned input delay relative to clock 'CLK'. (TIM-111)
Warning: Clock port 'DFTCLK' is assigned input delay relative to clock 'CLK'. (TIM-111)
Warning: Clock port 'DFTCLK' is assigned input delay relative to clock 'CLK'. (TIM-111)
Warning: Clock port 'DFTCLK' is assigned input delay relative to clock 'CLK'. (TIM-111)

  Beginning Mapping Optimizations  (Medium effort)  (Incremental)
  -------------------------------

  Beginning Incremental Implementation Selection
  ----------------------------------------------
Warning: Clock port 'DFTCLK' is assigned input delay relative to clock 'CLK'. (TIM-111)
Warning: Clock port 'DFTCLK' is assigned input delay relative to clock 'CLK'. (TIM-111)

  Beginning Delay Optimization Phase
  ----------------------------------

                                  TOTAL                                      
   ELAPSED            WORST NEG   SETUP    DESIGN                            
    TIME      AREA      SLACK     COST    RULE COST         ENDPOINT         
  --------- --------- --------- --------- --------- -------------------------
    0:00:01     990.8      0.00       0.0       0.0                          
    0:00:01     990.8      0.00       0.0       0.0                          
    0:00:02     990.8      0.00       0.0       0.0                          
    0:00:02     990.8      0.00       0.0       0.0                          
Loading db file '/home/ICer/Digital-ASIC-Design-Coursework/Assignments/DFT/Ass_DFT_1.0/std_cells/scmetro_tsmc_cl013g_rvt_tt_1p2v_25c.db'
Loading db file '/home/ICer/Digital-ASIC-Design-Coursework/Assignments/DFT/Ass_DFT_1.0/std_cells/scmetro_tsmc_cl013g_rvt_ff_1p32v_m40c.db'
Loading db file '/home/ICer/Digital-ASIC-Design-Coursework/Assignments/DFT/Ass_DFT_1.0/std_cells/scmetro_tsmc_cl013g_rvt_ss_1p08v_125c.db'


Note: Symbol # after min delay cost means estimated hold TNS across all active scenarios 


  Optimization Complete
  ---------------------
1
###################### Design Rule Checking post DFT ###################
dft_drc -verbose -coverage_estimate
In mode: Internal_scan...
  Design has scan chains in this mode
  Design is scan routed
  Post-DFT DRC enabled

Information: Starting test design rule checking. (TEST-222)
  Loading test protocol
  ...basic checks...
  ...basic sequential cell checks...
  ...checking vector rules...
  ...checking clock rules...
  ...checking scan chain rules...
  ...checking scan compression rules...
  ...checking X-state rules...
  ...checking tristate rules...
  ...extracting scan details...

-----------------------------------------------------------------
  DRC Report

  Total violations: 0

-----------------------------------------------------------------


Test Design rule checking did not find violations

-----------------------------------------------------------------
  Sequential Cell Report

  0 out of 16 sequential cells have violations

-----------------------------------------------------------------

SEQUENTIAL CELLS WITHOUT VIOLATIONS
      *  16 cells are valid scan cells
         FSM_Block/currentState_reg[2]
         FSM_Block/currentState_reg[0]
         FSM_Block/currentState_reg[1]
         Serializer_Block/counter_reg[3]
         Serializer_Block/pDataReg_reg[7]
         Serializer_Block/pDataReg_reg[5]
         Serializer_Block/pDataReg_reg[3]
         Serializer_Block/pDataReg_reg[1]
         Serializer_Block/pDataReg_reg[6]
         Serializer_Block/pDataReg_reg[4]
         Serializer_Block/pDataReg_reg[2]
         Serializer_Block/pDataReg_reg[0]
         Serializer_Block/counter_reg[2]
         Serializer_Block/counter_reg[0]
         Serializer_Block/counter_reg[1]
         Parity_Calc_Block/parBit_reg

....Inferring feed-through connections....
Information: Test design rule checking completed. (TEST-123)
  Running test coverage estimation...
 702 faults were added to fault list.
 0             458     92         0/0/0    85.33%      0.00
 0              81     10         1/0/0    97.00%      0.00
 0              10      0         1/0/0    98.43%      0.00
 
            Pattern Summary Report
 -----------------------------------------------
 #internal patterns                           0
 -----------------------------------------------
 

     Uncollapsed Stuck Fault Summary Report
 -----------------------------------------------
 fault class                     code   #faults
 ------------------------------  ----  ---------
 Detected                         DT        690
 Possibly detected                PT          0
 Undetectable                     UD          1
 ATPG untestable                  AU         11
 Not detected                     ND          0
 -----------------------------------------------
 total faults                               702
 test coverage                            98.43%
 -----------------------------------------------
  Information: The test coverage above may be inferior
               than the real test coverage with customized
               protocol and test simulation library.
1
#############################################################################
# Write out Design after initial compile
#############################################################################
#Avoid Writing assign statements in the netlist
change_name -hier -rule verilog
Warning: The specified replacement character (_) is conflicting with the specified allowed or restricted character.   (UCN-4)
1
write_file -format verilog -hierarchy -output UART_TX_dft.v
Writing verilog file '/mnt/hgfs/Digital-ASIC-Design-Coursework/Assignments/DFT/Ass_DFT_1.0/dft/UART_TX_dft.v'.
1
################# reporting #######################
report_area -hierarchy > area_dft.rpt
report_power -hierarchy > power_dft.rpt
report_timing -max_paths 100 -delay_type min > hold_dft.rpt
report_timing -max_paths 100 -delay_type max > setup_dft.rpt
report_clock -attributes > clocks_dft.rpt
report_constraint -all_violators > constraints_dft.rpt
################# starting graphical user interface #######################
#gui_start
#exitdc_shell> 