Loading db file '/home/ICer/Digital-ASIC-Design-Coursework/Assignments/DFT/Ass_DFT_1.0/std_cells/scmetro_tsmc_cl013g_rvt_ss_1p08v_125c.db'
Information: Propagating switching activity (low effort zero delay simulation). (PWR-6)
Warning: Design has unannotated primary inputs. (PWR-414)
Warning: Design has unannotated sequential cell outputs. (PWR-415)
 
****************************************
Report : power
        -hier
        -analysis_effort low
Design : UART_TX_TOP
Version: O-2018.06-SP1
Date   : Sun Sep  6 08:40:31 2026
****************************************


Library(s) Used:

    scmetro_tsmc_cl013g_rvt_ss_1p08v_125c (File: /home/ICer/Digital-ASIC-Design-Coursework/Assignments/DFT/Ass_DFT_1.0/std_cells/scmetro_tsmc_cl013g_rvt_ss_1p08v_125c.db)


Operating Conditions: scmetro_tsmc_cl013g_rvt_ss_1p08v_125c   Library: scmetro_tsmc_cl013g_rvt_ss_1p08v_125c
Wire Load Model Mode: top


Global Operating Voltage = 1.08 
Power-specific unit information :
    Voltage Units = 1V
    Capacitance Units = 1.000000pf
    Time Units = 1ns
    Dynamic Power Units = 1mW    (derived from V,C,T units)
    Leakage Power Units = 1pW


--------------------------------------------------------------------------------
                                       Switch   Int      Leak     Total
Hierarchy                              Power    Power    Power    Power    %
--------------------------------------------------------------------------------
UART_TX_TOP                            8.93e-05 3.82e-04 5.37e+05 1.01e-03 100.0
  Mux_4X1_BLock (Mux_4X1)              1.14e-05 3.56e-06 2.56e+04 4.05e-05   4.0
  Parity_Calc_Block (Parity_Calc_test_1)
                                       3.59e-06 3.93e-05 1.05e+05 1.47e-04  14.6
  Serializer_Block (Serializer_test_1) 1.71e-05 2.50e-04 2.84e+05 5.50e-04  54.6
  FSM_Block (UART_TX_FSM_test_1)       1.58e-05 6.88e-05 9.80e+04 1.83e-04  18.1
  mux2X1_RST_SCAN (mux2X1_0)           6.90e-06 1.47e-06 1.26e+04 2.09e-05   2.1
  mux2X1_CLK_SCAN (mux2X1_1)           3.46e-05 1.89e-05 1.26e+04 6.60e-05   6.5
1
