Loading db file '/home/ICer/Digital-ASIC-Design-Coursework/Assignments/Synthesis/Ass_Syn_3.0/std_cells/scmetro_tsmc_cl013g_rvt_ss_1p08v_125c.db'
Information: Propagating switching activity (low effort zero delay simulation). (PWR-6)
Warning: Design has unannotated primary inputs. (PWR-414)
Warning: Design has unannotated sequential cell outputs. (PWR-415)
 
****************************************
Report : power
        -hier
        -analysis_effort low
Design : alu8_top
Version: O-2018.06-SP1
Date   : Thu Sep 10 13:06:09 2026
****************************************


Library(s) Used:

    scmetro_tsmc_cl013g_rvt_ss_1p08v_125c (File: /home/ICer/Digital-ASIC-Design-Coursework/Assignments/Synthesis/Ass_Syn_3.0/std_cells/scmetro_tsmc_cl013g_rvt_ss_1p08v_125c.db)


Operating Conditions: scmetro_tsmc_cl013g_rvt_ss_1p08v_125c   Library: scmetro_tsmc_cl013g_rvt_ss_1p08v_125c
Wire Load Model Mode: top

Design        Wire Load Model            Library
------------------------------------------------
alu8_top               tsmc13_wl30       scmetro_tsmc_cl013g_rvt_ss_1p08v_125c


Global Operating Voltage = 1.08 
Power-specific unit information :
    Voltage Units = 1V
    Capacitance Units = 1.000000pf
    Time Units = 1ns
    Dynamic Power Units = 1mW    (derived from V,C,T units)
    Leakage Power Units = 1pW


--------------------------------------------------------------------------------
                                       Switch   Int      Leak     Total
Hierarchy                              Power    Power    Power    Power    %
--------------------------------------------------------------------------------
alu8_top                                  0.732    0.631 1.39e+07    1.377 100.0
  u_mul (mult_unit)                       0.575    0.538 1.24e+07    1.126  81.7
    add_0_root_add_0_root_add_135 (mult_unit_DW01_add_19)
                                          0.105 5.35e-02 1.86e+06    0.160  11.6
    add_0_root_add_0_root_add_131 (mult_unit_DW01_add_18)
                                       5.83e-02 2.42e-02 1.10e+06 8.36e-02   6.1
  u_add (add_unit)                     4.34e-02 8.35e-02 1.10e+06    0.128   9.3
    add_34 (add_unit_DW01_add_0)       2.16e-02 3.05e-02 8.20e+05 5.29e-02   3.8
1
